-- Found ament_cmake: 1.3.14 (/opt/ros/humble/share/ament_cmake/cmake)
-- Found hardware_interface: 2.54.0 (/opt/ros/humble/share/hardware_interface/cmake)
-- Found rosidl_generator_c: 3.1.8 (/opt/ros/humble/share/rosidl_generator_c/cmake)
-- Found rosidl_adapter: 3.1.8 (/opt/ros/humble/share/rosidl_adapter/cmake)
-- Found rosidl_generator_cpp: 3.1.8 (/opt/ros/humble/share/rosidl_generator_cpp/cmake)
-- Using all available rosidl_typesupport_c: rosidl_typesupport_fastrtps_c;rosidl_typesupport_introspection_c
-- Using all available rosidl_typesupport_cpp: rosidl_typesupport_fastrtps_cpp;rosidl_typesupport_introspection_cpp
-- Found rmw_implementation_cmake: 6.1.2 (/opt/ros/humble/share/rmw_implementation_cmake/cmake)
-- Found rmw_cyclonedds_cpp: 1.3.4 (/opt/ros/humble/share/rmw_cyclonedds_cpp/cmake)
-- Using RMW implementation 'rmw_cyclonedds_cpp' as default
-- Looking for pthread.h
-- Looking for pthread.h - found
-- Performing Test CMAKE_HAVE_LIBC_PTHREAD
-- Performing Test CMAKE_HAVE_LIBC_PTHREAD - Success
-- Found Threads: TRUE  
-- Found ament_lint_auto: 0.12.15 (/opt/ros/humble/share/ament_lint_auto/cmake)
-- Added test 'cppcheck' to perform static code analysis on C / C++ code
-- Configured cppcheck include dirs: $<BUILD_INTERFACE:/home/dualarm/hiwin_ws/src/hiwin/hiwin_ros2/hiwin_driver/include>
-- Configured cppcheck exclude dirs and/or files: 
-- Added test 'flake8' to check Python code syntax and style conventions
-- Added test 'lint_cmake' to check CMake code style
-- Added test 'pep257' to check Python code against some of the docstring style conventions in PEP 257
-- Added test 'uncrustify' to check C / C++ code style
-- Configured uncrustify additional arguments: 
-- Added test 'xmllint' to check XML markup files
-- Configuring done
-- Generating done
-- Build files have been written to: /home/dualarm/hiwin_ws/build/hiwin_driver
[ 83%] [32mBuilding CXX object CMakeFiles/hiwin_driver_plugin.dir/src/serial_io_protocol.cpp.o[0m
[ 83%] [32mBuilding CXX object CMakeFiles/hiwin_driver_plugin.dir/src/serial_io_handler.cpp.o[0m
[ 83%] [32mBuilding CXX object CMakeFiles/hiwin_driver_plugin.dir/src/gpio_interface.cpp.o[0m
[ 83%] [32mBuilding CXX object CMakeFiles/hiwin_driver_plugin.dir/src/hardware_interface.cpp.o[0m
[ 83%] [32mBuilding CXX object CMakeFiles/hiwin_driver_plugin.dir/src/smbus_gpio_handler.cpp.o[0m
[100%] [32m[1mLinking CXX shared library libhiwin_driver_plugin.so[0m
[100%] Built target hiwin_driver_plugin
-- Install configuration: "Release"
-- Installing: /home/dualarm/hiwin_ws/install/hiwin_driver/share/hiwin_driver/hardware_interface_plugin.xml
-- Installing: /home/dualarm/hiwin_ws/install/hiwin_driver/lib/libhiwin_driver_plugin.so
-- Set runtime path of "/home/dualarm/hiwin_ws/install/hiwin_driver/lib/libhiwin_driver_plugin.so" to ""
-- Installing: /home/dualarm/hiwin_ws/install/hiwin_driver/share/hiwin_driver/config
-- Installing: /home/dualarm/hiwin_ws/install/hiwin_driver/share/hiwin_driver/config/rs4_controllers.yaml
-- Installing: /home/dualarm/hiwin_ws/install/hiwin_driver/share/hiwin_driver/config/gpio_controller.yaml
-- Installing: /home/dualarm/hiwin_ws/install/hiwin_driver/share/hiwin_driver/config/ra605_710
-- Installing: /home/dualarm/hiwin_ws/install/hiwin_driver/share/hiwin_driver/config/ra605_710/joint_3_config_kinco.yaml
-- Installing: /home/dualarm/hiwin_ws/install/hiwin_driver/share/hiwin_driver/config/ra605_710/joint_2_config_kinco.yaml
-- Installing: /home/dualarm/hiwin_ws/install/hiwin_driver/share/hiwin_driver/config/ra605_710/joint_1_config_hiwin.yaml
-- Installing: /home/dualarm/hiwin_ws/install/hiwin_driver/share/hiwin_driver/config/ra605_710/joint_1_config.yaml
-- Installing: /home/dualarm/hiwin_ws/install/hiwin_driver/share/hiwin_driver/config/ra605_710/joint_2_config.yaml
-- Installing: /home/dualarm/hiwin_ws/install/hiwin_driver/share/hiwin_driver/config/ra605_710/joint_6_config.yaml
-- Installing: /home/dualarm/hiwin_ws/install/hiwin_driver/share/hiwin_driver/config/ra605_710/joint_3_config.yaml
-- Installing: /home/dualarm/hiwin_ws/install/hiwin_driver/share/hiwin_driver/config/ra605_710/joint_4_config.yaml
-- Installing: /home/dualarm/hiwin_ws/install/hiwin_driver/share/hiwin_driver/config/ra605_710/joint_5_config.yaml
-- Installing: /home/dualarm/hiwin_ws/install/hiwin_driver/share/hiwin_driver/config/ra6_controllers.yaml
-- Installing: /home/dualarm/hiwin_ws/install/hiwin_driver/share/hiwin_driver/config/rs405_400_200
-- Installing: /home/dualarm/hiwin_ws/install/hiwin_driver/share/hiwin_driver/config/rs405_400_200/joint_1_config.yaml
-- Installing: /home/dualarm/hiwin_ws/install/hiwin_driver/share/hiwin_driver/config/rs405_400_200/joint_2_config.yaml
-- Installing: /home/dualarm/hiwin_ws/install/hiwin_driver/share/hiwin_driver/config/rs405_400_200/joint_3_config.yaml
-- Installing: /home/dualarm/hiwin_ws/install/hiwin_driver/share/hiwin_driver/config/rs405_400_200/joint_4_config.yaml
-- Installing: /home/dualarm/hiwin_ws/install/hiwin_driver/share/hiwin_driver/config/ra610_1476
-- Installing: /home/dualarm/hiwin_ws/install/hiwin_driver/share/hiwin_driver/config/ra610_1476/joint_1_config.yaml
-- Installing: /home/dualarm/hiwin_ws/install/hiwin_driver/share/hiwin_driver/config/ra610_1476/joint_2_config.yaml
-- Installing: /home/dualarm/hiwin_ws/install/hiwin_driver/share/hiwin_driver/config/ra610_1476/joint_6_config.yaml
-- Installing: /home/dualarm/hiwin_ws/install/hiwin_driver/share/hiwin_driver/config/ra610_1476/joint_3_config.yaml
-- Installing: /home/dualarm/hiwin_ws/install/hiwin_driver/share/hiwin_driver/config/ra610_1476/joint_4_config.yaml
-- Installing: /home/dualarm/hiwin_ws/install/hiwin_driver/share/hiwin_driver/config/ra610_1476/joint_5_config.yaml
-- Installing: /home/dualarm/hiwin_ws/install/hiwin_driver/share/hiwin_driver/launch
-- Installing: /home/dualarm/hiwin_ws/install/hiwin_driver/share/hiwin_driver/launch/ra6_control.launch.py
-- Installing: /home/dualarm/hiwin_ws/install/hiwin_driver/share/hiwin_driver/launch/rs4_control.launch.py
-- Installing: /home/dualarm/hiwin_ws/install/hiwin_driver/share/ament_index/resource_index/package_run_dependencies/hiwin_driver
-- Installing: /home/dualarm/hiwin_ws/install/hiwin_driver/share/ament_index/resource_index/parent_prefix_path/hiwin_driver
-- Installing: /home/dualarm/hiwin_ws/install/hiwin_driver/share/hiwin_driver/environment/ament_prefix_path.sh
-- Installing: /home/dualarm/hiwin_ws/install/hiwin_driver/share/hiwin_driver/environment/ament_prefix_path.dsv
-- Installing: /home/dualarm/hiwin_ws/install/hiwin_driver/share/hiwin_driver/environment/path.sh
-- Installing: /home/dualarm/hiwin_ws/install/hiwin_driver/share/hiwin_driver/environment/path.dsv
-- Installing: /home/dualarm/hiwin_ws/install/hiwin_driver/share/hiwin_driver/local_setup.bash
-- Installing: /home/dualarm/hiwin_ws/install/hiwin_driver/share/hiwin_driver/local_setup.sh
-- Installing: /home/dualarm/hiwin_ws/install/hiwin_driver/share/hiwin_driver/local_setup.zsh
-- Installing: /home/dualarm/hiwin_ws/install/hiwin_driver/share/hiwin_driver/local_setup.dsv
-- Installing: /home/dualarm/hiwin_ws/install/hiwin_driver/share/hiwin_driver/package.dsv
-- Installing: /home/dualarm/hiwin_ws/install/hiwin_driver/share/ament_index/resource_index/packages/hiwin_driver
-- Installing: /home/dualarm/hiwin_ws/install/hiwin_driver/share/ament_index/resource_index/hardware_interface__pluginlib__plugin/hiwin_driver
-- Installing: /home/dualarm/hiwin_ws/install/hiwin_driver/share/hiwin_driver/cmake/hiwin_driverConfig.cmake
-- Installing: /home/dualarm/hiwin_ws/install/hiwin_driver/share/hiwin_driver/cmake/hiwin_driverConfig-version.cmake
-- Installing: /home/dualarm/hiwin_ws/install/hiwin_driver/share/hiwin_driver/package.xml
