-- The C compiler identification is GNU 11.4.0
-- The CXX compiler identification is GNU 11.4.0
-- Detecting C compiler ABI info
-- Detecting C compiler ABI info - done
-- Check for working C compiler: /usr/bin/cc - skipped
-- Detecting C compile features
-- Detecting C compile features - done
-- Detecting CXX compiler ABI info
-- Detecting CXX compiler ABI info - done
-- Check for working CXX compiler: /usr/bin/c++ - skipped
-- Detecting CXX compile features
-- Detecting CXX compile features - done
-- Found geometry_msgs: 4.9.1 (/opt/ros/humble/share/geometry_msgs/cmake)
-- Found Python3: /usr/bin/python3 (found version "3.10.12") found components: Interpreter 
-- Found rosidl_generator_c: 3.1.8 (/opt/ros/humble/share/rosidl_generator_c/cmake)
-- Found rosidl_adapter: 3.1.8 (/opt/ros/humble/share/rosidl_adapter/cmake)
-- Found rosidl_generator_cpp: 3.1.8 (/opt/ros/humble/share/rosidl_generator_cpp/cmake)
-- Using all available rosidl_typesupport_c: rosidl_typesupport_fastrtps_c;rosidl_typesupport_introspection_c
-- Using all available rosidl_typesupport_cpp: rosidl_typesupport_fastrtps_cpp;rosidl_typesupport_introspection_cpp
-- Found rosidl_default_generators: 1.2.1 (/opt/ros/humble/share/rosidl_default_generators/cmake)
-- Found ament_cmake_ros: 0.10.0 (/opt/ros/humble/share/ament_cmake_ros/cmake)
-- Using all available rosidl_typesupport_c: rosidl_typesupport_fastrtps_c;rosidl_typesupport_introspection_c
-- Using all available rosidl_typesupport_cpp: rosidl_typesupport_fastrtps_cpp;rosidl_typesupport_introspection_cpp
-- Found PythonInterp: /usr/bin/python3 (found suitable version "3.10.12", minimum required is "3.6") 
-- Found python_cmake_module: 0.10.0 (/opt/ros/humble/share/python_cmake_module/cmake)
-- Found PythonLibs: /usr/lib/x86_64-linux-gnu/libpython3.10.so (found suitable version "3.10.12", minimum required is "3.5") 
-- Using PYTHON_EXECUTABLE: /usr/bin/python3
-- Using PYTHON_INCLUDE_DIRS: /usr/include/python3.10
-- Using PYTHON_LIBRARIES: /usr/lib/x86_64-linux-gnu/libpython3.10.so
-- Found PythonExtra: .so  
-- Configuring done
-- Generating done
-- Build files have been written to: /home/dualarm/hiwin_ws/build/hiwin_msgs
[  1%] [34m[1mGenerating C code for ROS interfaces[0m
[  5%] [34m[1mGenerating C++ code for ROS interfaces[0m
[  5%] [34m[1mGenerating Rust code for ROS interfaces[0m
[  5%] Built target ament_cmake_python_copy_hiwin_msgs
running egg_info
creating hiwin_msgs.egg-info
writing hiwin_msgs.egg-info/PKG-INFO
writing dependency_links to hiwin_msgs.egg-info/dependency_links.txt
writing top-level names to hiwin_msgs.egg-info/top_level.txt
writing manifest file 'hiwin_msgs.egg-info/SOURCES.txt'
reading manifest file 'hiwin_msgs.egg-info/SOURCES.txt'
writing manifest file 'hiwin_msgs.egg-info/SOURCES.txt'
[  5%] Built target ament_cmake_python_build_hiwin_msgs_egg
[  5%] Built target hiwin_msgs__rs
[ 12%] [32mBuilding C object CMakeFiles/hiwin_msgs__rosidl_generator_c.dir/rosidl_generator_c/hiwin_msgs/msg/detail/system_io_states__functions.c.o[0m
[ 12%] [32mBuilding C object CMakeFiles/hiwin_msgs__rosidl_generator_c.dir/rosidl_generator_c/hiwin_msgs/msg/detail/digital_io_states__functions.c.o[0m
[ 12%] [32mBuilding C object CMakeFiles/hiwin_msgs__rosidl_generator_c.dir/rosidl_generator_c/hiwin_msgs/srv/detail/set_io__functions.c.o[0m
[ 12%] [32mBuilding C object CMakeFiles/hiwin_msgs__rosidl_generator_c.dir/rosidl_generator_c/hiwin_msgs/srv/detail/reset_joint_fault__functions.c.o[0m
[ 12%] Built target hiwin_msgs__cpp
[ 17%] [34m[1mGenerating C++ type support dispatch for ROS interfaces[0m
[ 17%] [34m[1mGenerating C++ introspection for ROS interfaces[0m
[ 17%] [34m[1mGenerating C++ type support for eProsima Fast-RTPS[0m
[ 19%] [32m[1mLinking C shared library libhiwin_msgs__rosidl_generator_c.so[0m
[ 19%] Built target hiwin_msgs__rosidl_generator_c
[ 25%] [34m[1mGenerating C type support for eProsima Fast-RTPS[0m
[ 25%] [34m[1mGenerating C type support dispatch for ROS interfaces[0m
[ 25%] [34m[1mGenerating C introspection for ROS interfaces[0m
[ 26%] [32mBuilding CXX object CMakeFiles/hiwin_msgs__rosidl_typesupport_cpp.dir/rosidl_typesupport_cpp/hiwin_msgs/msg/system_io_states__type_support.cpp.o[0m
[ 28%] [32mBuilding CXX object CMakeFiles/hiwin_msgs__rosidl_typesupport_cpp.dir/rosidl_typesupport_cpp/hiwin_msgs/msg/digital_io_states__type_support.cpp.o[0m
[ 30%] [32mBuilding CXX object CMakeFiles/hiwin_msgs__rosidl_typesupport_cpp.dir/rosidl_typesupport_cpp/hiwin_msgs/srv/reset_joint_fault__type_support.cpp.o[0m
[ 32%] [32mBuilding CXX object CMakeFiles/hiwin_msgs__rosidl_typesupport_cpp.dir/rosidl_typesupport_cpp/hiwin_msgs/srv/set_io__type_support.cpp.o[0m
[ 39%] [32mBuilding CXX object CMakeFiles/hiwin_msgs__rosidl_typesupport_introspection_cpp.dir/rosidl_typesupport_introspection_cpp/hiwin_msgs/srv/detail/reset_joint_fault__type_support.cpp.o[0m
[ 39%] [32mBuilding CXX object CMakeFiles/hiwin_msgs__rosidl_typesupport_introspection_cpp.dir/rosidl_typesupport_introspection_cpp/hiwin_msgs/msg/detail/digital_io_states__type_support.cpp.o[0m
[ 39%] [32mBuilding CXX object CMakeFiles/hiwin_msgs__rosidl_typesupport_introspection_cpp.dir/rosidl_typesupport_introspection_cpp/hiwin_msgs/msg/detail/system_io_states__type_support.cpp.o[0m
[ 39%] [32mBuilding CXX object CMakeFiles/hiwin_msgs__rosidl_typesupport_introspection_cpp.dir/rosidl_typesupport_introspection_cpp/hiwin_msgs/srv/detail/set_io__type_support.cpp.o[0m
[ 46%] [32mBuilding CXX object CMakeFiles/hiwin_msgs__rosidl_typesupport_fastrtps_cpp.dir/rosidl_typesupport_fastrtps_cpp/hiwin_msgs/msg/detail/dds_fastrtps/system_io_states__type_support.cpp.o[0m
[ 46%] [32mBuilding CXX object CMakeFiles/hiwin_msgs__rosidl_typesupport_fastrtps_cpp.dir/rosidl_typesupport_fastrtps_cpp/hiwin_msgs/srv/detail/dds_fastrtps/reset_joint_fault__type_support.cpp.o[0m
[ 46%] [32mBuilding CXX object CMakeFiles/hiwin_msgs__rosidl_typesupport_fastrtps_cpp.dir/rosidl_typesupport_fastrtps_cpp/hiwin_msgs/msg/detail/dds_fastrtps/digital_io_states__type_support.cpp.o[0m
[ 46%] [32mBuilding CXX object CMakeFiles/hiwin_msgs__rosidl_typesupport_fastrtps_cpp.dir/rosidl_typesupport_fastrtps_cpp/hiwin_msgs/srv/detail/dds_fastrtps/set_io__type_support.cpp.o[0m
[ 48%] [32mBuilding CXX object CMakeFiles/hiwin_msgs__rosidl_typesupport_c.dir/rosidl_typesupport_c/hiwin_msgs/msg/system_io_states__type_support.cpp.o[0m
[ 50%] [32mBuilding CXX object CMakeFiles/hiwin_msgs__rosidl_typesupport_c.dir/rosidl_typesupport_c/hiwin_msgs/msg/digital_io_states__type_support.cpp.o[0m
[ 51%] [32mBuilding CXX object CMakeFiles/hiwin_msgs__rosidl_typesupport_c.dir/rosidl_typesupport_c/hiwin_msgs/srv/set_io__type_support.cpp.o[0m
[ 53%] [32mBuilding CXX object CMakeFiles/hiwin_msgs__rosidl_typesupport_c.dir/rosidl_typesupport_c/hiwin_msgs/srv/reset_joint_fault__type_support.cpp.o[0m
[ 55%] [32m[1mLinking CXX shared library libhiwin_msgs__rosidl_typesupport_c.so[0m
[ 58%] [32mBuilding C object CMakeFiles/hiwin_msgs__rosidl_typesupport_introspection_c.dir/rosidl_typesupport_introspection_c/hiwin_msgs/msg/detail/digital_io_states__type_support.c.o[0m
[ 58%] [32mBuilding C object CMakeFiles/hiwin_msgs__rosidl_typesupport_introspection_c.dir/rosidl_typesupport_introspection_c/hiwin_msgs/msg/detail/system_io_states__type_support.c.o[0m
[ 60%] [32mBuilding C object CMakeFiles/hiwin_msgs__rosidl_typesupport_introspection_c.dir/rosidl_typesupport_introspection_c/hiwin_msgs/srv/detail/set_io__type_support.c.o[0m
[ 62%] [32mBuilding C object CMakeFiles/hiwin_msgs__rosidl_typesupport_introspection_c.dir/rosidl_typesupport_introspection_c/hiwin_msgs/srv/detail/reset_joint_fault__type_support.c.o[0m
[ 67%] [32mBuilding CXX object CMakeFiles/hiwin_msgs__rosidl_typesupport_fastrtps_c.dir/rosidl_typesupport_fastrtps_c/hiwin_msgs/msg/detail/digital_io_states__type_support_c.cpp.o[0m
[ 66%] [32m[1mLinking CXX shared library libhiwin_msgs__rosidl_typesupport_cpp.so[0m
[ 66%] [32mBuilding CXX object CMakeFiles/hiwin_msgs__rosidl_typesupport_fastrtps_c.dir/rosidl_typesupport_fastrtps_c/hiwin_msgs/msg/detail/system_io_states__type_support_c.cpp.o[0m
[ 67%] Built target hiwin_msgs__rosidl_typesupport_c
[ 69%] [32mBuilding CXX object CMakeFiles/hiwin_msgs__rosidl_typesupport_fastrtps_c.dir/rosidl_typesupport_fastrtps_c/hiwin_msgs/srv/detail/set_io__type_support_c.cpp.o[0m
[ 71%] [32mBuilding CXX object CMakeFiles/hiwin_msgs__rosidl_typesupport_fastrtps_c.dir/rosidl_typesupport_fastrtps_c/hiwin_msgs/srv/detail/reset_joint_fault__type_support_c.cpp.o[0m
[ 73%] [32m[1mLinking C shared library libhiwin_msgs__rosidl_typesupport_introspection_c.so[0m
[ 73%] Built target hiwin_msgs__rosidl_typesupport_cpp
[ 73%] Built target hiwin_msgs__rosidl_typesupport_introspection_c
[ 75%] [32m[1mLinking CXX shared library libhiwin_msgs__rosidl_typesupport_fastrtps_cpp.so[0m
[ 76%] [32m[1mLinking CXX shared library libhiwin_msgs__rosidl_typesupport_introspection_cpp.so[0m
[ 76%] Built target hiwin_msgs__rosidl_typesupport_fastrtps_cpp
[ 76%] Built target hiwin_msgs__rosidl_typesupport_introspection_cpp
[ 78%] [32m[1mLinking CXX shared library libhiwin_msgs__rosidl_typesupport_fastrtps_c.so[0m
[ 78%] Built target hiwin_msgs__rosidl_typesupport_fastrtps_c
[ 78%] Built target hiwin_msgs
[ 80%] [34m[1mGenerating Python code for ROS interfaces[0m
[ 80%] Built target hiwin_msgs__py
[ 85%] [32mBuilding C object CMakeFiles/hiwin_msgs__rosidl_generator_py.dir/rosidl_generator_py/hiwin_msgs/srv/_set_io_s.c.o[0m
[ 85%] [32mBuilding C object CMakeFiles/hiwin_msgs__rosidl_generator_py.dir/rosidl_generator_py/hiwin_msgs/msg/_system_io_states_s.c.o[0m
[ 85%] [32mBuilding C object CMakeFiles/hiwin_msgs__rosidl_generator_py.dir/rosidl_generator_py/hiwin_msgs/msg/_digital_io_states_s.c.o[0m
[ 87%] [32mBuilding C object CMakeFiles/hiwin_msgs__rosidl_generator_py.dir/rosidl_generator_py/hiwin_msgs/srv/_reset_joint_fault_s.c.o[0m
[ 89%] [32m[1mLinking C shared library rosidl_generator_py/hiwin_msgs/libhiwin_msgs__rosidl_generator_py.so[0m
[ 89%] Built target hiwin_msgs__rosidl_generator_py
[ 94%] [32mBuilding C object CMakeFiles/hiwin_msgs__rosidl_typesupport_fastrtps_c__pyext.dir/rosidl_generator_py/hiwin_msgs/_hiwin_msgs_s.ep.rosidl_typesupport_fastrtps_c.c.o[0m
[ 94%] [32mBuilding C object CMakeFiles/hiwin_msgs__rosidl_typesupport_c__pyext.dir/rosidl_generator_py/hiwin_msgs/_hiwin_msgs_s.ep.rosidl_typesupport_c.c.o[0m
[ 94%] [32mBuilding C object CMakeFiles/hiwin_msgs__rosidl_typesupport_introspection_c__pyext.dir/rosidl_generator_py/hiwin_msgs/_hiwin_msgs_s.ep.rosidl_typesupport_introspection_c.c.o[0m
[ 96%] [32m[1mLinking C shared library rosidl_generator_py/hiwin_msgs/hiwin_msgs_s__rosidl_typesupport_introspection_c.cpython-310-x86_64-linux-gnu.so[0m
[ 98%] [32m[1mLinking C shared library rosidl_generator_py/hiwin_msgs/hiwin_msgs_s__rosidl_typesupport_c.cpython-310-x86_64-linux-gnu.so[0m
[100%] [32m[1mLinking C shared library rosidl_generator_py/hiwin_msgs/hiwin_msgs_s__rosidl_typesupport_fastrtps_c.cpython-310-x86_64-linux-gnu.so[0m
[100%] Built target hiwin_msgs__rosidl_typesupport_introspection_c__pyext
[100%] Built target hiwin_msgs__rosidl_typesupport_c__pyext
[100%] Built target hiwin_msgs__rosidl_typesupport_fastrtps_c__pyext
-- Install configuration: "Release"
-- Installing: /home/dualarm/hiwin_ws/install/hiwin_msgs/share/ament_index/resource_index/rosidl_interfaces/hiwin_msgs
-- Installing: /home/dualarm/hiwin_ws/install/hiwin_msgs/include/hiwin_msgs/hiwin_msgs
-- Installing: /home/dualarm/hiwin_ws/install/hiwin_msgs/include/hiwin_msgs/hiwin_msgs/srv
-- Installing: /home/dualarm/hiwin_ws/install/hiwin_msgs/include/hiwin_msgs/hiwin_msgs/srv/reset_joint_fault.h
-- Installing: /home/dualarm/hiwin_ws/install/hiwin_msgs/include/hiwin_msgs/hiwin_msgs/srv/detail
-- Installing: /home/dualarm/hiwin_ws/install/hiwin_msgs/include/hiwin_msgs/hiwin_msgs/srv/detail/set_io__struct.h
-- Installing: /home/dualarm/hiwin_ws/install/hiwin_msgs/include/hiwin_msgs/hiwin_msgs/srv/detail/set_io__functions.c
-- Installing: /home/dualarm/hiwin_ws/install/hiwin_msgs/include/hiwin_msgs/hiwin_msgs/srv/detail/reset_joint_fault__struct.h
-- Installing: /home/dualarm/hiwin_ws/install/hiwin_msgs/include/hiwin_msgs/hiwin_msgs/srv/detail/set_io__type_support.h
-- Installing: /home/dualarm/hiwin_ws/install/hiwin_msgs/include/hiwin_msgs/hiwin_msgs/srv/detail/reset_joint_fault__type_support.h
-- Installing: /home/dualarm/hiwin_ws/install/hiwin_msgs/include/hiwin_msgs/hiwin_msgs/srv/detail/set_io__functions.h
-- Installing: /home/dualarm/hiwin_ws/install/hiwin_msgs/include/hiwin_msgs/hiwin_msgs/srv/detail/reset_joint_fault__functions.h
-- Installing: /home/dualarm/hiwin_ws/install/hiwin_msgs/include/hiwin_msgs/hiwin_msgs/srv/detail/reset_joint_fault__functions.c
-- Installing: /home/dualarm/hiwin_ws/install/hiwin_msgs/include/hiwin_msgs/hiwin_msgs/srv/set_io.h
-- Installing: /home/dualarm/hiwin_ws/install/hiwin_msgs/include/hiwin_msgs/hiwin_msgs/msg
-- Installing: /home/dualarm/hiwin_ws/install/hiwin_msgs/include/hiwin_msgs/hiwin_msgs/msg/digital_io_states.h
-- Installing: /home/dualarm/hiwin_ws/install/hiwin_msgs/include/hiwin_msgs/hiwin_msgs/msg/detail
-- Installing: /home/dualarm/hiwin_ws/install/hiwin_msgs/include/hiwin_msgs/hiwin_msgs/msg/detail/digital_io_states__functions.h
-- Installing: /home/dualarm/hiwin_ws/install/hiwin_msgs/include/hiwin_msgs/hiwin_msgs/msg/detail/system_io_states__type_support.h
-- Installing: /home/dualarm/hiwin_ws/install/hiwin_msgs/include/hiwin_msgs/hiwin_msgs/msg/detail/system_io_states__struct.h
-- Installing: /home/dualarm/hiwin_ws/install/hiwin_msgs/include/hiwin_msgs/hiwin_msgs/msg/detail/digital_io_states__struct.h
-- Installing: /home/dualarm/hiwin_ws/install/hiwin_msgs/include/hiwin_msgs/hiwin_msgs/msg/detail/digital_io_states__functions.c
-- Installing: /home/dualarm/hiwin_ws/install/hiwin_msgs/include/hiwin_msgs/hiwin_msgs/msg/detail/system_io_states__functions.h
-- Installing: /home/dualarm/hiwin_ws/install/hiwin_msgs/include/hiwin_msgs/hiwin_msgs/msg/detail/system_io_states__functions.c
-- Installing: /home/dualarm/hiwin_ws/install/hiwin_msgs/include/hiwin_msgs/hiwin_msgs/msg/detail/digital_io_states__type_support.h
-- Installing: /home/dualarm/hiwin_ws/install/hiwin_msgs/include/hiwin_msgs/hiwin_msgs/msg/rosidl_generator_c__visibility_control.h
-- Installing: /home/dualarm/hiwin_ws/install/hiwin_msgs/include/hiwin_msgs/hiwin_msgs/msg/system_io_states.h
-- Installing: /home/dualarm/hiwin_ws/install/hiwin_msgs/share/hiwin_msgs/environment/library_path.sh
-- Installing: /home/dualarm/hiwin_ws/install/hiwin_msgs/share/hiwin_msgs/environment/library_path.dsv
-- Installing: /home/dualarm/hiwin_ws/install/hiwin_msgs/lib/libhiwin_msgs__rosidl_generator_c.so
-- Set runtime path of "/home/dualarm/hiwin_ws/install/hiwin_msgs/lib/libhiwin_msgs__rosidl_generator_c.so" to ""
-- Up-to-date: /home/dualarm/hiwin_ws/install/hiwin_msgs/include/hiwin_msgs/hiwin_msgs
-- Up-to-date: /home/dualarm/hiwin_ws/install/hiwin_msgs/include/hiwin_msgs/hiwin_msgs/srv
-- Up-to-date: /home/dualarm/hiwin_ws/install/hiwin_msgs/include/hiwin_msgs/hiwin_msgs/srv/detail
-- Installing: /home/dualarm/hiwin_ws/install/hiwin_msgs/include/hiwin_msgs/hiwin_msgs/srv/detail/reset_joint_fault__rosidl_typesupport_fastrtps_c.h
-- Installing: /home/dualarm/hiwin_ws/install/hiwin_msgs/include/hiwin_msgs/hiwin_msgs/srv/detail/set_io__rosidl_typesupport_fastrtps_c.h
-- Up-to-date: /home/dualarm/hiwin_ws/install/hiwin_msgs/include/hiwin_msgs/hiwin_msgs/msg
-- Up-to-date: /home/dualarm/hiwin_ws/install/hiwin_msgs/include/hiwin_msgs/hiwin_msgs/msg/detail
-- Installing: /home/dualarm/hiwin_ws/install/hiwin_msgs/include/hiwin_msgs/hiwin_msgs/msg/detail/digital_io_states__rosidl_typesupport_fastrtps_c.h
-- Installing: /home/dualarm/hiwin_ws/install/hiwin_msgs/include/hiwin_msgs/hiwin_msgs/msg/detail/system_io_states__rosidl_typesupport_fastrtps_c.h
-- Installing: /home/dualarm/hiwin_ws/install/hiwin_msgs/include/hiwin_msgs/hiwin_msgs/msg/rosidl_typesupport_fastrtps_c__visibility_control.h
-- Installing: /home/dualarm/hiwin_ws/install/hiwin_msgs/lib/libhiwin_msgs__rosidl_typesupport_fastrtps_c.so
-- Set runtime path of "/home/dualarm/hiwin_ws/install/hiwin_msgs/lib/libhiwin_msgs__rosidl_typesupport_fastrtps_c.so" to ""
-- Up-to-date: /home/dualarm/hiwin_ws/install/hiwin_msgs/include/hiwin_msgs/hiwin_msgs
-- Up-to-date: /home/dualarm/hiwin_ws/install/hiwin_msgs/include/hiwin_msgs/hiwin_msgs/srv
-- Up-to-date: /home/dualarm/hiwin_ws/install/hiwin_msgs/include/hiwin_msgs/hiwin_msgs/srv/detail
-- Installing: /home/dualarm/hiwin_ws/install/hiwin_msgs/include/hiwin_msgs/hiwin_msgs/srv/detail/reset_joint_fault__builder.hpp
-- Installing: /home/dualarm/hiwin_ws/install/hiwin_msgs/include/hiwin_msgs/hiwin_msgs/srv/detail/reset_joint_fault__struct.hpp
-- Installing: /home/dualarm/hiwin_ws/install/hiwin_msgs/include/hiwin_msgs/hiwin_msgs/srv/detail/set_io__builder.hpp
-- Installing: /home/dualarm/hiwin_ws/install/hiwin_msgs/include/hiwin_msgs/hiwin_msgs/srv/detail/set_io__traits.hpp
-- Installing: /home/dualarm/hiwin_ws/install/hiwin_msgs/include/hiwin_msgs/hiwin_msgs/srv/detail/set_io__type_support.hpp
-- Installing: /home/dualarm/hiwin_ws/install/hiwin_msgs/include/hiwin_msgs/hiwin_msgs/srv/detail/reset_joint_fault__type_support.hpp
-- Installing: /home/dualarm/hiwin_ws/install/hiwin_msgs/include/hiwin_msgs/hiwin_msgs/srv/detail/reset_joint_fault__traits.hpp
-- Installing: /home/dualarm/hiwin_ws/install/hiwin_msgs/include/hiwin_msgs/hiwin_msgs/srv/detail/set_io__struct.hpp
-- Installing: /home/dualarm/hiwin_ws/install/hiwin_msgs/include/hiwin_msgs/hiwin_msgs/srv/reset_joint_fault.hpp
-- Installing: /home/dualarm/hiwin_ws/install/hiwin_msgs/include/hiwin_msgs/hiwin_msgs/srv/set_io.hpp
-- Up-to-date: /home/dualarm/hiwin_ws/install/hiwin_msgs/include/hiwin_msgs/hiwin_msgs/msg
-- Installing: /home/dualarm/hiwin_ws/install/hiwin_msgs/include/hiwin_msgs/hiwin_msgs/msg/system_io_states.hpp
-- Up-to-date: /home/dualarm/hiwin_ws/install/hiwin_msgs/include/hiwin_msgs/hiwin_msgs/msg/detail
-- Installing: /home/dualarm/hiwin_ws/install/hiwin_msgs/include/hiwin_msgs/hiwin_msgs/msg/detail/system_io_states__traits.hpp
-- Installing: /home/dualarm/hiwin_ws/install/hiwin_msgs/include/hiwin_msgs/hiwin_msgs/msg/detail/system_io_states__struct.hpp
-- Installing: /home/dualarm/hiwin_ws/install/hiwin_msgs/include/hiwin_msgs/hiwin_msgs/msg/detail/system_io_states__builder.hpp
-- Installing: /home/dualarm/hiwin_ws/install/hiwin_msgs/include/hiwin_msgs/hiwin_msgs/msg/detail/digital_io_states__builder.hpp
-- Installing: /home/dualarm/hiwin_ws/install/hiwin_msgs/include/hiwin_msgs/hiwin_msgs/msg/detail/system_io_states__type_support.hpp
-- Installing: /home/dualarm/hiwin_ws/install/hiwin_msgs/include/hiwin_msgs/hiwin_msgs/msg/detail/digital_io_states__struct.hpp
-- Installing: /home/dualarm/hiwin_ws/install/hiwin_msgs/include/hiwin_msgs/hiwin_msgs/msg/detail/digital_io_states__type_support.hpp
-- Installing: /home/dualarm/hiwin_ws/install/hiwin_msgs/include/hiwin_msgs/hiwin_msgs/msg/detail/digital_io_states__traits.hpp
-- Installing: /home/dualarm/hiwin_ws/install/hiwin_msgs/include/hiwin_msgs/hiwin_msgs/msg/digital_io_states.hpp
-- Installing: /home/dualarm/hiwin_ws/install/hiwin_msgs/include/hiwin_msgs/hiwin_msgs/msg/rosidl_generator_cpp__visibility_control.hpp
-- Up-to-date: /home/dualarm/hiwin_ws/install/hiwin_msgs/include/hiwin_msgs/hiwin_msgs
-- Up-to-date: /home/dualarm/hiwin_ws/install/hiwin_msgs/include/hiwin_msgs/hiwin_msgs/srv
-- Up-to-date: /home/dualarm/hiwin_ws/install/hiwin_msgs/include/hiwin_msgs/hiwin_msgs/srv/detail
-- Installing: /home/dualarm/hiwin_ws/install/hiwin_msgs/include/hiwin_msgs/hiwin_msgs/srv/detail/dds_fastrtps
-- Installing: /home/dualarm/hiwin_ws/install/hiwin_msgs/include/hiwin_msgs/hiwin_msgs/srv/detail/set_io__rosidl_typesupport_fastrtps_cpp.hpp
-- Installing: /home/dualarm/hiwin_ws/install/hiwin_msgs/include/hiwin_msgs/hiwin_msgs/srv/detail/reset_joint_fault__rosidl_typesupport_fastrtps_cpp.hpp
-- Up-to-date: /home/dualarm/hiwin_ws/install/hiwin_msgs/include/hiwin_msgs/hiwin_msgs/msg
-- Installing: /home/dualarm/hiwin_ws/install/hiwin_msgs/include/hiwin_msgs/hiwin_msgs/msg/rosidl_typesupport_fastrtps_cpp__visibility_control.h
-- Up-to-date: /home/dualarm/hiwin_ws/install/hiwin_msgs/include/hiwin_msgs/hiwin_msgs/msg/detail
-- Installing: /home/dualarm/hiwin_ws/install/hiwin_msgs/include/hiwin_msgs/hiwin_msgs/msg/detail/dds_fastrtps
-- Installing: /home/dualarm/hiwin_ws/install/hiwin_msgs/include/hiwin_msgs/hiwin_msgs/msg/detail/digital_io_states__rosidl_typesupport_fastrtps_cpp.hpp
-- Installing: /home/dualarm/hiwin_ws/install/hiwin_msgs/include/hiwin_msgs/hiwin_msgs/msg/detail/system_io_states__rosidl_typesupport_fastrtps_cpp.hpp
-- Installing: /home/dualarm/hiwin_ws/install/hiwin_msgs/lib/libhiwin_msgs__rosidl_typesupport_fastrtps_cpp.so
-- Set runtime path of "/home/dualarm/hiwin_ws/install/hiwin_msgs/lib/libhiwin_msgs__rosidl_typesupport_fastrtps_cpp.so" to ""
-- Up-to-date: /home/dualarm/hiwin_ws/install/hiwin_msgs/include/hiwin_msgs/hiwin_msgs
-- Up-to-date: /home/dualarm/hiwin_ws/install/hiwin_msgs/include/hiwin_msgs/hiwin_msgs/srv
-- Up-to-date: /home/dualarm/hiwin_ws/install/hiwin_msgs/include/hiwin_msgs/hiwin_msgs/srv/detail
-- Installing: /home/dualarm/hiwin_ws/install/hiwin_msgs/include/hiwin_msgs/hiwin_msgs/srv/detail/set_io__type_support.c
-- Installing: /home/dualarm/hiwin_ws/install/hiwin_msgs/include/hiwin_msgs/hiwin_msgs/srv/detail/reset_joint_fault__type_support.c
-- Installing: /home/dualarm/hiwin_ws/install/hiwin_msgs/include/hiwin_msgs/hiwin_msgs/srv/detail/reset_joint_fault__rosidl_typesupport_introspection_c.h
-- Installing: /home/dualarm/hiwin_ws/install/hiwin_msgs/include/hiwin_msgs/hiwin_msgs/srv/detail/set_io__rosidl_typesupport_introspection_c.h
-- Up-to-date: /home/dualarm/hiwin_ws/install/hiwin_msgs/include/hiwin_msgs/hiwin_msgs/msg
-- Up-to-date: /home/dualarm/hiwin_ws/install/hiwin_msgs/include/hiwin_msgs/hiwin_msgs/msg/detail
-- Installing: /home/dualarm/hiwin_ws/install/hiwin_msgs/include/hiwin_msgs/hiwin_msgs/msg/detail/digital_io_states__type_support.c
-- Installing: /home/dualarm/hiwin_ws/install/hiwin_msgs/include/hiwin_msgs/hiwin_msgs/msg/detail/digital_io_states__rosidl_typesupport_introspection_c.h
-- Installing: /home/dualarm/hiwin_ws/install/hiwin_msgs/include/hiwin_msgs/hiwin_msgs/msg/detail/system_io_states__type_support.c
-- Installing: /home/dualarm/hiwin_ws/install/hiwin_msgs/include/hiwin_msgs/hiwin_msgs/msg/detail/system_io_states__rosidl_typesupport_introspection_c.h
-- Installing: /home/dualarm/hiwin_ws/install/hiwin_msgs/include/hiwin_msgs/hiwin_msgs/msg/rosidl_typesupport_introspection_c__visibility_control.h
-- Installing: /home/dualarm/hiwin_ws/install/hiwin_msgs/lib/libhiwin_msgs__rosidl_typesupport_introspection_c.so
-- Set runtime path of "/home/dualarm/hiwin_ws/install/hiwin_msgs/lib/libhiwin_msgs__rosidl_typesupport_introspection_c.so" to ""
-- Installing: /home/dualarm/hiwin_ws/install/hiwin_msgs/lib/libhiwin_msgs__rosidl_typesupport_c.so
-- Set runtime path of "/home/dualarm/hiwin_ws/install/hiwin_msgs/lib/libhiwin_msgs__rosidl_typesupport_c.so" to ""
-- Up-to-date: /home/dualarm/hiwin_ws/install/hiwin_msgs/include/hiwin_msgs/hiwin_msgs
-- Up-to-date: /home/dualarm/hiwin_ws/install/hiwin_msgs/include/hiwin_msgs/hiwin_msgs/srv
-- Up-to-date: /home/dualarm/hiwin_ws/install/hiwin_msgs/include/hiwin_msgs/hiwin_msgs/srv/detail
-- Installing: /home/dualarm/hiwin_ws/install/hiwin_msgs/include/hiwin_msgs/hiwin_msgs/srv/detail/set_io__type_support.cpp
-- Installing: /home/dualarm/hiwin_ws/install/hiwin_msgs/include/hiwin_msgs/hiwin_msgs/srv/detail/reset_joint_fault__rosidl_typesupport_introspection_cpp.hpp
-- Installing: /home/dualarm/hiwin_ws/install/hiwin_msgs/include/hiwin_msgs/hiwin_msgs/srv/detail/set_io__rosidl_typesupport_introspection_cpp.hpp
-- Installing: /home/dualarm/hiwin_ws/install/hiwin_msgs/include/hiwin_msgs/hiwin_msgs/srv/detail/reset_joint_fault__type_support.cpp
-- Up-to-date: /home/dualarm/hiwin_ws/install/hiwin_msgs/include/hiwin_msgs/hiwin_msgs/msg
-- Up-to-date: /home/dualarm/hiwin_ws/install/hiwin_msgs/include/hiwin_msgs/hiwin_msgs/msg/detail
-- Installing: /home/dualarm/hiwin_ws/install/hiwin_msgs/include/hiwin_msgs/hiwin_msgs/msg/detail/system_io_states__type_support.cpp
-- Installing: /home/dualarm/hiwin_ws/install/hiwin_msgs/include/hiwin_msgs/hiwin_msgs/msg/detail/digital_io_states__rosidl_typesupport_introspection_cpp.hpp
-- Installing: /home/dualarm/hiwin_ws/install/hiwin_msgs/include/hiwin_msgs/hiwin_msgs/msg/detail/digital_io_states__type_support.cpp
-- Installing: /home/dualarm/hiwin_ws/install/hiwin_msgs/include/hiwin_msgs/hiwin_msgs/msg/detail/system_io_states__rosidl_typesupport_introspection_cpp.hpp
-- Installing: /home/dualarm/hiwin_ws/install/hiwin_msgs/lib/libhiwin_msgs__rosidl_typesupport_introspection_cpp.so
-- Set runtime path of "/home/dualarm/hiwin_ws/install/hiwin_msgs/lib/libhiwin_msgs__rosidl_typesupport_introspection_cpp.so" to ""
-- Installing: /home/dualarm/hiwin_ws/install/hiwin_msgs/lib/libhiwin_msgs__rosidl_typesupport_cpp.so
-- Set runtime path of "/home/dualarm/hiwin_ws/install/hiwin_msgs/lib/libhiwin_msgs__rosidl_typesupport_cpp.so" to ""
-- Installing: /home/dualarm/hiwin_ws/install/hiwin_msgs/share/hiwin_msgs/environment/pythonpath.sh
-- Installing: /home/dualarm/hiwin_ws/install/hiwin_msgs/share/hiwin_msgs/environment/pythonpath.dsv
-- Installing: /home/dualarm/hiwin_ws/install/hiwin_msgs/local/lib/python3.10/dist-packages/hiwin_msgs-0.0.0-py3.10.egg-info
-- Installing: /home/dualarm/hiwin_ws/install/hiwin_msgs/local/lib/python3.10/dist-packages/hiwin_msgs-0.0.0-py3.10.egg-info/dependency_links.txt
-- Installing: /home/dualarm/hiwin_ws/install/hiwin_msgs/local/lib/python3.10/dist-packages/hiwin_msgs-0.0.0-py3.10.egg-info/top_level.txt
-- Installing: /home/dualarm/hiwin_ws/install/hiwin_msgs/local/lib/python3.10/dist-packages/hiwin_msgs-0.0.0-py3.10.egg-info/PKG-INFO
-- Installing: /home/dualarm/hiwin_ws/install/hiwin_msgs/local/lib/python3.10/dist-packages/hiwin_msgs-0.0.0-py3.10.egg-info/SOURCES.txt
-- Installing: /home/dualarm/hiwin_ws/install/hiwin_msgs/local/lib/python3.10/dist-packages/hiwin_msgs
-- Installing: /home/dualarm/hiwin_ws/install/hiwin_msgs/local/lib/python3.10/dist-packages/hiwin_msgs/_hiwin_msgs_s.ep.rosidl_typesupport_introspection_c.c
-- Installing: /home/dualarm/hiwin_ws/install/hiwin_msgs/local/lib/python3.10/dist-packages/hiwin_msgs/hiwin_msgs_s__rosidl_typesupport_fastrtps_c.cpython-310-x86_64-linux-gnu.so
-- Installing: /home/dualarm/hiwin_ws/install/hiwin_msgs/local/lib/python3.10/dist-packages/hiwin_msgs/_hiwin_msgs_s.ep.rosidl_typesupport_fastrtps_c.c
-- Installing: /home/dualarm/hiwin_ws/install/hiwin_msgs/local/lib/python3.10/dist-packages/hiwin_msgs/srv
-- Installing: /home/dualarm/hiwin_ws/install/hiwin_msgs/local/lib/python3.10/dist-packages/hiwin_msgs/srv/_reset_joint_fault.py
-- Installing: /home/dualarm/hiwin_ws/install/hiwin_msgs/local/lib/python3.10/dist-packages/hiwin_msgs/srv/_set_io_s.c
-- Installing: /home/dualarm/hiwin_ws/install/hiwin_msgs/local/lib/python3.10/dist-packages/hiwin_msgs/srv/_reset_joint_fault_s.c
-- Installing: /home/dualarm/hiwin_ws/install/hiwin_msgs/local/lib/python3.10/dist-packages/hiwin_msgs/srv/__init__.py
-- Installing: /home/dualarm/hiwin_ws/install/hiwin_msgs/local/lib/python3.10/dist-packages/hiwin_msgs/srv/_set_io.py
-- Installing: /home/dualarm/hiwin_ws/install/hiwin_msgs/local/lib/python3.10/dist-packages/hiwin_msgs/hiwin_msgs_s__rosidl_typesupport_c.cpython-310-x86_64-linux-gnu.so
-- Installing: /home/dualarm/hiwin_ws/install/hiwin_msgs/local/lib/python3.10/dist-packages/hiwin_msgs/_hiwin_msgs_s.ep.rosidl_typesupport_c.c
-- Installing: /home/dualarm/hiwin_ws/install/hiwin_msgs/local/lib/python3.10/dist-packages/hiwin_msgs/hiwin_msgs_s__rosidl_typesupport_introspection_c.cpython-310-x86_64-linux-gnu.so
-- Installing: /home/dualarm/hiwin_ws/install/hiwin_msgs/local/lib/python3.10/dist-packages/hiwin_msgs/libhiwin_msgs__rosidl_generator_py.so
-- Installing: /home/dualarm/hiwin_ws/install/hiwin_msgs/local/lib/python3.10/dist-packages/hiwin_msgs/msg
-- Installing: /home/dualarm/hiwin_ws/install/hiwin_msgs/local/lib/python3.10/dist-packages/hiwin_msgs/msg/_system_io_states_s.c
-- Installing: /home/dualarm/hiwin_ws/install/hiwin_msgs/local/lib/python3.10/dist-packages/hiwin_msgs/msg/_digital_io_states_s.c
-- Installing: /home/dualarm/hiwin_ws/install/hiwin_msgs/local/lib/python3.10/dist-packages/hiwin_msgs/msg/_system_io_states.py
-- Installing: /home/dualarm/hiwin_ws/install/hiwin_msgs/local/lib/python3.10/dist-packages/hiwin_msgs/msg/_digital_io_states.py
-- Installing: /home/dualarm/hiwin_ws/install/hiwin_msgs/local/lib/python3.10/dist-packages/hiwin_msgs/msg/__init__.py
-- Installing: /home/dualarm/hiwin_ws/install/hiwin_msgs/local/lib/python3.10/dist-packages/hiwin_msgs/__init__.py
Listing '/home/dualarm/hiwin_ws/install/hiwin_msgs/local/lib/python3.10/dist-packages/hiwin_msgs'...
Compiling '/home/dualarm/hiwin_ws/install/hiwin_msgs/local/lib/python3.10/dist-packages/hiwin_msgs/__init__.py'...
Listing '/home/dualarm/hiwin_ws/install/hiwin_msgs/local/lib/python3.10/dist-packages/hiwin_msgs/msg'...
Compiling '/home/dualarm/hiwin_ws/install/hiwin_msgs/local/lib/python3.10/dist-packages/hiwin_msgs/msg/__init__.py'...
Compiling '/home/dualarm/hiwin_ws/install/hiwin_msgs/local/lib/python3.10/dist-packages/hiwin_msgs/msg/_digital_io_states.py'...
Compiling '/home/dualarm/hiwin_ws/install/hiwin_msgs/local/lib/python3.10/dist-packages/hiwin_msgs/msg/_system_io_states.py'...
Listing '/home/dualarm/hiwin_ws/install/hiwin_msgs/local/lib/python3.10/dist-packages/hiwin_msgs/srv'...
Compiling '/home/dualarm/hiwin_ws/install/hiwin_msgs/local/lib/python3.10/dist-packages/hiwin_msgs/srv/__init__.py'...
Compiling '/home/dualarm/hiwin_ws/install/hiwin_msgs/local/lib/python3.10/dist-packages/hiwin_msgs/srv/_reset_joint_fault.py'...
Compiling '/home/dualarm/hiwin_ws/install/hiwin_msgs/local/lib/python3.10/dist-packages/hiwin_msgs/srv/_set_io.py'...
-- Installing: /home/dualarm/hiwin_ws/install/hiwin_msgs/local/lib/python3.10/dist-packages/hiwin_msgs/hiwin_msgs_s__rosidl_typesupport_fastrtps_c.cpython-310-x86_64-linux-gnu.so
-- Set runtime path of "/home/dualarm/hiwin_ws/install/hiwin_msgs/local/lib/python3.10/dist-packages/hiwin_msgs/hiwin_msgs_s__rosidl_typesupport_fastrtps_c.cpython-310-x86_64-linux-gnu.so" to ""
-- Installing: /home/dualarm/hiwin_ws/install/hiwin_msgs/local/lib/python3.10/dist-packages/hiwin_msgs/hiwin_msgs_s__rosidl_typesupport_introspection_c.cpython-310-x86_64-linux-gnu.so
-- Set runtime path of "/home/dualarm/hiwin_ws/install/hiwin_msgs/local/lib/python3.10/dist-packages/hiwin_msgs/hiwin_msgs_s__rosidl_typesupport_introspection_c.cpython-310-x86_64-linux-gnu.so" to ""
-- Installing: /home/dualarm/hiwin_ws/install/hiwin_msgs/local/lib/python3.10/dist-packages/hiwin_msgs/hiwin_msgs_s__rosidl_typesupport_c.cpython-310-x86_64-linux-gnu.so
-- Set runtime path of "/home/dualarm/hiwin_ws/install/hiwin_msgs/local/lib/python3.10/dist-packages/hiwin_msgs/hiwin_msgs_s__rosidl_typesupport_c.cpython-310-x86_64-linux-gnu.so" to ""
-- Installing: /home/dualarm/hiwin_ws/install/hiwin_msgs/lib/libhiwin_msgs__rosidl_generator_py.so
-- Set runtime path of "/home/dualarm/hiwin_ws/install/hiwin_msgs/lib/libhiwin_msgs__rosidl_generator_py.so" to ""
-- Installing: /home/dualarm/hiwin_ws/install/hiwin_msgs/share/ament_index/resource_index/rust_packages/hiwin_msgs
-- Installing: /home/dualarm/hiwin_ws/install/hiwin_msgs/share/hiwin_msgs/rust
-- Installing: /home/dualarm/hiwin_ws/install/hiwin_msgs/share/hiwin_msgs/rust/build.rs
-- Installing: /home/dualarm/hiwin_ws/install/hiwin_msgs/share/hiwin_msgs/rust/Cargo.toml
-- Installing: /home/dualarm/hiwin_ws/install/hiwin_msgs/share/hiwin_msgs/rust/src
-- Installing: /home/dualarm/hiwin_ws/install/hiwin_msgs/share/hiwin_msgs/rust/src/lib.rs
-- Installing: /home/dualarm/hiwin_ws/install/hiwin_msgs/share/hiwin_msgs/rust/src/srv
-- Installing: /home/dualarm/hiwin_ws/install/hiwin_msgs/share/hiwin_msgs/rust/src/srv/rmw.rs
-- Installing: /home/dualarm/hiwin_ws/install/hiwin_msgs/share/hiwin_msgs/rust/src/srv.rs
-- Installing: /home/dualarm/hiwin_ws/install/hiwin_msgs/share/hiwin_msgs/rust/src/msg.rs
-- Installing: /home/dualarm/hiwin_ws/install/hiwin_msgs/share/hiwin_msgs/rust/src/msg
-- Installing: /home/dualarm/hiwin_ws/install/hiwin_msgs/share/hiwin_msgs/rust/src/msg/rmw.rs
-- Installing: /home/dualarm/hiwin_ws/install/hiwin_msgs/share/hiwin_msgs/msg/SystemIOStates.idl
-- Installing: /home/dualarm/hiwin_ws/install/hiwin_msgs/share/hiwin_msgs/msg/DigitalIOStates.idl
-- Installing: /home/dualarm/hiwin_ws/install/hiwin_msgs/share/hiwin_msgs/srv/SetIO.idl
-- Installing: /home/dualarm/hiwin_ws/install/hiwin_msgs/share/hiwin_msgs/srv/ResetJointFault.idl
-- Installing: /home/dualarm/hiwin_ws/install/hiwin_msgs/share/hiwin_msgs/msg/SystemIOStates.msg
-- Installing: /home/dualarm/hiwin_ws/install/hiwin_msgs/share/hiwin_msgs/msg/DigitalIOStates.msg
-- Installing: /home/dualarm/hiwin_ws/install/hiwin_msgs/share/hiwin_msgs/srv/SetIO.srv
-- Installing: /home/dualarm/hiwin_ws/install/hiwin_msgs/share/hiwin_msgs/srv/SetIO_Request.msg
-- Installing: /home/dualarm/hiwin_ws/install/hiwin_msgs/share/hiwin_msgs/srv/SetIO_Response.msg
-- Installing: /home/dualarm/hiwin_ws/install/hiwin_msgs/share/hiwin_msgs/srv/ResetJointFault.srv
-- Installing: /home/dualarm/hiwin_ws/install/hiwin_msgs/share/hiwin_msgs/srv/ResetJointFault_Request.msg
-- Installing: /home/dualarm/hiwin_ws/install/hiwin_msgs/share/hiwin_msgs/srv/ResetJointFault_Response.msg
-- Installing: /home/dualarm/hiwin_ws/install/hiwin_msgs/share/ament_index/resource_index/package_run_dependencies/hiwin_msgs
-- Installing: /home/dualarm/hiwin_ws/install/hiwin_msgs/share/ament_index/resource_index/parent_prefix_path/hiwin_msgs
-- Installing: /home/dualarm/hiwin_ws/install/hiwin_msgs/share/hiwin_msgs/environment/ament_prefix_path.sh
-- Installing: /home/dualarm/hiwin_ws/install/hiwin_msgs/share/hiwin_msgs/environment/ament_prefix_path.dsv
-- Installing: /home/dualarm/hiwin_ws/install/hiwin_msgs/share/hiwin_msgs/environment/path.sh
-- Installing: /home/dualarm/hiwin_ws/install/hiwin_msgs/share/hiwin_msgs/environment/path.dsv
-- Installing: /home/dualarm/hiwin_ws/install/hiwin_msgs/share/hiwin_msgs/local_setup.bash
-- Installing: /home/dualarm/hiwin_ws/install/hiwin_msgs/share/hiwin_msgs/local_setup.sh
-- Installing: /home/dualarm/hiwin_ws/install/hiwin_msgs/share/hiwin_msgs/local_setup.zsh
-- Installing: /home/dualarm/hiwin_ws/install/hiwin_msgs/share/hiwin_msgs/local_setup.dsv
-- Installing: /home/dualarm/hiwin_ws/install/hiwin_msgs/share/hiwin_msgs/package.dsv
-- Installing: /home/dualarm/hiwin_ws/install/hiwin_msgs/share/ament_index/resource_index/packages/hiwin_msgs
-- Installing: /home/dualarm/hiwin_ws/install/hiwin_msgs/share/hiwin_msgs/cmake/export_hiwin_msgs__rosidl_generator_cExport.cmake
-- Installing: /home/dualarm/hiwin_ws/install/hiwin_msgs/share/hiwin_msgs/cmake/export_hiwin_msgs__rosidl_generator_cExport-release.cmake
-- Installing: /home/dualarm/hiwin_ws/install/hiwin_msgs/share/hiwin_msgs/cmake/export_hiwin_msgs__rosidl_typesupport_fastrtps_cExport.cmake
-- Installing: /home/dualarm/hiwin_ws/install/hiwin_msgs/share/hiwin_msgs/cmake/export_hiwin_msgs__rosidl_typesupport_fastrtps_cExport-release.cmake
-- Installing: /home/dualarm/hiwin_ws/install/hiwin_msgs/share/hiwin_msgs/cmake/export_hiwin_msgs__rosidl_generator_cppExport.cmake
-- Installing: /home/dualarm/hiwin_ws/install/hiwin_msgs/share/hiwin_msgs/cmake/export_hiwin_msgs__rosidl_typesupport_fastrtps_cppExport.cmake
-- Installing: /home/dualarm/hiwin_ws/install/hiwin_msgs/share/hiwin_msgs/cmake/export_hiwin_msgs__rosidl_typesupport_fastrtps_cppExport-release.cmake
-- Installing: /home/dualarm/hiwin_ws/install/hiwin_msgs/share/hiwin_msgs/cmake/hiwin_msgs__rosidl_typesupport_introspection_cExport.cmake
-- Installing: /home/dualarm/hiwin_ws/install/hiwin_msgs/share/hiwin_msgs/cmake/hiwin_msgs__rosidl_typesupport_introspection_cExport-release.cmake
-- Installing: /home/dualarm/hiwin_ws/install/hiwin_msgs/share/hiwin_msgs/cmake/hiwin_msgs__rosidl_typesupport_cExport.cmake
-- Installing: /home/dualarm/hiwin_ws/install/hiwin_msgs/share/hiwin_msgs/cmake/hiwin_msgs__rosidl_typesupport_cExport-release.cmake
-- Installing: /home/dualarm/hiwin_ws/install/hiwin_msgs/share/hiwin_msgs/cmake/hiwin_msgs__rosidl_typesupport_introspection_cppExport.cmake
-- Installing: /home/dualarm/hiwin_ws/install/hiwin_msgs/share/hiwin_msgs/cmake/hiwin_msgs__rosidl_typesupport_introspection_cppExport-release.cmake
-- Installing: /home/dualarm/hiwin_ws/install/hiwin_msgs/share/hiwin_msgs/cmake/hiwin_msgs__rosidl_typesupport_cppExport.cmake
-- Installing: /home/dualarm/hiwin_ws/install/hiwin_msgs/share/hiwin_msgs/cmake/hiwin_msgs__rosidl_typesupport_cppExport-release.cmake
-- Installing: /home/dualarm/hiwin_ws/install/hiwin_msgs/share/hiwin_msgs/cmake/export_hiwin_msgs__rosidl_generator_pyExport.cmake
-- Installing: /home/dualarm/hiwin_ws/install/hiwin_msgs/share/hiwin_msgs/cmake/export_hiwin_msgs__rosidl_generator_pyExport-release.cmake
-- Installing: /home/dualarm/hiwin_ws/install/hiwin_msgs/share/hiwin_msgs/cmake/rosidl_cmake-extras.cmake
-- Installing: /home/dualarm/hiwin_ws/install/hiwin_msgs/share/hiwin_msgs/cmake/ament_cmake_export_dependencies-extras.cmake
-- Installing: /home/dualarm/hiwin_ws/install/hiwin_msgs/share/hiwin_msgs/cmake/ament_cmake_export_include_directories-extras.cmake
-- Installing: /home/dualarm/hiwin_ws/install/hiwin_msgs/share/hiwin_msgs/cmake/ament_cmake_export_libraries-extras.cmake
-- Installing: /home/dualarm/hiwin_ws/install/hiwin_msgs/share/hiwin_msgs/cmake/ament_cmake_export_targets-extras.cmake
-- Installing: /home/dualarm/hiwin_ws/install/hiwin_msgs/share/hiwin_msgs/cmake/rosidl_cmake_export_typesupport_targets-extras.cmake
-- Installing: /home/dualarm/hiwin_ws/install/hiwin_msgs/share/hiwin_msgs/cmake/rosidl_cmake_export_typesupport_libraries-extras.cmake
-- Installing: /home/dualarm/hiwin_ws/install/hiwin_msgs/share/hiwin_msgs/cmake/hiwin_msgsConfig.cmake
-- Installing: /home/dualarm/hiwin_ws/install/hiwin_msgs/share/hiwin_msgs/cmake/hiwin_msgsConfig-version.cmake
-- Installing: /home/dualarm/hiwin_ws/install/hiwin_msgs/share/hiwin_msgs/package.xml
