-- Install configuration: "Release"
-- Up-to-date: /home/dualarm/hiwin_ws/install/hiwin_dual_arm_bringup/share/hiwin_dual_arm_bringup/launch
-- Up-to-date: /home/dualarm/hiwin_ws/install/hiwin_dual_arm_bringup/share/hiwin_dual_arm_bringup/launch/ra6_control.launch.py
-- Up-to-date: /home/dualarm/hiwin_ws/install/hiwin_dual_arm_bringup/share/hiwin_dual_arm_bringup/config
-- Up-to-date: /home/dualarm/hiwin_ws/install/hiwin_dual_arm_bringup/share/hiwin_dual_arm_bringup/config/small_arm_controllers.yaml
-- Up-to-date: /home/dualarm/hiwin_ws/install/hiwin_dual_arm_bringup/share/hiwin_dual_arm_bringup/config/big_arm_controllers.yaml
-- Up-to-date: /home/dualarm/hiwin_ws/install/hiwin_dual_arm_bringup/share/ament_index/resource_index/package_run_dependencies/hiwin_dual_arm_bringup
-- Up-to-date: /home/dualarm/hiwin_ws/install/hiwin_dual_arm_bringup/share/ament_index/resource_index/parent_prefix_path/hiwin_dual_arm_bringup
-- Up-to-date: /home/dualarm/hiwin_ws/install/hiwin_dual_arm_bringup/share/hiwin_dual_arm_bringup/environment/ament_prefix_path.sh
-- Up-to-date: /home/dualarm/hiwin_ws/install/hiwin_dual_arm_bringup/share/hiwin_dual_arm_bringup/environment/ament_prefix_path.dsv
-- Up-to-date: /home/dualarm/hiwin_ws/install/hiwin_dual_arm_bringup/share/hiwin_dual_arm_bringup/environment/path.sh
-- Up-to-date: /home/dualarm/hiwin_ws/install/hiwin_dual_arm_bringup/share/hiwin_dual_arm_bringup/environment/path.dsv
-- Up-to-date: /home/dualarm/hiwin_ws/install/hiwin_dual_arm_bringup/share/hiwin_dual_arm_bringup/local_setup.bash
-- Up-to-date: /home/dualarm/hiwin_ws/install/hiwin_dual_arm_bringup/share/hiwin_dual_arm_bringup/local_setup.sh
-- Up-to-date: /home/dualarm/hiwin_ws/install/hiwin_dual_arm_bringup/share/hiwin_dual_arm_bringup/local_setup.zsh
-- Up-to-date: /home/dualarm/hiwin_ws/install/hiwin_dual_arm_bringup/share/hiwin_dual_arm_bringup/local_setup.dsv
-- Up-to-date: /home/dualarm/hiwin_ws/install/hiwin_dual_arm_bringup/share/hiwin_dual_arm_bringup/package.dsv
-- Up-to-date: /home/dualarm/hiwin_ws/install/hiwin_dual_arm_bringup/share/ament_index/resource_index/packages/hiwin_dual_arm_bringup
-- Up-to-date: /home/dualarm/hiwin_ws/install/hiwin_dual_arm_bringup/share/hiwin_dual_arm_bringup/cmake/hiwin_dual_arm_bringupConfig.cmake
-- Up-to-date: /home/dualarm/hiwin_ws/install/hiwin_dual_arm_bringup/share/hiwin_dual_arm_bringup/cmake/hiwin_dual_arm_bringupConfig-version.cmake
-- Up-to-date: /home/dualarm/hiwin_ws/install/hiwin_dual_arm_bringup/share/hiwin_dual_arm_bringup/package.xml
