[0.015s] Invoking command in '/home/dualarm/hiwin_ws/build/hiwin_msgs': CMAKE_PREFIX_PATH=${CMAKE_PREFIX_PATH}:/home/dualarm/ws_moveit2/install/moveit_configs_utils:/home/dualarm/ws_moveit2/install/launch_param_builder:/opt/ros/humble /usr/bin/cmake --build /home/dualarm/hiwin_ws/build/hiwin_msgs -- -j16 -l16
[0.053s] [35m[1mConsolidate compiler generated dependencies of target hiwin_msgs__rosidl_generator_c[0m
[0.063s] [  1%] Built target hiwin_msgs__rs
[0.063s] [  3%] Built target hiwin_msgs__cpp
[0.064s] [ 14%] Built target hiwin_msgs__rosidl_generator_c
[0.079s] [ 14%] Built target ament_cmake_python_copy_hiwin_msgs
[0.080s] [35m[1mConsolidate compiler generated dependencies of target hiwin_msgs__rosidl_typesupport_c[0m
[0.080s] [35m[1mConsolidate compiler generated dependencies of target hiwin_msgs__rosidl_typesupport_cpp[0m
[0.080s] [35m[1mConsolidate compiler generated dependencies of target hiwin_msgs__rosidl_typesupport_introspection_cpp[0m
[0.080s] [35m[1mConsolidate compiler generated dependencies of target hiwin_msgs__rosidl_typesupport_fastrtps_c[0m
[0.080s] [35m[1mConsolidate compiler generated dependencies of target hiwin_msgs__rosidl_typesupport_fastrtps_cpp[0m
[0.080s] [35m[1mConsolidate compiler generated dependencies of target hiwin_msgs__rosidl_typesupport_introspection_c[0m
[0.086s] [ 25%] Built target hiwin_msgs__rosidl_typesupport_c
[0.088s] [ 67%] Built target hiwin_msgs__rosidl_typesupport_fastrtps_cpp
[0.089s] [ 67%] Built target hiwin_msgs__rosidl_typesupport_fastrtps_c
[0.089s] [ 67%] Built target hiwin_msgs__rosidl_typesupport_introspection_cpp
[0.089s] [ 67%] Built target hiwin_msgs__rosidl_typesupport_cpp
[0.089s] [ 78%] Built target hiwin_msgs__rosidl_typesupport_introspection_c
[0.109s] [ 78%] Built target hiwin_msgs
[0.129s] [ 80%] Built target hiwin_msgs__py
[0.140s] [35m[1mConsolidate compiler generated dependencies of target hiwin_msgs__rosidl_generator_py[0m
[0.153s] [ 89%] Built target hiwin_msgs__rosidl_generator_py
[0.164s] [35m[1mConsolidate compiler generated dependencies of target hiwin_msgs__rosidl_typesupport_fastrtps_c__pyext[0m
[0.165s] [35m[1mConsolidate compiler generated dependencies of target hiwin_msgs__rosidl_typesupport_c__pyext[0m
[0.165s] [35m[1mConsolidate compiler generated dependencies of target hiwin_msgs__rosidl_typesupport_introspection_c__pyext[0m
[0.176s] [ 94%] Built target hiwin_msgs__rosidl_typesupport_introspection_c__pyext
[0.176s] [ 96%] Built target hiwin_msgs__rosidl_typesupport_fastrtps_c__pyext
[0.176s] [100%] Built target hiwin_msgs__rosidl_typesupport_c__pyext
[0.269s] running egg_info
[0.270s] writing hiwin_msgs.egg-info/PKG-INFO
[0.270s] writing dependency_links to hiwin_msgs.egg-info/dependency_links.txt
[0.270s] writing top-level names to hiwin_msgs.egg-info/top_level.txt
[0.272s] reading manifest file 'hiwin_msgs.egg-info/SOURCES.txt'
[0.272s] writing manifest file 'hiwin_msgs.egg-info/SOURCES.txt'
[0.292s] [100%] Built target ament_cmake_python_build_hiwin_msgs_egg
[0.302s] Invoked command in '/home/dualarm/hiwin_ws/build/hiwin_msgs' returned '0': CMAKE_PREFIX_PATH=${CMAKE_PREFIX_PATH}:/home/dualarm/ws_moveit2/install/moveit_configs_utils:/home/dualarm/ws_moveit2/install/launch_param_builder:/opt/ros/humble /usr/bin/cmake --build /home/dualarm/hiwin_ws/build/hiwin_msgs -- -j16 -l16
[0.303s] Invoking command in '/home/dualarm/hiwin_ws/build/hiwin_msgs': CMAKE_PREFIX_PATH=${CMAKE_PREFIX_PATH}:/home/dualarm/ws_moveit2/install/moveit_configs_utils:/home/dualarm/ws_moveit2/install/launch_param_builder:/opt/ros/humble /usr/bin/cmake --install /home/dualarm/hiwin_ws/build/hiwin_msgs
[0.310s] -- Install configuration: "Release"
[0.310s] -- Up-to-date: /home/dualarm/hiwin_ws/install/hiwin_msgs/share/ament_index/resource_index/rosidl_interfaces/hiwin_msgs
[0.310s] -- Up-to-date: /home/dualarm/hiwin_ws/install/hiwin_msgs/include/hiwin_msgs/hiwin_msgs
[0.310s] -- Up-to-date: /home/dualarm/hiwin_ws/install/hiwin_msgs/include/hiwin_msgs/hiwin_msgs/srv
[0.310s] -- Up-to-date: /home/dualarm/hiwin_ws/install/hiwin_msgs/include/hiwin_msgs/hiwin_msgs/srv/reset_joint_fault.h
[0.310s] -- Up-to-date: /home/dualarm/hiwin_ws/install/hiwin_msgs/include/hiwin_msgs/hiwin_msgs/srv/detail
[0.310s] -- Up-to-date: /home/dualarm/hiwin_ws/install/hiwin_msgs/include/hiwin_msgs/hiwin_msgs/srv/detail/set_io__struct.h
[0.310s] -- Up-to-date: /home/dualarm/hiwin_ws/install/hiwin_msgs/include/hiwin_msgs/hiwin_msgs/srv/detail/set_io__functions.c
[0.311s] -- Up-to-date: /home/dualarm/hiwin_ws/install/hiwin_msgs/include/hiwin_msgs/hiwin_msgs/srv/detail/reset_joint_fault__struct.h
[0.311s] -- Up-to-date: /home/dualarm/hiwin_ws/install/hiwin_msgs/include/hiwin_msgs/hiwin_msgs/srv/detail/set_io__type_support.h
[0.311s] -- Up-to-date: /home/dualarm/hiwin_ws/install/hiwin_msgs/include/hiwin_msgs/hiwin_msgs/srv/detail/reset_joint_fault__type_support.h
[0.311s] -- Up-to-date: /home/dualarm/hiwin_ws/install/hiwin_msgs/include/hiwin_msgs/hiwin_msgs/srv/detail/set_io__functions.h
[0.311s] -- Up-to-date: /home/dualarm/hiwin_ws/install/hiwin_msgs/include/hiwin_msgs/hiwin_msgs/srv/detail/reset_joint_fault__functions.h
[0.311s] -- Up-to-date: /home/dualarm/hiwin_ws/install/hiwin_msgs/include/hiwin_msgs/hiwin_msgs/srv/detail/reset_joint_fault__functions.c
[0.311s] -- Up-to-date: /home/dualarm/hiwin_ws/install/hiwin_msgs/include/hiwin_msgs/hiwin_msgs/srv/set_io.h
[0.311s] -- Up-to-date: /home/dualarm/hiwin_ws/install/hiwin_msgs/include/hiwin_msgs/hiwin_msgs/msg
[0.311s] -- Up-to-date: /home/dualarm/hiwin_ws/install/hiwin_msgs/include/hiwin_msgs/hiwin_msgs/msg/digital_io_states.h
[0.311s] -- Up-to-date: /home/dualarm/hiwin_ws/install/hiwin_msgs/include/hiwin_msgs/hiwin_msgs/msg/detail
[0.311s] -- Up-to-date: /home/dualarm/hiwin_ws/install/hiwin_msgs/include/hiwin_msgs/hiwin_msgs/msg/detail/digital_io_states__functions.h
[0.311s] -- Up-to-date: /home/dualarm/hiwin_ws/install/hiwin_msgs/include/hiwin_msgs/hiwin_msgs/msg/detail/system_io_states__type_support.h
[0.311s] -- Up-to-date: /home/dualarm/hiwin_ws/install/hiwin_msgs/include/hiwin_msgs/hiwin_msgs/msg/detail/system_io_states__struct.h
[0.311s] -- Up-to-date: /home/dualarm/hiwin_ws/install/hiwin_msgs/include/hiwin_msgs/hiwin_msgs/msg/detail/digital_io_states__struct.h
[0.311s] -- Up-to-date: /home/dualarm/hiwin_ws/install/hiwin_msgs/include/hiwin_msgs/hiwin_msgs/msg/detail/digital_io_states__functions.c
[0.311s] -- Up-to-date: /home/dualarm/hiwin_ws/install/hiwin_msgs/include/hiwin_msgs/hiwin_msgs/msg/detail/system_io_states__functions.h
[0.311s] -- Up-to-date: /home/dualarm/hiwin_ws/install/hiwin_msgs/include/hiwin_msgs/hiwin_msgs/msg/detail/system_io_states__functions.c
[0.311s] -- Up-to-date: /home/dualarm/hiwin_ws/install/hiwin_msgs/include/hiwin_msgs/hiwin_msgs/msg/detail/digital_io_states__type_support.h
[0.312s] -- Up-to-date: /home/dualarm/hiwin_ws/install/hiwin_msgs/include/hiwin_msgs/hiwin_msgs/msg/rosidl_generator_c__visibility_control.h
[0.312s] -- Up-to-date: /home/dualarm/hiwin_ws/install/hiwin_msgs/include/hiwin_msgs/hiwin_msgs/msg/system_io_states.h
[0.312s] -- Up-to-date: /home/dualarm/hiwin_ws/install/hiwin_msgs/share/hiwin_msgs/environment/library_path.sh
[0.312s] -- Up-to-date: /home/dualarm/hiwin_ws/install/hiwin_msgs/share/hiwin_msgs/environment/library_path.dsv
[0.312s] -- Up-to-date: /home/dualarm/hiwin_ws/install/hiwin_msgs/lib/libhiwin_msgs__rosidl_generator_c.so
[0.312s] -- Up-to-date: /home/dualarm/hiwin_ws/install/hiwin_msgs/include/hiwin_msgs/hiwin_msgs
[0.312s] -- Up-to-date: /home/dualarm/hiwin_ws/install/hiwin_msgs/include/hiwin_msgs/hiwin_msgs/srv
[0.312s] -- Up-to-date: /home/dualarm/hiwin_ws/install/hiwin_msgs/include/hiwin_msgs/hiwin_msgs/srv/detail
[0.312s] -- Up-to-date: /home/dualarm/hiwin_ws/install/hiwin_msgs/include/hiwin_msgs/hiwin_msgs/srv/detail/reset_joint_fault__rosidl_typesupport_fastrtps_c.h
[0.312s] -- Up-to-date: /home/dualarm/hiwin_ws/install/hiwin_msgs/include/hiwin_msgs/hiwin_msgs/srv/detail/set_io__rosidl_typesupport_fastrtps_c.h
[0.312s] -- Up-to-date: /home/dualarm/hiwin_ws/install/hiwin_msgs/include/hiwin_msgs/hiwin_msgs/msg
[0.312s] -- Up-to-date: /home/dualarm/hiwin_ws/install/hiwin_msgs/include/hiwin_msgs/hiwin_msgs/msg/detail
[0.312s] -- Up-to-date: /home/dualarm/hiwin_ws/install/hiwin_msgs/include/hiwin_msgs/hiwin_msgs/msg/detail/digital_io_states__rosidl_typesupport_fastrtps_c.h
[0.312s] -- Up-to-date: /home/dualarm/hiwin_ws/install/hiwin_msgs/include/hiwin_msgs/hiwin_msgs/msg/detail/system_io_states__rosidl_typesupport_fastrtps_c.h
[0.312s] -- Up-to-date: /home/dualarm/hiwin_ws/install/hiwin_msgs/include/hiwin_msgs/hiwin_msgs/msg/rosidl_typesupport_fastrtps_c__visibility_control.h
[0.312s] -- Up-to-date: /home/dualarm/hiwin_ws/install/hiwin_msgs/lib/libhiwin_msgs__rosidl_typesupport_fastrtps_c.so
[0.312s] -- Up-to-date: /home/dualarm/hiwin_ws/install/hiwin_msgs/include/hiwin_msgs/hiwin_msgs
[0.312s] -- Up-to-date: /home/dualarm/hiwin_ws/install/hiwin_msgs/include/hiwin_msgs/hiwin_msgs/srv
[0.312s] -- Up-to-date: /home/dualarm/hiwin_ws/install/hiwin_msgs/include/hiwin_msgs/hiwin_msgs/srv/detail
[0.312s] -- Up-to-date: /home/dualarm/hiwin_ws/install/hiwin_msgs/include/hiwin_msgs/hiwin_msgs/srv/detail/reset_joint_fault__builder.hpp
[0.313s] -- Up-to-date: /home/dualarm/hiwin_ws/install/hiwin_msgs/include/hiwin_msgs/hiwin_msgs/srv/detail/reset_joint_fault__struct.hpp
[0.313s] -- Up-to-date: /home/dualarm/hiwin_ws/install/hiwin_msgs/include/hiwin_msgs/hiwin_msgs/srv/detail/set_io__builder.hpp
[0.313s] -- Up-to-date: /home/dualarm/hiwin_ws/install/hiwin_msgs/include/hiwin_msgs/hiwin_msgs/srv/detail/set_io__traits.hpp
[0.313s] -- Up-to-date: /home/dualarm/hiwin_ws/install/hiwin_msgs/include/hiwin_msgs/hiwin_msgs/srv/detail/set_io__type_support.hpp
[0.313s] -- Up-to-date: /home/dualarm/hiwin_ws/install/hiwin_msgs/include/hiwin_msgs/hiwin_msgs/srv/detail/reset_joint_fault__type_support.hpp
[0.313s] -- Up-to-date: /home/dualarm/hiwin_ws/install/hiwin_msgs/include/hiwin_msgs/hiwin_msgs/srv/detail/reset_joint_fault__traits.hpp
[0.313s] -- Up-to-date: /home/dualarm/hiwin_ws/install/hiwin_msgs/include/hiwin_msgs/hiwin_msgs/srv/detail/set_io__struct.hpp
[0.313s] -- Up-to-date: /home/dualarm/hiwin_ws/install/hiwin_msgs/include/hiwin_msgs/hiwin_msgs/srv/reset_joint_fault.hpp
[0.313s] -- Up-to-date: /home/dualarm/hiwin_ws/install/hiwin_msgs/include/hiwin_msgs/hiwin_msgs/srv/set_io.hpp
[0.313s] -- Up-to-date: /home/dualarm/hiwin_ws/install/hiwin_msgs/include/hiwin_msgs/hiwin_msgs/msg
[0.313s] -- Up-to-date: /home/dualarm/hiwin_ws/install/hiwin_msgs/include/hiwin_msgs/hiwin_msgs/msg/system_io_states.hpp
[0.313s] -- Up-to-date: /home/dualarm/hiwin_ws/install/hiwin_msgs/include/hiwin_msgs/hiwin_msgs/msg/detail
[0.313s] -- Up-to-date: /home/dualarm/hiwin_ws/install/hiwin_msgs/include/hiwin_msgs/hiwin_msgs/msg/detail/system_io_states__traits.hpp
[0.313s] -- Up-to-date: /home/dualarm/hiwin_ws/install/hiwin_msgs/include/hiwin_msgs/hiwin_msgs/msg/detail/system_io_states__struct.hpp
[0.313s] -- Up-to-date: /home/dualarm/hiwin_ws/install/hiwin_msgs/include/hiwin_msgs/hiwin_msgs/msg/detail/system_io_states__builder.hpp
[0.313s] -- Up-to-date: /home/dualarm/hiwin_ws/install/hiwin_msgs/include/hiwin_msgs/hiwin_msgs/msg/detail/digital_io_states__builder.hpp
[0.313s] -- Up-to-date: /home/dualarm/hiwin_ws/install/hiwin_msgs/include/hiwin_msgs/hiwin_msgs/msg/detail/system_io_states__type_support.hpp
[0.313s] -- Up-to-date: /home/dualarm/hiwin_ws/install/hiwin_msgs/include/hiwin_msgs/hiwin_msgs/msg/detail/digital_io_states__struct.hpp
[0.314s] -- Up-to-date: /home/dualarm/hiwin_ws/install/hiwin_msgs/include/hiwin_msgs/hiwin_msgs/msg/detail/digital_io_states__type_support.hpp
[0.314s] -- Up-to-date: /home/dualarm/hiwin_ws/install/hiwin_msgs/include/hiwin_msgs/hiwin_msgs/msg/detail/digital_io_states__traits.hpp
[0.314s] -- Up-to-date: /home/dualarm/hiwin_ws/install/hiwin_msgs/include/hiwin_msgs/hiwin_msgs/msg/digital_io_states.hpp
[0.314s] -- Up-to-date: /home/dualarm/hiwin_ws/install/hiwin_msgs/include/hiwin_msgs/hiwin_msgs/msg/rosidl_generator_cpp__visibility_control.hpp
[0.314s] -- Up-to-date: /home/dualarm/hiwin_ws/install/hiwin_msgs/include/hiwin_msgs/hiwin_msgs
[0.314s] -- Up-to-date: /home/dualarm/hiwin_ws/install/hiwin_msgs/include/hiwin_msgs/hiwin_msgs/srv
[0.314s] -- Up-to-date: /home/dualarm/hiwin_ws/install/hiwin_msgs/include/hiwin_msgs/hiwin_msgs/srv/detail
[0.314s] -- Up-to-date: /home/dualarm/hiwin_ws/install/hiwin_msgs/include/hiwin_msgs/hiwin_msgs/srv/detail/dds_fastrtps
[0.314s] -- Up-to-date: /home/dualarm/hiwin_ws/install/hiwin_msgs/include/hiwin_msgs/hiwin_msgs/srv/detail/set_io__rosidl_typesupport_fastrtps_cpp.hpp
[0.314s] -- Up-to-date: /home/dualarm/hiwin_ws/install/hiwin_msgs/include/hiwin_msgs/hiwin_msgs/srv/detail/reset_joint_fault__rosidl_typesupport_fastrtps_cpp.hpp
[0.314s] -- Up-to-date: /home/dualarm/hiwin_ws/install/hiwin_msgs/include/hiwin_msgs/hiwin_msgs/msg
[0.314s] -- Up-to-date: /home/dualarm/hiwin_ws/install/hiwin_msgs/include/hiwin_msgs/hiwin_msgs/msg/rosidl_typesupport_fastrtps_cpp__visibility_control.h
[0.314s] -- Up-to-date: /home/dualarm/hiwin_ws/install/hiwin_msgs/include/hiwin_msgs/hiwin_msgs/msg/detail
[0.314s] -- Up-to-date: /home/dualarm/hiwin_ws/install/hiwin_msgs/include/hiwin_msgs/hiwin_msgs/msg/detail/dds_fastrtps
[0.314s] -- Up-to-date: /home/dualarm/hiwin_ws/install/hiwin_msgs/include/hiwin_msgs/hiwin_msgs/msg/detail/digital_io_states__rosidl_typesupport_fastrtps_cpp.hpp
[0.314s] -- Up-to-date: /home/dualarm/hiwin_ws/install/hiwin_msgs/include/hiwin_msgs/hiwin_msgs/msg/detail/system_io_states__rosidl_typesupport_fastrtps_cpp.hpp
[0.314s] -- Up-to-date: /home/dualarm/hiwin_ws/install/hiwin_msgs/lib/libhiwin_msgs__rosidl_typesupport_fastrtps_cpp.so
[0.314s] -- Up-to-date: /home/dualarm/hiwin_ws/install/hiwin_msgs/include/hiwin_msgs/hiwin_msgs
[0.314s] -- Up-to-date: /home/dualarm/hiwin_ws/install/hiwin_msgs/include/hiwin_msgs/hiwin_msgs/srv
[0.314s] -- Up-to-date: /home/dualarm/hiwin_ws/install/hiwin_msgs/include/hiwin_msgs/hiwin_msgs/srv/detail
[0.314s] -- Up-to-date: /home/dualarm/hiwin_ws/install/hiwin_msgs/include/hiwin_msgs/hiwin_msgs/srv/detail/set_io__type_support.c
[0.314s] -- Up-to-date: /home/dualarm/hiwin_ws/install/hiwin_msgs/include/hiwin_msgs/hiwin_msgs/srv/detail/reset_joint_fault__type_support.c
[0.315s] -- Up-to-date: /home/dualarm/hiwin_ws/install/hiwin_msgs/include/hiwin_msgs/hiwin_msgs/srv/detail/reset_joint_fault__rosidl_typesupport_introspection_c.h
[0.315s] -- Up-to-date: /home/dualarm/hiwin_ws/install/hiwin_msgs/include/hiwin_msgs/hiwin_msgs/srv/detail/set_io__rosidl_typesupport_introspection_c.h
[0.315s] -- Up-to-date: /home/dualarm/hiwin_ws/install/hiwin_msgs/include/hiwin_msgs/hiwin_msgs/msg
[0.315s] -- Up-to-date: /home/dualarm/hiwin_ws/install/hiwin_msgs/include/hiwin_msgs/hiwin_msgs/msg/detail
[0.315s] -- Up-to-date: /home/dualarm/hiwin_ws/install/hiwin_msgs/include/hiwin_msgs/hiwin_msgs/msg/detail/digital_io_states__type_support.c
[0.315s] -- Up-to-date: /home/dualarm/hiwin_ws/install/hiwin_msgs/include/hiwin_msgs/hiwin_msgs/msg/detail/digital_io_states__rosidl_typesupport_introspection_c.h
[0.315s] -- Up-to-date: /home/dualarm/hiwin_ws/install/hiwin_msgs/include/hiwin_msgs/hiwin_msgs/msg/detail/system_io_states__type_support.c
[0.315s] -- Up-to-date: /home/dualarm/hiwin_ws/install/hiwin_msgs/include/hiwin_msgs/hiwin_msgs/msg/detail/system_io_states__rosidl_typesupport_introspection_c.h
[0.315s] -- Up-to-date: /home/dualarm/hiwin_ws/install/hiwin_msgs/include/hiwin_msgs/hiwin_msgs/msg/rosidl_typesupport_introspection_c__visibility_control.h
[0.315s] -- Up-to-date: /home/dualarm/hiwin_ws/install/hiwin_msgs/lib/libhiwin_msgs__rosidl_typesupport_introspection_c.so
[0.315s] -- Up-to-date: /home/dualarm/hiwin_ws/install/hiwin_msgs/lib/libhiwin_msgs__rosidl_typesupport_c.so
[0.315s] -- Up-to-date: /home/dualarm/hiwin_ws/install/hiwin_msgs/include/hiwin_msgs/hiwin_msgs
[0.315s] -- Up-to-date: /home/dualarm/hiwin_ws/install/hiwin_msgs/include/hiwin_msgs/hiwin_msgs/srv
[0.315s] -- Up-to-date: /home/dualarm/hiwin_ws/install/hiwin_msgs/include/hiwin_msgs/hiwin_msgs/srv/detail
[0.315s] -- Up-to-date: /home/dualarm/hiwin_ws/install/hiwin_msgs/include/hiwin_msgs/hiwin_msgs/srv/detail/set_io__type_support.cpp
[0.315s] -- Up-to-date: /home/dualarm/hiwin_ws/install/hiwin_msgs/include/hiwin_msgs/hiwin_msgs/srv/detail/reset_joint_fault__rosidl_typesupport_introspection_cpp.hpp
[0.315s] -- Up-to-date: /home/dualarm/hiwin_ws/install/hiwin_msgs/include/hiwin_msgs/hiwin_msgs/srv/detail/set_io__rosidl_typesupport_introspection_cpp.hpp
[0.315s] -- Up-to-date: /home/dualarm/hiwin_ws/install/hiwin_msgs/include/hiwin_msgs/hiwin_msgs/srv/detail/reset_joint_fault__type_support.cpp
[0.315s] -- Up-to-date: /home/dualarm/hiwin_ws/install/hiwin_msgs/include/hiwin_msgs/hiwin_msgs/msg
[0.315s] -- Up-to-date: /home/dualarm/hiwin_ws/install/hiwin_msgs/include/hiwin_msgs/hiwin_msgs/msg/detail
[0.315s] -- Up-to-date: /home/dualarm/hiwin_ws/install/hiwin_msgs/include/hiwin_msgs/hiwin_msgs/msg/detail/system_io_states__type_support.cpp
[0.315s] -- Up-to-date: /home/dualarm/hiwin_ws/install/hiwin_msgs/include/hiwin_msgs/hiwin_msgs/msg/detail/digital_io_states__rosidl_typesupport_introspection_cpp.hpp
[0.316s] -- Up-to-date: /home/dualarm/hiwin_ws/install/hiwin_msgs/include/hiwin_msgs/hiwin_msgs/msg/detail/digital_io_states__type_support.cpp
[0.316s] -- Up-to-date: /home/dualarm/hiwin_ws/install/hiwin_msgs/include/hiwin_msgs/hiwin_msgs/msg/detail/system_io_states__rosidl_typesupport_introspection_cpp.hpp
[0.316s] -- Up-to-date: /home/dualarm/hiwin_ws/install/hiwin_msgs/lib/libhiwin_msgs__rosidl_typesupport_introspection_cpp.so
[0.316s] -- Up-to-date: /home/dualarm/hiwin_ws/install/hiwin_msgs/lib/libhiwin_msgs__rosidl_typesupport_cpp.so
[0.316s] -- Up-to-date: /home/dualarm/hiwin_ws/install/hiwin_msgs/share/hiwin_msgs/environment/pythonpath.sh
[0.316s] -- Up-to-date: /home/dualarm/hiwin_ws/install/hiwin_msgs/share/hiwin_msgs/environment/pythonpath.dsv
[0.316s] -- Up-to-date: /home/dualarm/hiwin_ws/install/hiwin_msgs/local/lib/python3.10/dist-packages/hiwin_msgs-0.0.0-py3.10.egg-info
[0.316s] -- Installing: /home/dualarm/hiwin_ws/install/hiwin_msgs/local/lib/python3.10/dist-packages/hiwin_msgs-0.0.0-py3.10.egg-info/dependency_links.txt
[0.316s] -- Installing: /home/dualarm/hiwin_ws/install/hiwin_msgs/local/lib/python3.10/dist-packages/hiwin_msgs-0.0.0-py3.10.egg-info/top_level.txt
[0.316s] -- Installing: /home/dualarm/hiwin_ws/install/hiwin_msgs/local/lib/python3.10/dist-packages/hiwin_msgs-0.0.0-py3.10.egg-info/PKG-INFO
[0.316s] -- Installing: /home/dualarm/hiwin_ws/install/hiwin_msgs/local/lib/python3.10/dist-packages/hiwin_msgs-0.0.0-py3.10.egg-info/SOURCES.txt
[0.316s] -- Up-to-date: /home/dualarm/hiwin_ws/install/hiwin_msgs/local/lib/python3.10/dist-packages/hiwin_msgs
[0.316s] -- Up-to-date: /home/dualarm/hiwin_ws/install/hiwin_msgs/local/lib/python3.10/dist-packages/hiwin_msgs/_hiwin_msgs_s.ep.rosidl_typesupport_introspection_c.c
[0.316s] -- Up-to-date: /home/dualarm/hiwin_ws/install/hiwin_msgs/local/lib/python3.10/dist-packages/hiwin_msgs/hiwin_msgs_s__rosidl_typesupport_fastrtps_c.cpython-310-x86_64-linux-gnu.so
[0.316s] -- Up-to-date: /home/dualarm/hiwin_ws/install/hiwin_msgs/local/lib/python3.10/dist-packages/hiwin_msgs/_hiwin_msgs_s.ep.rosidl_typesupport_fastrtps_c.c
[0.317s] -- Up-to-date: /home/dualarm/hiwin_ws/install/hiwin_msgs/local/lib/python3.10/dist-packages/hiwin_msgs/srv
[0.317s] -- Up-to-date: /home/dualarm/hiwin_ws/install/hiwin_msgs/local/lib/python3.10/dist-packages/hiwin_msgs/srv/_reset_joint_fault.py
[0.317s] -- Up-to-date: /home/dualarm/hiwin_ws/install/hiwin_msgs/local/lib/python3.10/dist-packages/hiwin_msgs/srv/_set_io_s.c
[0.317s] -- Up-to-date: /home/dualarm/hiwin_ws/install/hiwin_msgs/local/lib/python3.10/dist-packages/hiwin_msgs/srv/_reset_joint_fault_s.c
[0.317s] -- Up-to-date: /home/dualarm/hiwin_ws/install/hiwin_msgs/local/lib/python3.10/dist-packages/hiwin_msgs/srv/__init__.py
[0.317s] -- Up-to-date: /home/dualarm/hiwin_ws/install/hiwin_msgs/local/lib/python3.10/dist-packages/hiwin_msgs/srv/_set_io.py
[0.317s] -- Up-to-date: /home/dualarm/hiwin_ws/install/hiwin_msgs/local/lib/python3.10/dist-packages/hiwin_msgs/hiwin_msgs_s__rosidl_typesupport_c.cpython-310-x86_64-linux-gnu.so
[0.317s] -- Up-to-date: /home/dualarm/hiwin_ws/install/hiwin_msgs/local/lib/python3.10/dist-packages/hiwin_msgs/_hiwin_msgs_s.ep.rosidl_typesupport_c.c
[0.317s] -- Up-to-date: /home/dualarm/hiwin_ws/install/hiwin_msgs/local/lib/python3.10/dist-packages/hiwin_msgs/hiwin_msgs_s__rosidl_typesupport_introspection_c.cpython-310-x86_64-linux-gnu.so
[0.317s] -- Up-to-date: /home/dualarm/hiwin_ws/install/hiwin_msgs/local/lib/python3.10/dist-packages/hiwin_msgs/libhiwin_msgs__rosidl_generator_py.so
[0.317s] -- Up-to-date: /home/dualarm/hiwin_ws/install/hiwin_msgs/local/lib/python3.10/dist-packages/hiwin_msgs/msg
[0.317s] -- Up-to-date: /home/dualarm/hiwin_ws/install/hiwin_msgs/local/lib/python3.10/dist-packages/hiwin_msgs/msg/_system_io_states_s.c
[0.317s] -- Up-to-date: /home/dualarm/hiwin_ws/install/hiwin_msgs/local/lib/python3.10/dist-packages/hiwin_msgs/msg/_digital_io_states_s.c
[0.317s] -- Up-to-date: /home/dualarm/hiwin_ws/install/hiwin_msgs/local/lib/python3.10/dist-packages/hiwin_msgs/msg/_system_io_states.py
[0.318s] -- Up-to-date: /home/dualarm/hiwin_ws/install/hiwin_msgs/local/lib/python3.10/dist-packages/hiwin_msgs/msg/_digital_io_states.py
[0.318s] -- Up-to-date: /home/dualarm/hiwin_ws/install/hiwin_msgs/local/lib/python3.10/dist-packages/hiwin_msgs/msg/__init__.py
[0.318s] -- Up-to-date: /home/dualarm/hiwin_ws/install/hiwin_msgs/local/lib/python3.10/dist-packages/hiwin_msgs/__init__.py
[0.339s] Listing '/home/dualarm/hiwin_ws/install/hiwin_msgs/local/lib/python3.10/dist-packages/hiwin_msgs'...
[0.339s] Listing '/home/dualarm/hiwin_ws/install/hiwin_msgs/local/lib/python3.10/dist-packages/hiwin_msgs/msg'...
[0.339s] Listing '/home/dualarm/hiwin_ws/install/hiwin_msgs/local/lib/python3.10/dist-packages/hiwin_msgs/srv'...
[0.342s] -- Up-to-date: /home/dualarm/hiwin_ws/install/hiwin_msgs/local/lib/python3.10/dist-packages/hiwin_msgs/hiwin_msgs_s__rosidl_typesupport_fastrtps_c.cpython-310-x86_64-linux-gnu.so
[0.342s] -- Up-to-date: /home/dualarm/hiwin_ws/install/hiwin_msgs/local/lib/python3.10/dist-packages/hiwin_msgs/hiwin_msgs_s__rosidl_typesupport_introspection_c.cpython-310-x86_64-linux-gnu.so
[0.342s] -- Up-to-date: /home/dualarm/hiwin_ws/install/hiwin_msgs/local/lib/python3.10/dist-packages/hiwin_msgs/hiwin_msgs_s__rosidl_typesupport_c.cpython-310-x86_64-linux-gnu.so
[0.342s] -- Up-to-date: /home/dualarm/hiwin_ws/install/hiwin_msgs/lib/libhiwin_msgs__rosidl_generator_py.so
[0.343s] -- Up-to-date: /home/dualarm/hiwin_ws/install/hiwin_msgs/share/ament_index/resource_index/rust_packages/hiwin_msgs
[0.343s] -- Up-to-date: /home/dualarm/hiwin_ws/install/hiwin_msgs/share/hiwin_msgs/rust
[0.343s] -- Up-to-date: /home/dualarm/hiwin_ws/install/hiwin_msgs/share/hiwin_msgs/rust/build.rs
[0.343s] -- Up-to-date: /home/dualarm/hiwin_ws/install/hiwin_msgs/share/hiwin_msgs/rust/Cargo.toml
[0.343s] -- Up-to-date: /home/dualarm/hiwin_ws/install/hiwin_msgs/share/hiwin_msgs/rust/src
[0.343s] -- Up-to-date: /home/dualarm/hiwin_ws/install/hiwin_msgs/share/hiwin_msgs/rust/src/lib.rs
[0.343s] -- Up-to-date: /home/dualarm/hiwin_ws/install/hiwin_msgs/share/hiwin_msgs/rust/src/srv
[0.343s] -- Up-to-date: /home/dualarm/hiwin_ws/install/hiwin_msgs/share/hiwin_msgs/rust/src/srv/rmw.rs
[0.343s] -- Up-to-date: /home/dualarm/hiwin_ws/install/hiwin_msgs/share/hiwin_msgs/rust/src/srv.rs
[0.343s] -- Up-to-date: /home/dualarm/hiwin_ws/install/hiwin_msgs/share/hiwin_msgs/rust/src/msg.rs
[0.343s] -- Up-to-date: /home/dualarm/hiwin_ws/install/hiwin_msgs/share/hiwin_msgs/rust/src/msg
[0.343s] -- Up-to-date: /home/dualarm/hiwin_ws/install/hiwin_msgs/share/hiwin_msgs/rust/src/msg/rmw.rs
[0.343s] -- Up-to-date: /home/dualarm/hiwin_ws/install/hiwin_msgs/share/hiwin_msgs/msg/SystemIOStates.idl
[0.343s] -- Up-to-date: /home/dualarm/hiwin_ws/install/hiwin_msgs/share/hiwin_msgs/msg/DigitalIOStates.idl
[0.343s] -- Up-to-date: /home/dualarm/hiwin_ws/install/hiwin_msgs/share/hiwin_msgs/srv/SetIO.idl
[0.343s] -- Up-to-date: /home/dualarm/hiwin_ws/install/hiwin_msgs/share/hiwin_msgs/srv/ResetJointFault.idl
[0.344s] -- Up-to-date: /home/dualarm/hiwin_ws/install/hiwin_msgs/share/hiwin_msgs/msg/SystemIOStates.msg
[0.344s] -- Up-to-date: /home/dualarm/hiwin_ws/install/hiwin_msgs/share/hiwin_msgs/msg/DigitalIOStates.msg
[0.344s] -- Up-to-date: /home/dualarm/hiwin_ws/install/hiwin_msgs/share/hiwin_msgs/srv/SetIO.srv
[0.344s] -- Up-to-date: /home/dualarm/hiwin_ws/install/hiwin_msgs/share/hiwin_msgs/srv/SetIO_Request.msg
[0.344s] -- Up-to-date: /home/dualarm/hiwin_ws/install/hiwin_msgs/share/hiwin_msgs/srv/SetIO_Response.msg
[0.344s] -- Up-to-date: /home/dualarm/hiwin_ws/install/hiwin_msgs/share/hiwin_msgs/srv/ResetJointFault.srv
[0.344s] -- Up-to-date: /home/dualarm/hiwin_ws/install/hiwin_msgs/share/hiwin_msgs/srv/ResetJointFault_Request.msg
[0.344s] -- Up-to-date: /home/dualarm/hiwin_ws/install/hiwin_msgs/share/hiwin_msgs/srv/ResetJointFault_Response.msg
[0.344s] -- Up-to-date: /home/dualarm/hiwin_ws/install/hiwin_msgs/share/ament_index/resource_index/package_run_dependencies/hiwin_msgs
[0.344s] -- Up-to-date: /home/dualarm/hiwin_ws/install/hiwin_msgs/share/ament_index/resource_index/parent_prefix_path/hiwin_msgs
[0.344s] -- Up-to-date: /home/dualarm/hiwin_ws/install/hiwin_msgs/share/hiwin_msgs/environment/ament_prefix_path.sh
[0.344s] -- Up-to-date: /home/dualarm/hiwin_ws/install/hiwin_msgs/share/hiwin_msgs/environment/ament_prefix_path.dsv
[0.344s] -- Up-to-date: /home/dualarm/hiwin_ws/install/hiwin_msgs/share/hiwin_msgs/environment/path.sh
[0.344s] -- Up-to-date: /home/dualarm/hiwin_ws/install/hiwin_msgs/share/hiwin_msgs/environment/path.dsv
[0.344s] -- Up-to-date: /home/dualarm/hiwin_ws/install/hiwin_msgs/share/hiwin_msgs/local_setup.bash
[0.344s] -- Up-to-date: /home/dualarm/hiwin_ws/install/hiwin_msgs/share/hiwin_msgs/local_setup.sh
[0.344s] -- Up-to-date: /home/dualarm/hiwin_ws/install/hiwin_msgs/share/hiwin_msgs/local_setup.zsh
[0.344s] -- Up-to-date: /home/dualarm/hiwin_ws/install/hiwin_msgs/share/hiwin_msgs/local_setup.dsv
[0.344s] -- Installing: /home/dualarm/hiwin_ws/install/hiwin_msgs/share/hiwin_msgs/package.dsv
[0.344s] -- Up-to-date: /home/dualarm/hiwin_ws/install/hiwin_msgs/share/ament_index/resource_index/packages/hiwin_msgs
[0.345s] -- Up-to-date: /home/dualarm/hiwin_ws/install/hiwin_msgs/share/hiwin_msgs/cmake/export_hiwin_msgs__rosidl_generator_cExport.cmake
[0.345s] -- Up-to-date: /home/dualarm/hiwin_ws/install/hiwin_msgs/share/hiwin_msgs/cmake/export_hiwin_msgs__rosidl_generator_cExport-release.cmake
[0.345s] -- Up-to-date: /home/dualarm/hiwin_ws/install/hiwin_msgs/share/hiwin_msgs/cmake/export_hiwin_msgs__rosidl_typesupport_fastrtps_cExport.cmake
[0.345s] -- Up-to-date: /home/dualarm/hiwin_ws/install/hiwin_msgs/share/hiwin_msgs/cmake/export_hiwin_msgs__rosidl_typesupport_fastrtps_cExport-release.cmake
[0.345s] -- Up-to-date: /home/dualarm/hiwin_ws/install/hiwin_msgs/share/hiwin_msgs/cmake/export_hiwin_msgs__rosidl_generator_cppExport.cmake
[0.345s] -- Up-to-date: /home/dualarm/hiwin_ws/install/hiwin_msgs/share/hiwin_msgs/cmake/export_hiwin_msgs__rosidl_typesupport_fastrtps_cppExport.cmake
[0.345s] -- Up-to-date: /home/dualarm/hiwin_ws/install/hiwin_msgs/share/hiwin_msgs/cmake/export_hiwin_msgs__rosidl_typesupport_fastrtps_cppExport-release.cmake
[0.345s] -- Up-to-date: /home/dualarm/hiwin_ws/install/hiwin_msgs/share/hiwin_msgs/cmake/hiwin_msgs__rosidl_typesupport_introspection_cExport.cmake
[0.345s] -- Up-to-date: /home/dualarm/hiwin_ws/install/hiwin_msgs/share/hiwin_msgs/cmake/hiwin_msgs__rosidl_typesupport_introspection_cExport-release.cmake
[0.345s] -- Up-to-date: /home/dualarm/hiwin_ws/install/hiwin_msgs/share/hiwin_msgs/cmake/hiwin_msgs__rosidl_typesupport_cExport.cmake
[0.345s] -- Up-to-date: /home/dualarm/hiwin_ws/install/hiwin_msgs/share/hiwin_msgs/cmake/hiwin_msgs__rosidl_typesupport_cExport-release.cmake
[0.345s] -- Up-to-date: /home/dualarm/hiwin_ws/install/hiwin_msgs/share/hiwin_msgs/cmake/hiwin_msgs__rosidl_typesupport_introspection_cppExport.cmake
[0.345s] -- Up-to-date: /home/dualarm/hiwin_ws/install/hiwin_msgs/share/hiwin_msgs/cmake/hiwin_msgs__rosidl_typesupport_introspection_cppExport-release.cmake
[0.345s] -- Up-to-date: /home/dualarm/hiwin_ws/install/hiwin_msgs/share/hiwin_msgs/cmake/hiwin_msgs__rosidl_typesupport_cppExport.cmake
[0.345s] -- Up-to-date: /home/dualarm/hiwin_ws/install/hiwin_msgs/share/hiwin_msgs/cmake/hiwin_msgs__rosidl_typesupport_cppExport-release.cmake
[0.345s] -- Up-to-date: /home/dualarm/hiwin_ws/install/hiwin_msgs/share/hiwin_msgs/cmake/export_hiwin_msgs__rosidl_generator_pyExport.cmake
[0.345s] -- Up-to-date: /home/dualarm/hiwin_ws/install/hiwin_msgs/share/hiwin_msgs/cmake/export_hiwin_msgs__rosidl_generator_pyExport-release.cmake
[0.345s] -- Up-to-date: /home/dualarm/hiwin_ws/install/hiwin_msgs/share/hiwin_msgs/cmake/rosidl_cmake-extras.cmake
[0.345s] -- Up-to-date: /home/dualarm/hiwin_ws/install/hiwin_msgs/share/hiwin_msgs/cmake/ament_cmake_export_dependencies-extras.cmake
[0.345s] -- Up-to-date: /home/dualarm/hiwin_ws/install/hiwin_msgs/share/hiwin_msgs/cmake/ament_cmake_export_include_directories-extras.cmake
[0.345s] -- Up-to-date: /home/dualarm/hiwin_ws/install/hiwin_msgs/share/hiwin_msgs/cmake/ament_cmake_export_libraries-extras.cmake
[0.345s] -- Up-to-date: /home/dualarm/hiwin_ws/install/hiwin_msgs/share/hiwin_msgs/cmake/ament_cmake_export_targets-extras.cmake
[0.345s] -- Up-to-date: /home/dualarm/hiwin_ws/install/hiwin_msgs/share/hiwin_msgs/cmake/rosidl_cmake_export_typesupport_targets-extras.cmake
[0.346s] -- Up-to-date: /home/dualarm/hiwin_ws/install/hiwin_msgs/share/hiwin_msgs/cmake/rosidl_cmake_export_typesupport_libraries-extras.cmake
[0.346s] -- Up-to-date: /home/dualarm/hiwin_ws/install/hiwin_msgs/share/hiwin_msgs/cmake/hiwin_msgsConfig.cmake
[0.346s] -- Up-to-date: /home/dualarm/hiwin_ws/install/hiwin_msgs/share/hiwin_msgs/cmake/hiwin_msgsConfig-version.cmake
[0.346s] -- Up-to-date: /home/dualarm/hiwin_ws/install/hiwin_msgs/share/hiwin_msgs/package.xml
[0.347s] Invoked command in '/home/dualarm/hiwin_ws/build/hiwin_msgs' returned '0': CMAKE_PREFIX_PATH=${CMAKE_PREFIX_PATH}:/home/dualarm/ws_moveit2/install/moveit_configs_utils:/home/dualarm/ws_moveit2/install/launch_param_builder:/opt/ros/humble /usr/bin/cmake --install /home/dualarm/hiwin_ws/build/hiwin_msgs
