-- The C compiler identification is GNU 11.4.0
-- The CXX compiler identification is GNU 11.4.0
-- Detecting C compiler ABI info
-- Detecting C compiler ABI info - done
-- Check for working C compiler: /usr/bin/cc - skipped
-- Detecting C compile features
-- Detecting C compile features - done
-- Detecting CXX compiler ABI info
-- Detecting CXX compiler ABI info - done
-- Check for working CXX compiler: /usr/bin/c++ - skipped
-- Detecting CXX compile features
-- Detecting CXX compile features - done
-- Found ament_cmake: 1.3.14 (/opt/ros/humble/share/ament_cmake/cmake)
-- Found Python3: /usr/bin/python3 (found version "3.10.12") found components: Interpreter 
-- Found controller_interface: 2.54.0 (/opt/ros/humble/share/controller_interface/cmake)
-- Found rosidl_generator_c: 3.1.8 (/opt/ros/humble/share/rosidl_generator_c/cmake)
-- Found rosidl_adapter: 3.1.8 (/opt/ros/humble/share/rosidl_adapter/cmake)
-- Found rosidl_generator_cpp: 3.1.8 (/opt/ros/humble/share/rosidl_generator_cpp/cmake)
-- Using all available rosidl_typesupport_c: rosidl_typesupport_fastrtps_c;rosidl_typesupport_introspection_c
-- Using all available rosidl_typesupport_cpp: rosidl_typesupport_fastrtps_cpp;rosidl_typesupport_introspection_cpp
-- Found rmw_implementation_cmake: 6.1.2 (/opt/ros/humble/share/rmw_implementation_cmake/cmake)
-- Found rmw_cyclonedds_cpp: 1.3.4 (/opt/ros/humble/share/rmw_cyclonedds_cpp/cmake)
-- Using RMW implementation 'rmw_cyclonedds_cpp' as default
-- Looking for pthread.h
-- Looking for pthread.h - found
-- Performing Test CMAKE_HAVE_LIBC_PTHREAD
-- Performing Test CMAKE_HAVE_LIBC_PTHREAD - Success
-- Found Threads: TRUE  
-- Found hiwin_msgs: 0.0.0 (/home/dualarm/hiwin_ws/install/hiwin_msgs/share/hiwin_msgs/cmake)
-- Found generate_parameter_library: 0.7.1 (/opt/ros/humble/share/generate_parameter_library/cmake)
-- Found parameter_traits: 0.7.1 (/opt/ros/humble/share/parameter_traits/cmake)
-- Found rclcpp_action: 16.0.19 (/opt/ros/humble/share/rclcpp_action/cmake)
-- Configuring done
-- Generating done
-- Build files have been written to: /home/dualarm/hiwin_ws/build/hiwin_controllers
[ 28%] [34m[1mRunning `/opt/ros/humble/bin/generate_parameter_library_cpp /home/dualarm/hiwin_ws/build/hiwin_controllers/include/hiwin_controllers/gpio_controller_parameters.hpp /home/dualarm/hiwin_ws/src/hiwin/hiwin_ros2/hiwin_controllers/src/gpio_controller_parameters.yaml `[0m
[ 28%] [34m[1mRunning `/opt/ros/humble/bin/generate_parameter_library_cpp /home/dualarm/hiwin_ws/build/hiwin_controllers/include/hiwin_controllers/joint_state_parameters.hpp /home/dualarm/hiwin_ws/src/hiwin/hiwin_ros2/hiwin_controllers/src/joint_state_parameters.yaml `[0m
[ 42%] [34m[1mCreating deprecated header file /home/dualarm/hiwin_ws/build/hiwin_controllers/include/joint_state_parameters.hpp[0m
[ 42%] Built target joint_state_parameters
[ 57%] [34m[1mCreating deprecated header file /home/dualarm/hiwin_ws/build/hiwin_controllers/include/gpio_controller_parameters.hpp[0m
[ 57%] Built target gpio_controller_parameters
[ 85%] [32mBuilding CXX object CMakeFiles/hiwin_controllers.dir/src/reset_fault_controller.cpp.o[0m
[ 85%] [32mBuilding CXX object CMakeFiles/hiwin_controllers.dir/src/gpio_controller.cpp.o[0m
[100%] [32m[1mLinking CXX shared library libhiwin_controllers.so[0m
[100%] Built target hiwin_controllers
-- Install configuration: "Release"
-- Installing: /home/dualarm/hiwin_ws/install/hiwin_controllers/include/hiwin_controllers
-- Installing: /home/dualarm/hiwin_ws/install/hiwin_controllers/include/hiwin_controllers/joint_state_parameters.hpp
-- Installing: /home/dualarm/hiwin_ws/install/hiwin_controllers/include/hiwin_controllers/gpio_controller_parameters.hpp
-- Up-to-date: /home/dualarm/hiwin_ws/install/hiwin_controllers/include/hiwin_controllers
-- Up-to-date: /home/dualarm/hiwin_ws/install/hiwin_controllers/include/hiwin_controllers/joint_state_parameters.hpp
-- Up-to-date: /home/dualarm/hiwin_ws/install/hiwin_controllers/include/hiwin_controllers/gpio_controller_parameters.hpp
-- Installing: /home/dualarm/hiwin_ws/install/hiwin_controllers/share/hiwin_controllers/controller_plugins.xml
-- Installing: /home/dualarm/hiwin_ws/install/hiwin_controllers/lib/libhiwin_controllers.so
-- Set runtime path of "/home/dualarm/hiwin_ws/install/hiwin_controllers/lib/libhiwin_controllers.so" to ""
-- Up-to-date: /home/dualarm/hiwin_ws/install/hiwin_controllers/include
-- Up-to-date: /home/dualarm/hiwin_ws/install/hiwin_controllers/include/hiwin_controllers
-- Installing: /home/dualarm/hiwin_ws/install/hiwin_controllers/include/hiwin_controllers/reset_fault_controller.hpp
-- Installing: /home/dualarm/hiwin_ws/install/hiwin_controllers/include/hiwin_controllers/gpio_controller.hpp
-- Up-to-date: /home/dualarm/hiwin_ws/install/hiwin_controllers/share/hiwin_controllers/controller_plugins.xml
-- Installing: /home/dualarm/hiwin_ws/install/hiwin_controllers/share/hiwin_controllers/environment/library_path.sh
-- Installing: /home/dualarm/hiwin_ws/install/hiwin_controllers/share/hiwin_controllers/environment/library_path.dsv
-- Installing: /home/dualarm/hiwin_ws/install/hiwin_controllers/share/ament_index/resource_index/package_run_dependencies/hiwin_controllers
-- Installing: /home/dualarm/hiwin_ws/install/hiwin_controllers/share/ament_index/resource_index/parent_prefix_path/hiwin_controllers
-- Installing: /home/dualarm/hiwin_ws/install/hiwin_controllers/share/hiwin_controllers/environment/ament_prefix_path.sh
-- Installing: /home/dualarm/hiwin_ws/install/hiwin_controllers/share/hiwin_controllers/environment/ament_prefix_path.dsv
-- Installing: /home/dualarm/hiwin_ws/install/hiwin_controllers/share/hiwin_controllers/environment/path.sh
-- Installing: /home/dualarm/hiwin_ws/install/hiwin_controllers/share/hiwin_controllers/environment/path.dsv
-- Installing: /home/dualarm/hiwin_ws/install/hiwin_controllers/share/hiwin_controllers/local_setup.bash
-- Installing: /home/dualarm/hiwin_ws/install/hiwin_controllers/share/hiwin_controllers/local_setup.sh
-- Installing: /home/dualarm/hiwin_ws/install/hiwin_controllers/share/hiwin_controllers/local_setup.zsh
-- Installing: /home/dualarm/hiwin_ws/install/hiwin_controllers/share/hiwin_controllers/local_setup.dsv
-- Installing: /home/dualarm/hiwin_ws/install/hiwin_controllers/share/hiwin_controllers/package.dsv
-- Installing: /home/dualarm/hiwin_ws/install/hiwin_controllers/share/ament_index/resource_index/packages/hiwin_controllers
-- Installing: /home/dualarm/hiwin_ws/install/hiwin_controllers/share/ament_index/resource_index/controller_interface__pluginlib__plugin/hiwin_controllers
-- Installing: /home/dualarm/hiwin_ws/install/hiwin_controllers/share/hiwin_controllers/cmake/ament_cmake_export_dependencies-extras.cmake
-- Installing: /home/dualarm/hiwin_ws/install/hiwin_controllers/share/hiwin_controllers/cmake/ament_cmake_export_include_directories-extras.cmake
-- Installing: /home/dualarm/hiwin_ws/install/hiwin_controllers/share/hiwin_controllers/cmake/ament_cmake_export_libraries-extras.cmake
-- Installing: /home/dualarm/hiwin_ws/install/hiwin_controllers/share/hiwin_controllers/cmake/hiwin_controllersConfig.cmake
-- Installing: /home/dualarm/hiwin_ws/install/hiwin_controllers/share/hiwin_controllers/cmake/hiwin_controllersConfig-version.cmake
-- Installing: /home/dualarm/hiwin_ws/install/hiwin_controllers/share/hiwin_controllers/package.xml
