[0.020s] Invoking command in '/home/dualarm/hiwin_ws/build/dual_arm_alm_cg_planner': CMAKE_PREFIX_PATH=${CMAKE_PREFIX_PATH}:/home/dualarm/ws_moveit2/install/moveit_configs_utils:/home/dualarm/ws_moveit2/install/launch_param_builder:/opt/ros/humble /usr/bin/cmake --build /home/dualarm/hiwin_ws/build/dual_arm_alm_cg_planner -- -j16 -l16
[0.084s] -- Found ament_cmake: 1.3.14 (/opt/ros/humble/share/ament_cmake/cmake)
[0.364s] -- Found rclcpp: 16.0.19 (/opt/ros/humble/share/rclcpp/cmake)
[0.400s] -- Found rosidl_generator_c: 3.1.9 (/opt/ros/humble/share/rosidl_generator_c/cmake)
[0.403s] -- Found rosidl_adapter: 3.1.9 (/opt/ros/humble/share/rosidl_adapter/cmake)
[0.410s] -- Found rosidl_generator_cpp: 3.1.9 (/opt/ros/humble/share/rosidl_generator_cpp/cmake)
[0.422s] -- Using all available rosidl_typesupport_c: rosidl_typesupport_fastrtps_c;rosidl_typesupport_introspection_c
[0.437s] -- Using all available rosidl_typesupport_cpp: rosidl_typesupport_fastrtps_cpp;rosidl_typesupport_introspection_cpp
[0.472s] -- Found rmw_implementation_cmake: 6.1.3 (/opt/ros/humble/share/rmw_implementation_cmake/cmake)
[0.477s] -- Found rmw_cyclonedds_cpp: 1.3.4 (/opt/ros/humble/share/rmw_cyclonedds_cpp/cmake)
[0.499s] -- Using RMW implementation 'rmw_cyclonedds_cpp' as default
[0.555s] -- Found pluginlib: 5.1.4 (/opt/ros/humble/share/pluginlib/cmake)
[0.573s] -- Found moveit_core: 2.5.9 (/home/dualarm/ws_moveit2/install/moveit_core/share/moveit_core/cmake)
[0.596s] -- Found Boost: /usr/lib/x86_64-linux-gnu/cmake/Boost-1.74.0/BoostConfig.cmake (found version "1.74.0") found components: chrono date_time filesystem iostreams program_options regex serialization system thread 
[0.629s] -- Found parameter_traits: 0.7.5 (/opt/ros/humble/share/parameter_traits/cmake)
[0.637s] -- Found rclcpp_lifecycle: 16.0.19 (/opt/ros/humble/share/rclcpp_lifecycle/cmake)
[0.708s] -- library: /usr/lib/x86_64-linux-gnu/libcurl.so
[0.764s] -- Ensuring Eigen3 include directory is part of orocos-kdl CMake target
[1.025s] -- Configuring done
[1.060s] -- Generating done
[1.065s] -- Build files have been written to: /home/dualarm/hiwin_ws/build/dual_arm_alm_cg_planner
[1.095s] [35m[1mConsolidate compiler generated dependencies of target dual_arm_alm_cg_planner[0m
[1.120s] [ 40%] [32mBuilding CXX object CMakeFiles/dual_arm_alm_cg_planner.dir/src/avoidance_system.cpp.o[0m
[1.120s] [ 40%] [32mBuilding CXX object CMakeFiles/dual_arm_alm_cg_planner.dir/src/cg_solver.cpp.o[0m
[1.120s] [ 60%] [32mBuilding CXX object CMakeFiles/dual_arm_alm_cg_planner.dir/src/data_io.cpp.o[0m
[1.158s] [ 80%] [32mBuilding CXX object CMakeFiles/dual_arm_alm_cg_planner.dir/src/planner_manager.cpp.o[0m
[7.673s] [100%] [32m[1mLinking CXX shared library libdual_arm_alm_cg_planner.so[0m
[7.851s] [100%] Built target dual_arm_alm_cg_planner
[7.861s] Invoked command in '/home/dualarm/hiwin_ws/build/dual_arm_alm_cg_planner' returned '0': CMAKE_PREFIX_PATH=${CMAKE_PREFIX_PATH}:/home/dualarm/ws_moveit2/install/moveit_configs_utils:/home/dualarm/ws_moveit2/install/launch_param_builder:/opt/ros/humble /usr/bin/cmake --build /home/dualarm/hiwin_ws/build/dual_arm_alm_cg_planner -- -j16 -l16
[7.862s] Invoking command in '/home/dualarm/hiwin_ws/build/dual_arm_alm_cg_planner': CMAKE_PREFIX_PATH=${CMAKE_PREFIX_PATH}:/home/dualarm/ws_moveit2/install/moveit_configs_utils:/home/dualarm/ws_moveit2/install/launch_param_builder:/opt/ros/humble /usr/bin/cmake --install /home/dualarm/hiwin_ws/build/dual_arm_alm_cg_planner
[7.870s] -- Install configuration: "Release"
[7.870s] -- Up-to-date: /home/dualarm/hiwin_ws/install/dual_arm_alm_cg_planner/share/dual_arm_alm_cg_planner/dual_arm_alm_cg_planner.xml
[7.871s] -- Installing: /home/dualarm/hiwin_ws/install/dual_arm_alm_cg_planner/lib/libdual_arm_alm_cg_planner.so
[7.871s] -- Set runtime path of "/home/dualarm/hiwin_ws/install/dual_arm_alm_cg_planner/lib/libdual_arm_alm_cg_planner.so" to ""
[7.871s] -- Up-to-date: /home/dualarm/hiwin_ws/install/dual_arm_alm_cg_planner/include
[7.871s] -- Up-to-date: /home/dualarm/hiwin_ws/install/dual_arm_alm_cg_planner/include/dual_arm_alm_cg_planner
[7.872s] -- Up-to-date: /home/dualarm/hiwin_ws/install/dual_arm_alm_cg_planner/include/dual_arm_alm_cg_planner/planner_manager.hpp
[7.872s] -- Up-to-date: /home/dualarm/hiwin_ws/install/dual_arm_alm_cg_planner/include/dual_arm_alm_cg_planner/cg_solver.hpp
[7.872s] -- Up-to-date: /home/dualarm/hiwin_ws/install/dual_arm_alm_cg_planner/include/dual_arm_alm_cg_planner/avoidance_system.hpp
[7.872s] -- Up-to-date: /home/dualarm/hiwin_ws/install/dual_arm_alm_cg_planner/include/dual_arm_alm_cg_planner/data_io.hpp
[7.872s] -- Up-to-date: /home/dualarm/hiwin_ws/install/dual_arm_alm_cg_planner/share/dual_arm_alm_cg_planner/config
[7.872s] -- Up-to-date: /home/dualarm/hiwin_ws/install/dual_arm_alm_cg_planner/share/dual_arm_alm_cg_planner/config/dual_arm_alm_cg_planning.yaml
[7.872s] -- Up-to-date: /home/dualarm/hiwin_ws/install/dual_arm_alm_cg_planner/share/dual_arm_alm_cg_planner/environment/library_path.sh
[7.872s] -- Installing: /home/dualarm/hiwin_ws/install/dual_arm_alm_cg_planner/share/dual_arm_alm_cg_planner/environment/library_path.dsv
[7.872s] -- Up-to-date: /home/dualarm/hiwin_ws/install/dual_arm_alm_cg_planner/share/ament_index/resource_index/package_run_dependencies/dual_arm_alm_cg_planner
[7.873s] -- Up-to-date: /home/dualarm/hiwin_ws/install/dual_arm_alm_cg_planner/share/ament_index/resource_index/parent_prefix_path/dual_arm_alm_cg_planner
[7.873s] -- Up-to-date: /home/dualarm/hiwin_ws/install/dual_arm_alm_cg_planner/share/dual_arm_alm_cg_planner/environment/ament_prefix_path.sh
[7.873s] -- Installing: /home/dualarm/hiwin_ws/install/dual_arm_alm_cg_planner/share/dual_arm_alm_cg_planner/environment/ament_prefix_path.dsv
[7.873s] -- Up-to-date: /home/dualarm/hiwin_ws/install/dual_arm_alm_cg_planner/share/dual_arm_alm_cg_planner/environment/path.sh
[7.873s] -- Installing: /home/dualarm/hiwin_ws/install/dual_arm_alm_cg_planner/share/dual_arm_alm_cg_planner/environment/path.dsv
[7.873s] -- Up-to-date: /home/dualarm/hiwin_ws/install/dual_arm_alm_cg_planner/share/dual_arm_alm_cg_planner/local_setup.bash
[7.873s] -- Up-to-date: /home/dualarm/hiwin_ws/install/dual_arm_alm_cg_planner/share/dual_arm_alm_cg_planner/local_setup.sh
[7.873s] -- Up-to-date: /home/dualarm/hiwin_ws/install/dual_arm_alm_cg_planner/share/dual_arm_alm_cg_planner/local_setup.zsh
[7.873s] -- Installing: /home/dualarm/hiwin_ws/install/dual_arm_alm_cg_planner/share/dual_arm_alm_cg_planner/local_setup.dsv
[7.873s] -- Installing: /home/dualarm/hiwin_ws/install/dual_arm_alm_cg_planner/share/dual_arm_alm_cg_planner/package.dsv
[7.874s] -- Up-to-date: /home/dualarm/hiwin_ws/install/dual_arm_alm_cg_planner/share/ament_index/resource_index/packages/dual_arm_alm_cg_planner
[7.874s] -- Up-to-date: /home/dualarm/hiwin_ws/install/dual_arm_alm_cg_planner/share/ament_index/resource_index/moveit_core__pluginlib__plugin/dual_arm_alm_cg_planner
[7.874s] -- Up-to-date: /home/dualarm/hiwin_ws/install/dual_arm_alm_cg_planner/share/dual_arm_alm_cg_planner/cmake/ament_cmake_export_libraries-extras.cmake
[7.874s] -- Up-to-date: /home/dualarm/hiwin_ws/install/dual_arm_alm_cg_planner/share/dual_arm_alm_cg_planner/cmake/ament_cmake_export_dependencies-extras.cmake
[7.874s] -- Up-to-date: /home/dualarm/hiwin_ws/install/dual_arm_alm_cg_planner/share/dual_arm_alm_cg_planner/cmake/dual_arm_alm_cg_plannerConfig.cmake
[7.874s] -- Up-to-date: /home/dualarm/hiwin_ws/install/dual_arm_alm_cg_planner/share/dual_arm_alm_cg_planner/cmake/dual_arm_alm_cg_plannerConfig-version.cmake
[7.874s] -- Up-to-date: /home/dualarm/hiwin_ws/install/dual_arm_alm_cg_planner/share/dual_arm_alm_cg_planner/package.xml
[7.876s] Invoked command in '/home/dualarm/hiwin_ws/build/dual_arm_alm_cg_planner' returned '0': CMAKE_PREFIX_PATH=${CMAKE_PREFIX_PATH}:/home/dualarm/ws_moveit2/install/moveit_configs_utils:/home/dualarm/ws_moveit2/install/launch_param_builder:/opt/ros/humble /usr/bin/cmake --install /home/dualarm/hiwin_ws/build/dual_arm_alm_cg_planner
