[0.013s] Invoking command in '/home/dualarm/hiwin_ws/build/dual_arm_alm_gd_planner': CMAKE_PREFIX_PATH=${CMAKE_PREFIX_PATH}:/home/dualarm/ws_moveit2/install/moveit_configs_utils:/home/dualarm/ws_moveit2/install/launch_param_builder:/opt/ros/humble /usr/bin/cmake /home/dualarm/hiwin_ws/src/For_hiwin_dual_arm/dual_arm_alm_gd_planner -DCMAKE_BUILD_TYPE=Release -DCMAKE_INSTALL_PREFIX=/home/dualarm/hiwin_ws/install/dual_arm_alm_gd_planner
[0.064s] -- The C compiler identification is GNU 11.4.0
[0.110s] -- The CXX compiler identification is GNU 11.4.0
[0.118s] -- Detecting C compiler ABI info
[0.180s] -- Detecting C compiler ABI info - done
[0.185s] -- Check for working C compiler: /usr/bin/cc - skipped
[0.185s] -- Detecting C compile features
[0.186s] -- Detecting C compile features - done
[0.188s] -- Detecting CXX compiler ABI info
[0.254s] -- Detecting CXX compiler ABI info - done
[0.265s] -- Check for working CXX compiler: /usr/bin/c++ - skipped
[0.265s] -- Detecting CXX compile features
[0.266s] -- Detecting CXX compile features - done
[0.274s] -- Found ament_cmake: 1.3.14 (/opt/ros/humble/share/ament_cmake/cmake)
[0.409s] -- Found Python3: /usr/bin/python3 (found version "3.10.12") found components: Interpreter 
[0.520s] -- Found rclcpp: 16.0.19 (/opt/ros/humble/share/rclcpp/cmake)
[0.584s] -- Found rosidl_generator_c: 3.1.8 (/opt/ros/humble/share/rosidl_generator_c/cmake)
[0.593s] -- Found rosidl_adapter: 3.1.8 (/opt/ros/humble/share/rosidl_adapter/cmake)
[0.606s] -- Found rosidl_generator_cpp: 3.1.8 (/opt/ros/humble/share/rosidl_generator_cpp/cmake)
[0.623s] -- Using all available rosidl_typesupport_c: rosidl_typesupport_fastrtps_c;rosidl_typesupport_introspection_c
[0.647s] -- Using all available rosidl_typesupport_cpp: rosidl_typesupport_fastrtps_cpp;rosidl_typesupport_introspection_cpp
[0.712s] -- Found rmw_implementation_cmake: 6.1.2 (/opt/ros/humble/share/rmw_implementation_cmake/cmake)
[0.720s] -- Found rmw_cyclonedds_cpp: 1.3.4 (/opt/ros/humble/share/rmw_cyclonedds_cpp/cmake)
[0.757s] -- Using RMW implementation 'rmw_cyclonedds_cpp' as default
[0.772s] -- Looking for pthread.h
[0.832s] -- Looking for pthread.h - found
[0.832s] -- Performing Test CMAKE_HAVE_LIBC_PTHREAD
[0.894s] -- Performing Test CMAKE_HAVE_LIBC_PTHREAD - Success
[0.894s] -- Found Threads: TRUE  
[0.950s] -- Found pluginlib: 5.1.4 (/opt/ros/humble/share/pluginlib/cmake)
[0.981s] -- Found moveit_core: 2.5.9 (/home/dualarm/ws_moveit2/install/moveit_core/share/moveit_core/cmake)
[1.040s] -- Found Boost: /usr/lib/x86_64-linux-gnu/cmake/Boost-1.74.0/BoostConfig.cmake (found version "1.74.0") found components: chrono date_time filesystem iostreams program_options regex serialization system thread 
[1.106s] -- Found parameter_traits: 0.7.1 (/opt/ros/humble/share/parameter_traits/cmake)
[1.131s] -- Found rclcpp_lifecycle: 16.0.19 (/opt/ros/humble/share/rclcpp_lifecycle/cmake)
[1.158s] -- Found Boost: /usr/lib/x86_64-linux-gnu/cmake/Boost-1.74.0/BoostConfig.cmake (found version "1.74.0") found components: filesystem 
[1.261s] -- library: /usr/lib/x86_64-linux-gnu/libcurl.so
[1.331s] -- Found Eigen3: TRUE (found version "3.4.0") 
[1.331s] -- Ensuring Eigen3 include directory is part of orocos-kdl CMake target
[1.645s] -- Configuring done
[1.661s] -- Generating done
[1.666s] -- Build files have been written to: /home/dualarm/hiwin_ws/build/dual_arm_alm_gd_planner
[1.674s] Invoked command in '/home/dualarm/hiwin_ws/build/dual_arm_alm_gd_planner' returned '0': CMAKE_PREFIX_PATH=${CMAKE_PREFIX_PATH}:/home/dualarm/ws_moveit2/install/moveit_configs_utils:/home/dualarm/ws_moveit2/install/launch_param_builder:/opt/ros/humble /usr/bin/cmake /home/dualarm/hiwin_ws/src/For_hiwin_dual_arm/dual_arm_alm_gd_planner -DCMAKE_BUILD_TYPE=Release -DCMAKE_INSTALL_PREFIX=/home/dualarm/hiwin_ws/install/dual_arm_alm_gd_planner
[1.676s] Invoking command in '/home/dualarm/hiwin_ws/build/dual_arm_alm_gd_planner': CMAKE_PREFIX_PATH=${CMAKE_PREFIX_PATH}:/home/dualarm/ws_moveit2/install/moveit_configs_utils:/home/dualarm/ws_moveit2/install/launch_param_builder:/opt/ros/humble /usr/bin/cmake --build /home/dualarm/hiwin_ws/build/dual_arm_alm_gd_planner -- -j16 -l16
[1.726s] [ 80%] [32mBuilding CXX object CMakeFiles/dual_arm_alm_gd_planner.dir/src/avoidance_system.cpp.o[0m
[1.726s] [ 80%] [32mBuilding CXX object CMakeFiles/dual_arm_alm_gd_planner.dir/src/gd_solver.cpp.o[0m
[1.727s] [ 80%] [32mBuilding CXX object CMakeFiles/dual_arm_alm_gd_planner.dir/src/planner_manager.cpp.o[0m
[1.727s] [ 80%] [32mBuilding CXX object CMakeFiles/dual_arm_alm_gd_planner.dir/src/data_io.cpp.o[0m
[8.187s] [100%] [32m[1mLinking CXX shared library libdual_arm_alm_gd_planner.so[0m
[8.310s] [100%] Built target dual_arm_alm_gd_planner
