[0.011s] Invoking command in '/home/dualarm/hiwin_ws/build/dual_arm_lag_gd_planner': CMAKE_PREFIX_PATH=${CMAKE_PREFIX_PATH}:/home/dualarm/ws_moveit2/install/moveit_configs_utils:/home/dualarm/ws_moveit2/install/launch_param_builder:/opt/ros/humble /usr/bin/cmake --build /home/dualarm/hiwin_ws/build/dual_arm_lag_gd_planner -- -j16 -l16
[0.038s] -- Found ament_cmake: 1.3.14 (/opt/ros/humble/share/ament_cmake/cmake)
[0.139s] -- Found rclcpp: 16.0.19 (/opt/ros/humble/share/rclcpp/cmake)
[0.160s] -- Found rosidl_generator_c: 3.1.9 (/opt/ros/humble/share/rosidl_generator_c/cmake)
[0.162s] -- Found rosidl_adapter: 3.1.9 (/opt/ros/humble/share/rosidl_adapter/cmake)
[0.167s] -- Found rosidl_generator_cpp: 3.1.9 (/opt/ros/humble/share/rosidl_generator_cpp/cmake)
[0.176s] -- Using all available rosidl_typesupport_c: rosidl_typesupport_fastrtps_c;rosidl_typesupport_introspection_c
[0.188s] -- Using all available rosidl_typesupport_cpp: rosidl_typesupport_fastrtps_cpp;rosidl_typesupport_introspection_cpp
[0.215s] -- Found rmw_implementation_cmake: 6.1.3 (/opt/ros/humble/share/rmw_implementation_cmake/cmake)
[0.218s] -- Found rmw_cyclonedds_cpp: 1.3.4 (/opt/ros/humble/share/rmw_cyclonedds_cpp/cmake)
[0.234s] -- Using RMW implementation 'rmw_cyclonedds_cpp' as default
[0.274s] -- Found pluginlib: 5.1.4 (/opt/ros/humble/share/pluginlib/cmake)
[0.288s] -- Found moveit_core: 2.5.9 (/home/dualarm/ws_moveit2/install/moveit_core/share/moveit_core/cmake)
[0.299s] -- Found Boost: /usr/lib/x86_64-linux-gnu/cmake/Boost-1.74.0/BoostConfig.cmake (found version "1.74.0") found components: chrono date_time filesystem iostreams program_options regex serialization system thread 
[0.322s] -- Found parameter_traits: 0.7.5 (/opt/ros/humble/share/parameter_traits/cmake)
[0.328s] -- Found rclcpp_lifecycle: 16.0.19 (/opt/ros/humble/share/rclcpp_lifecycle/cmake)
[0.384s] -- library: /usr/lib/x86_64-linux-gnu/libcurl.so
[0.429s] -- Ensuring Eigen3 include directory is part of orocos-kdl CMake target
[0.656s] -- Configuring done
[0.676s] -- Generating done
[0.681s] -- Build files have been written to: /home/dualarm/hiwin_ws/build/dual_arm_lag_gd_planner
[0.713s] [35m[1mConsolidate compiler generated dependencies of target dual_arm_lag_gd_planner[0m
[0.733s] [ 60%] [32mBuilding CXX object CMakeFiles/dual_arm_lag_gd_planner.dir/src/data_io.cpp.o[0m
[0.733s] [ 60%] [32mBuilding CXX object CMakeFiles/dual_arm_lag_gd_planner.dir/src/gd_solver.cpp.o[0m
[0.733s] [ 60%] [32mBuilding CXX object CMakeFiles/dual_arm_lag_gd_planner.dir/src/avoidance_system.cpp.o[0m
[0.735s] [ 80%] [32mBuilding CXX object CMakeFiles/dual_arm_lag_gd_planner.dir/src/planner_manager.cpp.o[0m
[7.578s] [100%] [32m[1mLinking CXX shared library libdual_arm_lag_gd_planner.so[0m
[7.710s] [100%] Built target dual_arm_lag_gd_planner
[7.720s] Invoked command in '/home/dualarm/hiwin_ws/build/dual_arm_lag_gd_planner' returned '0': CMAKE_PREFIX_PATH=${CMAKE_PREFIX_PATH}:/home/dualarm/ws_moveit2/install/moveit_configs_utils:/home/dualarm/ws_moveit2/install/launch_param_builder:/opt/ros/humble /usr/bin/cmake --build /home/dualarm/hiwin_ws/build/dual_arm_lag_gd_planner -- -j16 -l16
[7.721s] Invoking command in '/home/dualarm/hiwin_ws/build/dual_arm_lag_gd_planner': CMAKE_PREFIX_PATH=${CMAKE_PREFIX_PATH}:/home/dualarm/ws_moveit2/install/moveit_configs_utils:/home/dualarm/ws_moveit2/install/launch_param_builder:/opt/ros/humble /usr/bin/cmake --install /home/dualarm/hiwin_ws/build/dual_arm_lag_gd_planner
[7.729s] -- Install configuration: "Release"
[7.729s] -- Up-to-date: /home/dualarm/hiwin_ws/install/dual_arm_lag_gd_planner/share/dual_arm_lag_gd_planner/dual_arm_lag_gd_planner.xml
[7.730s] -- Installing: /home/dualarm/hiwin_ws/install/dual_arm_lag_gd_planner/lib/libdual_arm_lag_gd_planner.so
[7.730s] -- Set runtime path of "/home/dualarm/hiwin_ws/install/dual_arm_lag_gd_planner/lib/libdual_arm_lag_gd_planner.so" to ""
[7.730s] -- Up-to-date: /home/dualarm/hiwin_ws/install/dual_arm_lag_gd_planner/include
[7.730s] -- Up-to-date: /home/dualarm/hiwin_ws/install/dual_arm_lag_gd_planner/include/dual_arm_lag_gd_planner
[7.730s] -- Up-to-date: /home/dualarm/hiwin_ws/install/dual_arm_lag_gd_planner/include/dual_arm_lag_gd_planner/planner_manager.hpp
[7.730s] -- Up-to-date: /home/dualarm/hiwin_ws/install/dual_arm_lag_gd_planner/include/dual_arm_lag_gd_planner/gd_solver.hpp
[7.730s] -- Up-to-date: /home/dualarm/hiwin_ws/install/dual_arm_lag_gd_planner/include/dual_arm_lag_gd_planner/avoidance_system.hpp
[7.730s] -- Up-to-date: /home/dualarm/hiwin_ws/install/dual_arm_lag_gd_planner/include/dual_arm_lag_gd_planner/data_io.hpp
[7.731s] -- Up-to-date: /home/dualarm/hiwin_ws/install/dual_arm_lag_gd_planner/share/dual_arm_lag_gd_planner/config
[7.731s] -- Up-to-date: /home/dualarm/hiwin_ws/install/dual_arm_lag_gd_planner/share/dual_arm_lag_gd_planner/config/dual_arm_lag_gd_planning.yaml
[7.731s] -- Up-to-date: /home/dualarm/hiwin_ws/install/dual_arm_lag_gd_planner/share/dual_arm_lag_gd_planner/environment/library_path.sh
[7.731s] -- Installing: /home/dualarm/hiwin_ws/install/dual_arm_lag_gd_planner/share/dual_arm_lag_gd_planner/environment/library_path.dsv
[7.731s] -- Up-to-date: /home/dualarm/hiwin_ws/install/dual_arm_lag_gd_planner/share/ament_index/resource_index/package_run_dependencies/dual_arm_lag_gd_planner
[7.731s] -- Up-to-date: /home/dualarm/hiwin_ws/install/dual_arm_lag_gd_planner/share/ament_index/resource_index/parent_prefix_path/dual_arm_lag_gd_planner
[7.731s] -- Up-to-date: /home/dualarm/hiwin_ws/install/dual_arm_lag_gd_planner/share/dual_arm_lag_gd_planner/environment/ament_prefix_path.sh
[7.731s] -- Installing: /home/dualarm/hiwin_ws/install/dual_arm_lag_gd_planner/share/dual_arm_lag_gd_planner/environment/ament_prefix_path.dsv
[7.731s] -- Up-to-date: /home/dualarm/hiwin_ws/install/dual_arm_lag_gd_planner/share/dual_arm_lag_gd_planner/environment/path.sh
[7.731s] -- Installing: /home/dualarm/hiwin_ws/install/dual_arm_lag_gd_planner/share/dual_arm_lag_gd_planner/environment/path.dsv
[7.731s] -- Up-to-date: /home/dualarm/hiwin_ws/install/dual_arm_lag_gd_planner/share/dual_arm_lag_gd_planner/local_setup.bash
[7.731s] -- Up-to-date: /home/dualarm/hiwin_ws/install/dual_arm_lag_gd_planner/share/dual_arm_lag_gd_planner/local_setup.sh
[7.731s] -- Up-to-date: /home/dualarm/hiwin_ws/install/dual_arm_lag_gd_planner/share/dual_arm_lag_gd_planner/local_setup.zsh
[7.731s] -- Installing: /home/dualarm/hiwin_ws/install/dual_arm_lag_gd_planner/share/dual_arm_lag_gd_planner/local_setup.dsv
[7.731s] -- Installing: /home/dualarm/hiwin_ws/install/dual_arm_lag_gd_planner/share/dual_arm_lag_gd_planner/package.dsv
[7.732s] -- Up-to-date: /home/dualarm/hiwin_ws/install/dual_arm_lag_gd_planner/share/ament_index/resource_index/packages/dual_arm_lag_gd_planner
[7.732s] -- Up-to-date: /home/dualarm/hiwin_ws/install/dual_arm_lag_gd_planner/share/ament_index/resource_index/moveit_core__pluginlib__plugin/dual_arm_lag_gd_planner
[7.732s] -- Up-to-date: /home/dualarm/hiwin_ws/install/dual_arm_lag_gd_planner/share/dual_arm_lag_gd_planner/cmake/ament_cmake_export_libraries-extras.cmake
[7.732s] -- Up-to-date: /home/dualarm/hiwin_ws/install/dual_arm_lag_gd_planner/share/dual_arm_lag_gd_planner/cmake/ament_cmake_export_dependencies-extras.cmake
[7.732s] -- Up-to-date: /home/dualarm/hiwin_ws/install/dual_arm_lag_gd_planner/share/dual_arm_lag_gd_planner/cmake/dual_arm_lag_gd_plannerConfig.cmake
[7.732s] -- Up-to-date: /home/dualarm/hiwin_ws/install/dual_arm_lag_gd_planner/share/dual_arm_lag_gd_planner/cmake/dual_arm_lag_gd_plannerConfig-version.cmake
[7.732s] -- Up-to-date: /home/dualarm/hiwin_ws/install/dual_arm_lag_gd_planner/share/dual_arm_lag_gd_planner/package.xml
[7.734s] Invoked command in '/home/dualarm/hiwin_ws/build/dual_arm_lag_gd_planner' returned '0': CMAKE_PREFIX_PATH=${CMAKE_PREFIX_PATH}:/home/dualarm/ws_moveit2/install/moveit_configs_utils:/home/dualarm/ws_moveit2/install/launch_param_builder:/opt/ros/humble /usr/bin/cmake --install /home/dualarm/hiwin_ws/build/dual_arm_lag_gd_planner
