[0.008s] Invoking command in '/home/dualarm/hiwin_ws/build/dual_arm_alm_cg_planner': CMAKE_PREFIX_PATH=${CMAKE_PREFIX_PATH}:/home/dualarm/ws_moveit2/install/moveit_configs_utils:/home/dualarm/ws_moveit2/install/launch_param_builder:/opt/ros/humble /usr/bin/cmake /home/dualarm/hiwin_ws/src/For_hiwin_dual_arm/dual_arm_alm_cg_planner -DCMAKE_BUILD_TYPE=Release -DCMAKE_INSTALL_PREFIX=/home/dualarm/hiwin_ws/install/dual_arm_alm_cg_planner
[0.053s] -- The C compiler identification is GNU 11.4.0
[0.093s] -- The CXX compiler identification is GNU 11.4.0
[0.099s] -- Detecting C compiler ABI info
[0.156s] -- Detecting C compiler ABI info - done
[0.161s] -- Check for working C compiler: /usr/bin/cc - skipped
[0.162s] -- Detecting C compile features
[0.162s] -- Detecting C compile features - done
[0.164s] -- Detecting CXX compiler ABI info
[0.228s] -- Detecting CXX compiler ABI info - done
[0.233s] -- Check for working CXX compiler: /usr/bin/c++ - skipped
[0.233s] -- Detecting CXX compile features
[0.234s] -- Detecting CXX compile features - done
[0.240s] -- Found ament_cmake: 1.3.14 (/opt/ros/humble/share/ament_cmake/cmake)
[0.363s] -- Found Python3: /usr/bin/python3 (found version "3.10.12") found components: Interpreter 
[0.496s] -- Found rclcpp: 16.0.19 (/opt/ros/humble/share/rclcpp/cmake)
[0.558s] -- Found rosidl_generator_c: 3.1.8 (/opt/ros/humble/share/rosidl_generator_c/cmake)
[0.567s] -- Found rosidl_adapter: 3.1.8 (/opt/ros/humble/share/rosidl_adapter/cmake)
[0.579s] -- Found rosidl_generator_cpp: 3.1.8 (/opt/ros/humble/share/rosidl_generator_cpp/cmake)
[0.597s] -- Using all available rosidl_typesupport_c: rosidl_typesupport_fastrtps_c;rosidl_typesupport_introspection_c
[0.620s] -- Using all available rosidl_typesupport_cpp: rosidl_typesupport_fastrtps_cpp;rosidl_typesupport_introspection_cpp
[0.683s] -- Found rmw_implementation_cmake: 6.1.2 (/opt/ros/humble/share/rmw_implementation_cmake/cmake)
[0.690s] -- Found rmw_cyclonedds_cpp: 1.3.4 (/opt/ros/humble/share/rmw_cyclonedds_cpp/cmake)
[0.731s] -- Using RMW implementation 'rmw_cyclonedds_cpp' as default
[0.746s] -- Looking for pthread.h
[0.817s] -- Looking for pthread.h - found
[0.817s] -- Performing Test CMAKE_HAVE_LIBC_PTHREAD
[0.881s] -- Performing Test CMAKE_HAVE_LIBC_PTHREAD - Success
[0.882s] -- Found Threads: TRUE  
[0.937s] -- Found pluginlib: 5.1.4 (/opt/ros/humble/share/pluginlib/cmake)
[0.969s] -- Found moveit_core: 2.5.9 (/home/dualarm/ws_moveit2/install/moveit_core/share/moveit_core/cmake)
[1.026s] -- Found Boost: /usr/lib/x86_64-linux-gnu/cmake/Boost-1.74.0/BoostConfig.cmake (found version "1.74.0") found components: chrono date_time filesystem iostreams program_options regex serialization system thread 
[1.100s] -- Found parameter_traits: 0.7.1 (/opt/ros/humble/share/parameter_traits/cmake)
[1.131s] -- Found rclcpp_lifecycle: 16.0.19 (/opt/ros/humble/share/rclcpp_lifecycle/cmake)
[1.177s] -- Found Boost: /usr/lib/x86_64-linux-gnu/cmake/Boost-1.74.0/BoostConfig.cmake (found version "1.74.0") found components: filesystem 
[1.428s] -- library: /usr/lib/x86_64-linux-gnu/libcurl.so
[1.555s] -- Found Eigen3: TRUE (found version "3.4.0") 
[1.555s] -- Ensuring Eigen3 include directory is part of orocos-kdl CMake target
[1.950s] -- Configuring done
[1.966s] -- Generating done
[1.971s] -- Build files have been written to: /home/dualarm/hiwin_ws/build/dual_arm_alm_cg_planner
[1.980s] Invoked command in '/home/dualarm/hiwin_ws/build/dual_arm_alm_cg_planner' returned '0': CMAKE_PREFIX_PATH=${CMAKE_PREFIX_PATH}:/home/dualarm/ws_moveit2/install/moveit_configs_utils:/home/dualarm/ws_moveit2/install/launch_param_builder:/opt/ros/humble /usr/bin/cmake /home/dualarm/hiwin_ws/src/For_hiwin_dual_arm/dual_arm_alm_cg_planner -DCMAKE_BUILD_TYPE=Release -DCMAKE_INSTALL_PREFIX=/home/dualarm/hiwin_ws/install/dual_arm_alm_cg_planner
[1.980s] Invoking command in '/home/dualarm/hiwin_ws/build/dual_arm_alm_cg_planner': CMAKE_PREFIX_PATH=${CMAKE_PREFIX_PATH}:/home/dualarm/ws_moveit2/install/moveit_configs_utils:/home/dualarm/ws_moveit2/install/launch_param_builder:/opt/ros/humble /usr/bin/cmake --build /home/dualarm/hiwin_ws/build/dual_arm_alm_cg_planner -- -j16 -l16
[2.029s] [ 60%] [32mBuilding CXX object CMakeFiles/dual_arm_alm_cg_planner.dir/src/cg_solver.cpp.o[0m
[2.029s] [ 60%] [32mBuilding CXX object CMakeFiles/dual_arm_alm_cg_planner.dir/src/planner_manager.cpp.o[0m
[2.029s] [ 60%] [32mBuilding CXX object CMakeFiles/dual_arm_alm_cg_planner.dir/src/data_io.cpp.o[0m
[2.029s] [ 80%] [32mBuilding CXX object CMakeFiles/dual_arm_alm_cg_planner.dir/src/avoidance_system.cpp.o[0m
[8.553s] [100%] [32m[1mLinking CXX shared library libdual_arm_alm_cg_planner.so[0m
[8.685s] [100%] Built target dual_arm_alm_cg_planner
[8.696s] Invoked command in '/home/dualarm/hiwin_ws/build/dual_arm_alm_cg_planner' returned '0': CMAKE_PREFIX_PATH=${CMAKE_PREFIX_PATH}:/home/dualarm/ws_moveit2/install/moveit_configs_utils:/home/dualarm/ws_moveit2/install/launch_param_builder:/opt/ros/humble /usr/bin/cmake --build /home/dualarm/hiwin_ws/build/dual_arm_alm_cg_planner -- -j16 -l16
[8.697s] Invoking command in '/home/dualarm/hiwin_ws/build/dual_arm_alm_cg_planner': CMAKE_PREFIX_PATH=${CMAKE_PREFIX_PATH}:/home/dualarm/ws_moveit2/install/moveit_configs_utils:/home/dualarm/ws_moveit2/install/launch_param_builder:/opt/ros/humble /usr/bin/cmake --install /home/dualarm/hiwin_ws/build/dual_arm_alm_cg_planner
[8.704s] -- Install configuration: "Release"
[8.704s] -- Installing: /home/dualarm/hiwin_ws/install/dual_arm_alm_cg_planner/share/dual_arm_alm_cg_planner/dual_arm_alm_cg_planner.xml
[8.705s] -- Installing: /home/dualarm/hiwin_ws/install/dual_arm_alm_cg_planner/lib/libdual_arm_alm_cg_planner.so
[8.705s] -- Set runtime path of "/home/dualarm/hiwin_ws/install/dual_arm_alm_cg_planner/lib/libdual_arm_alm_cg_planner.so" to ""
[8.705s] -- Installing: /home/dualarm/hiwin_ws/install/dual_arm_alm_cg_planner/include
[8.705s] -- Installing: /home/dualarm/hiwin_ws/install/dual_arm_alm_cg_planner/include/dual_arm_alm_cg_planner
[8.705s] -- Installing: /home/dualarm/hiwin_ws/install/dual_arm_alm_cg_planner/include/dual_arm_alm_cg_planner/planner_manager.hpp
[8.705s] -- Installing: /home/dualarm/hiwin_ws/install/dual_arm_alm_cg_planner/include/dual_arm_alm_cg_planner/cg_solver.hpp
[8.705s] -- Installing: /home/dualarm/hiwin_ws/install/dual_arm_alm_cg_planner/include/dual_arm_alm_cg_planner/avoidance_system.hpp
[8.705s] -- Installing: /home/dualarm/hiwin_ws/install/dual_arm_alm_cg_planner/include/dual_arm_alm_cg_planner/data_io.hpp
[8.705s] -- Installing: /home/dualarm/hiwin_ws/install/dual_arm_alm_cg_planner/share/dual_arm_alm_cg_planner/config
[8.705s] -- Installing: /home/dualarm/hiwin_ws/install/dual_arm_alm_cg_planner/share/dual_arm_alm_cg_planner/config/dual_arm_alm_cg_planning.yaml
[8.705s] -- Installing: /home/dualarm/hiwin_ws/install/dual_arm_alm_cg_planner/share/dual_arm_alm_cg_planner/environment/library_path.sh
[8.706s] -- Installing: /home/dualarm/hiwin_ws/install/dual_arm_alm_cg_planner/share/dual_arm_alm_cg_planner/environment/library_path.dsv
[8.706s] -- Installing: /home/dualarm/hiwin_ws/install/dual_arm_alm_cg_planner/share/ament_index/resource_index/package_run_dependencies/dual_arm_alm_cg_planner
[8.706s] -- Installing: /home/dualarm/hiwin_ws/install/dual_arm_alm_cg_planner/share/ament_index/resource_index/parent_prefix_path/dual_arm_alm_cg_planner
[8.706s] -- Installing: /home/dualarm/hiwin_ws/install/dual_arm_alm_cg_planner/share/dual_arm_alm_cg_planner/environment/ament_prefix_path.sh
[8.706s] -- Installing: /home/dualarm/hiwin_ws/install/dual_arm_alm_cg_planner/share/dual_arm_alm_cg_planner/environment/ament_prefix_path.dsv
[8.706s] -- Installing: /home/dualarm/hiwin_ws/install/dual_arm_alm_cg_planner/share/dual_arm_alm_cg_planner/environment/path.sh
[8.706s] -- Installing: /home/dualarm/hiwin_ws/install/dual_arm_alm_cg_planner/share/dual_arm_alm_cg_planner/environment/path.dsv
[8.706s] -- Installing: /home/dualarm/hiwin_ws/install/dual_arm_alm_cg_planner/share/dual_arm_alm_cg_planner/local_setup.bash
[8.706s] -- Installing: /home/dualarm/hiwin_ws/install/dual_arm_alm_cg_planner/share/dual_arm_alm_cg_planner/local_setup.sh
[8.706s] -- Installing: /home/dualarm/hiwin_ws/install/dual_arm_alm_cg_planner/share/dual_arm_alm_cg_planner/local_setup.zsh
[8.706s] -- Installing: /home/dualarm/hiwin_ws/install/dual_arm_alm_cg_planner/share/dual_arm_alm_cg_planner/local_setup.dsv
[8.707s] -- Installing: /home/dualarm/hiwin_ws/install/dual_arm_alm_cg_planner/share/dual_arm_alm_cg_planner/package.dsv
[8.707s] -- Installing: /home/dualarm/hiwin_ws/install/dual_arm_alm_cg_planner/share/ament_index/resource_index/packages/dual_arm_alm_cg_planner
[8.707s] -- Installing: /home/dualarm/hiwin_ws/install/dual_arm_alm_cg_planner/share/ament_index/resource_index/moveit_core__pluginlib__plugin/dual_arm_alm_cg_planner
[8.707s] -- Installing: /home/dualarm/hiwin_ws/install/dual_arm_alm_cg_planner/share/dual_arm_alm_cg_planner/cmake/ament_cmake_export_libraries-extras.cmake
[8.707s] -- Installing: /home/dualarm/hiwin_ws/install/dual_arm_alm_cg_planner/share/dual_arm_alm_cg_planner/cmake/ament_cmake_export_dependencies-extras.cmake
[8.707s] -- Installing: /home/dualarm/hiwin_ws/install/dual_arm_alm_cg_planner/share/dual_arm_alm_cg_planner/cmake/dual_arm_alm_cg_plannerConfig.cmake
[8.707s] -- Installing: /home/dualarm/hiwin_ws/install/dual_arm_alm_cg_planner/share/dual_arm_alm_cg_planner/cmake/dual_arm_alm_cg_plannerConfig-version.cmake
[8.707s] -- Installing: /home/dualarm/hiwin_ws/install/dual_arm_alm_cg_planner/share/dual_arm_alm_cg_planner/package.xml
[8.709s] Invoked command in '/home/dualarm/hiwin_ws/build/dual_arm_alm_cg_planner' returned '0': CMAKE_PREFIX_PATH=${CMAKE_PREFIX_PATH}:/home/dualarm/ws_moveit2/install/moveit_configs_utils:/home/dualarm/ws_moveit2/install/launch_param_builder:/opt/ros/humble /usr/bin/cmake --install /home/dualarm/hiwin_ws/build/dual_arm_alm_cg_planner
