-- Found ament_cmake: 1.3.14 (/opt/ros/humble/share/ament_cmake/cmake)
-- Found rclcpp: 16.0.19 (/opt/ros/humble/share/rclcpp/cmake)
-- Found rosidl_generator_c: 3.1.9 (/opt/ros/humble/share/rosidl_generator_c/cmake)
-- Found rosidl_adapter: 3.1.9 (/opt/ros/humble/share/rosidl_adapter/cmake)
-- Found rosidl_generator_cpp: 3.1.9 (/opt/ros/humble/share/rosidl_generator_cpp/cmake)
-- Using all available rosidl_typesupport_c: rosidl_typesupport_fastrtps_c;rosidl_typesupport_introspection_c
-- Using all available rosidl_typesupport_cpp: rosidl_typesupport_fastrtps_cpp;rosidl_typesupport_introspection_cpp
-- Found rmw_implementation_cmake: 6.1.3 (/opt/ros/humble/share/rmw_implementation_cmake/cmake)
-- Found rmw_cyclonedds_cpp: 1.3.4 (/opt/ros/humble/share/rmw_cyclonedds_cpp/cmake)
-- Using RMW implementation 'rmw_cyclonedds_cpp' as default
-- Found pluginlib: 5.1.4 (/opt/ros/humble/share/pluginlib/cmake)
-- Found moveit_core: 2.5.9 (/home/dualarm/ws_moveit2/install/moveit_core/share/moveit_core/cmake)
-- Found Boost: /usr/lib/x86_64-linux-gnu/cmake/Boost-1.74.0/BoostConfig.cmake (found version "1.74.0") found components: chrono date_time filesystem iostreams program_options regex serialization system thread 
-- Found parameter_traits: 0.7.5 (/opt/ros/humble/share/parameter_traits/cmake)
-- Found rclcpp_lifecycle: 16.0.19 (/opt/ros/humble/share/rclcpp_lifecycle/cmake)
-- library: /usr/lib/x86_64-linux-gnu/libcurl.so
-- Ensuring Eigen3 include directory is part of orocos-kdl CMake target
-- Configuring done
-- Generating done
-- Build files have been written to: /home/dualarm/hiwin_ws/build/dual_arm_lag_cg_planner
[35m[1mConsolidate compiler generated dependencies of target dual_arm_lag_cg_planner[0m
[ 60%] [32mBuilding CXX object CMakeFiles/dual_arm_lag_cg_planner.dir/src/cg_solver.cpp.o[0m
[ 60%] [32mBuilding CXX object CMakeFiles/dual_arm_lag_cg_planner.dir/src/data_io.cpp.o[0m
[ 60%] [32mBuilding CXX object CMakeFiles/dual_arm_lag_cg_planner.dir/src/avoidance_system.cpp.o[0m
[ 80%] [32mBuilding CXX object CMakeFiles/dual_arm_lag_cg_planner.dir/src/planner_manager.cpp.o[0m
[100%] [32m[1mLinking CXX shared library libdual_arm_lag_cg_planner.so[0m
[100%] Built target dual_arm_lag_cg_planner
-- Install configuration: "Release"
-- Up-to-date: /home/dualarm/hiwin_ws/install/dual_arm_lag_cg_planner/share/dual_arm_lag_cg_planner/dual_arm_lag_cg_planner.xml
-- Installing: /home/dualarm/hiwin_ws/install/dual_arm_lag_cg_planner/lib/libdual_arm_lag_cg_planner.so
-- Set runtime path of "/home/dualarm/hiwin_ws/install/dual_arm_lag_cg_planner/lib/libdual_arm_lag_cg_planner.so" to ""
-- Up-to-date: /home/dualarm/hiwin_ws/install/dual_arm_lag_cg_planner/include
-- Up-to-date: /home/dualarm/hiwin_ws/install/dual_arm_lag_cg_planner/include/dual_arm_lag_cg_planner
-- Up-to-date: /home/dualarm/hiwin_ws/install/dual_arm_lag_cg_planner/include/dual_arm_lag_cg_planner/planner_manager.hpp
-- Up-to-date: /home/dualarm/hiwin_ws/install/dual_arm_lag_cg_planner/include/dual_arm_lag_cg_planner/cg_solver.hpp
-- Up-to-date: /home/dualarm/hiwin_ws/install/dual_arm_lag_cg_planner/include/dual_arm_lag_cg_planner/avoidance_system.hpp
-- Up-to-date: /home/dualarm/hiwin_ws/install/dual_arm_lag_cg_planner/include/dual_arm_lag_cg_planner/data_io.hpp
-- Up-to-date: /home/dualarm/hiwin_ws/install/dual_arm_lag_cg_planner/share/dual_arm_lag_cg_planner/config
-- Up-to-date: /home/dualarm/hiwin_ws/install/dual_arm_lag_cg_planner/share/dual_arm_lag_cg_planner/config/dual_arm_lag_cg_planning.yaml
-- Up-to-date: /home/dualarm/hiwin_ws/install/dual_arm_lag_cg_planner/share/dual_arm_lag_cg_planner/environment/library_path.sh
-- Installing: /home/dualarm/hiwin_ws/install/dual_arm_lag_cg_planner/share/dual_arm_lag_cg_planner/environment/library_path.dsv
-- Up-to-date: /home/dualarm/hiwin_ws/install/dual_arm_lag_cg_planner/share/ament_index/resource_index/package_run_dependencies/dual_arm_lag_cg_planner
-- Up-to-date: /home/dualarm/hiwin_ws/install/dual_arm_lag_cg_planner/share/ament_index/resource_index/parent_prefix_path/dual_arm_lag_cg_planner
-- Up-to-date: /home/dualarm/hiwin_ws/install/dual_arm_lag_cg_planner/share/dual_arm_lag_cg_planner/environment/ament_prefix_path.sh
-- Installing: /home/dualarm/hiwin_ws/install/dual_arm_lag_cg_planner/share/dual_arm_lag_cg_planner/environment/ament_prefix_path.dsv
-- Up-to-date: /home/dualarm/hiwin_ws/install/dual_arm_lag_cg_planner/share/dual_arm_lag_cg_planner/environment/path.sh
-- Installing: /home/dualarm/hiwin_ws/install/dual_arm_lag_cg_planner/share/dual_arm_lag_cg_planner/environment/path.dsv
-- Up-to-date: /home/dualarm/hiwin_ws/install/dual_arm_lag_cg_planner/share/dual_arm_lag_cg_planner/local_setup.bash
-- Up-to-date: /home/dualarm/hiwin_ws/install/dual_arm_lag_cg_planner/share/dual_arm_lag_cg_planner/local_setup.sh
-- Up-to-date: /home/dualarm/hiwin_ws/install/dual_arm_lag_cg_planner/share/dual_arm_lag_cg_planner/local_setup.zsh
-- Installing: /home/dualarm/hiwin_ws/install/dual_arm_lag_cg_planner/share/dual_arm_lag_cg_planner/local_setup.dsv
-- Installing: /home/dualarm/hiwin_ws/install/dual_arm_lag_cg_planner/share/dual_arm_lag_cg_planner/package.dsv
-- Up-to-date: /home/dualarm/hiwin_ws/install/dual_arm_lag_cg_planner/share/ament_index/resource_index/packages/dual_arm_lag_cg_planner
-- Up-to-date: /home/dualarm/hiwin_ws/install/dual_arm_lag_cg_planner/share/ament_index/resource_index/moveit_core__pluginlib__plugin/dual_arm_lag_cg_planner
-- Up-to-date: /home/dualarm/hiwin_ws/install/dual_arm_lag_cg_planner/share/dual_arm_lag_cg_planner/cmake/ament_cmake_export_libraries-extras.cmake
-- Up-to-date: /home/dualarm/hiwin_ws/install/dual_arm_lag_cg_planner/share/dual_arm_lag_cg_planner/cmake/ament_cmake_export_dependencies-extras.cmake
-- Up-to-date: /home/dualarm/hiwin_ws/install/dual_arm_lag_cg_planner/share/dual_arm_lag_cg_planner/cmake/dual_arm_lag_cg_plannerConfig.cmake
-- Up-to-date: /home/dualarm/hiwin_ws/install/dual_arm_lag_cg_planner/share/dual_arm_lag_cg_planner/cmake/dual_arm_lag_cg_plannerConfig-version.cmake
-- Up-to-date: /home/dualarm/hiwin_ws/install/dual_arm_lag_cg_planner/share/dual_arm_lag_cg_planner/package.xml
