[0.009s] Invoking command in '/home/dualarm/hiwin_ws/build/dual_arm_lag_gd_planner': CMAKE_PREFIX_PATH=${CMAKE_PREFIX_PATH}:/home/dualarm/ws_moveit2/install/moveit_configs_utils:/home/dualarm/ws_moveit2/install/launch_param_builder:/opt/ros/humble /usr/bin/cmake /home/dualarm/hiwin_ws/src/For_hiwin_dual_arm/dual_arm_lag_gd_planner -DCMAKE_BUILD_TYPE=Release -DCMAKE_INSTALL_PREFIX=/home/dualarm/hiwin_ws/install/dual_arm_lag_gd_planner
[0.054s] -- The C compiler identification is GNU 11.4.0
[0.094s] -- The CXX compiler identification is GNU 11.4.0
[0.100s] -- Detecting C compiler ABI info
[0.157s] -- Detecting C compiler ABI info - done
[0.163s] -- Check for working C compiler: /usr/bin/cc - skipped
[0.163s] -- Detecting C compile features
[0.163s] -- Detecting C compile features - done
[0.166s] -- Detecting CXX compiler ABI info
[0.231s] -- Detecting CXX compiler ABI info - done
[0.236s] -- Check for working CXX compiler: /usr/bin/c++ - skipped
[0.236s] -- Detecting CXX compile features
[0.237s] -- Detecting CXX compile features - done
[0.242s] -- Found ament_cmake: 1.3.14 (/opt/ros/humble/share/ament_cmake/cmake)
[0.364s] -- Found Python3: /usr/bin/python3 (found version "3.10.12") found components: Interpreter 
[0.477s] -- Found rclcpp: 16.0.19 (/opt/ros/humble/share/rclcpp/cmake)
[0.544s] -- Found rosidl_generator_c: 3.1.8 (/opt/ros/humble/share/rosidl_generator_c/cmake)
[0.555s] -- Found rosidl_adapter: 3.1.8 (/opt/ros/humble/share/rosidl_adapter/cmake)
[0.567s] -- Found rosidl_generator_cpp: 3.1.8 (/opt/ros/humble/share/rosidl_generator_cpp/cmake)
[0.586s] -- Using all available rosidl_typesupport_c: rosidl_typesupport_fastrtps_c;rosidl_typesupport_introspection_c
[0.610s] -- Using all available rosidl_typesupport_cpp: rosidl_typesupport_fastrtps_cpp;rosidl_typesupport_introspection_cpp
[0.679s] -- Found rmw_implementation_cmake: 6.1.2 (/opt/ros/humble/share/rmw_implementation_cmake/cmake)
[0.686s] -- Found rmw_cyclonedds_cpp: 1.3.4 (/opt/ros/humble/share/rmw_cyclonedds_cpp/cmake)
[0.727s] -- Using RMW implementation 'rmw_cyclonedds_cpp' as default
[0.744s] -- Looking for pthread.h
[0.805s] -- Looking for pthread.h - found
[0.805s] -- Performing Test CMAKE_HAVE_LIBC_PTHREAD
[0.868s] -- Performing Test CMAKE_HAVE_LIBC_PTHREAD - Success
[0.869s] -- Found Threads: TRUE  
[0.925s] -- Found pluginlib: 5.1.4 (/opt/ros/humble/share/pluginlib/cmake)
[0.958s] -- Found moveit_core: 2.5.9 (/home/dualarm/ws_moveit2/install/moveit_core/share/moveit_core/cmake)
[1.021s] -- Found Boost: /usr/lib/x86_64-linux-gnu/cmake/Boost-1.74.0/BoostConfig.cmake (found version "1.74.0") found components: chrono date_time filesystem iostreams program_options regex serialization system thread 
[1.090s] -- Found parameter_traits: 0.7.1 (/opt/ros/humble/share/parameter_traits/cmake)
[1.117s] -- Found rclcpp_lifecycle: 16.0.19 (/opt/ros/humble/share/rclcpp_lifecycle/cmake)
[1.146s] -- Found Boost: /usr/lib/x86_64-linux-gnu/cmake/Boost-1.74.0/BoostConfig.cmake (found version "1.74.0") found components: filesystem 
[1.249s] -- library: /usr/lib/x86_64-linux-gnu/libcurl.so
[1.322s] -- Found Eigen3: TRUE (found version "3.4.0") 
[1.322s] -- Ensuring Eigen3 include directory is part of orocos-kdl CMake target
[1.654s] -- Configuring done
[1.672s] -- Generating done
[1.677s] -- Build files have been written to: /home/dualarm/hiwin_ws/build/dual_arm_lag_gd_planner
[1.688s] Invoked command in '/home/dualarm/hiwin_ws/build/dual_arm_lag_gd_planner' returned '0': CMAKE_PREFIX_PATH=${CMAKE_PREFIX_PATH}:/home/dualarm/ws_moveit2/install/moveit_configs_utils:/home/dualarm/ws_moveit2/install/launch_param_builder:/opt/ros/humble /usr/bin/cmake /home/dualarm/hiwin_ws/src/For_hiwin_dual_arm/dual_arm_lag_gd_planner -DCMAKE_BUILD_TYPE=Release -DCMAKE_INSTALL_PREFIX=/home/dualarm/hiwin_ws/install/dual_arm_lag_gd_planner
[1.689s] Invoking command in '/home/dualarm/hiwin_ws/build/dual_arm_lag_gd_planner': CMAKE_PREFIX_PATH=${CMAKE_PREFIX_PATH}:/home/dualarm/ws_moveit2/install/moveit_configs_utils:/home/dualarm/ws_moveit2/install/launch_param_builder:/opt/ros/humble /usr/bin/cmake --build /home/dualarm/hiwin_ws/build/dual_arm_lag_gd_planner -- -j16 -l16
[1.743s] [ 60%] [32mBuilding CXX object CMakeFiles/dual_arm_lag_gd_planner.dir/src/data_io.cpp.o[0m
[1.744s] [ 60%] [32mBuilding CXX object CMakeFiles/dual_arm_lag_gd_planner.dir/src/planner_manager.cpp.o[0m
[1.744s] [ 60%] [32mBuilding CXX object CMakeFiles/dual_arm_lag_gd_planner.dir/src/gd_solver.cpp.o[0m
[1.748s] [ 80%] [32mBuilding CXX object CMakeFiles/dual_arm_lag_gd_planner.dir/src/avoidance_system.cpp.o[0m
[9.111s] [100%] [32m[1mLinking CXX shared library libdual_arm_lag_gd_planner.so[0m
[9.237s] [100%] Built target dual_arm_lag_gd_planner
[9.247s] Invoked command in '/home/dualarm/hiwin_ws/build/dual_arm_lag_gd_planner' returned '0': CMAKE_PREFIX_PATH=${CMAKE_PREFIX_PATH}:/home/dualarm/ws_moveit2/install/moveit_configs_utils:/home/dualarm/ws_moveit2/install/launch_param_builder:/opt/ros/humble /usr/bin/cmake --build /home/dualarm/hiwin_ws/build/dual_arm_lag_gd_planner -- -j16 -l16
[9.248s] Invoking command in '/home/dualarm/hiwin_ws/build/dual_arm_lag_gd_planner': CMAKE_PREFIX_PATH=${CMAKE_PREFIX_PATH}:/home/dualarm/ws_moveit2/install/moveit_configs_utils:/home/dualarm/ws_moveit2/install/launch_param_builder:/opt/ros/humble /usr/bin/cmake --install /home/dualarm/hiwin_ws/build/dual_arm_lag_gd_planner
[9.255s] -- Install configuration: "Release"
[9.255s] -- Installing: /home/dualarm/hiwin_ws/install/dual_arm_lag_gd_planner/share/dual_arm_lag_gd_planner/dual_arm_lag_gd_planner.xml
[9.255s] -- Installing: /home/dualarm/hiwin_ws/install/dual_arm_lag_gd_planner/lib/libdual_arm_lag_gd_planner.so
[9.255s] -- Set runtime path of "/home/dualarm/hiwin_ws/install/dual_arm_lag_gd_planner/lib/libdual_arm_lag_gd_planner.so" to ""
[9.255s] -- Installing: /home/dualarm/hiwin_ws/install/dual_arm_lag_gd_planner/include
[9.256s] -- Installing: /home/dualarm/hiwin_ws/install/dual_arm_lag_gd_planner/include/dual_arm_lag_gd_planner
[9.256s] -- Installing: /home/dualarm/hiwin_ws/install/dual_arm_lag_gd_planner/include/dual_arm_lag_gd_planner/planner_manager.hpp
[9.256s] -- Installing: /home/dualarm/hiwin_ws/install/dual_arm_lag_gd_planner/include/dual_arm_lag_gd_planner/gd_solver.hpp
[9.256s] -- Installing: /home/dualarm/hiwin_ws/install/dual_arm_lag_gd_planner/include/dual_arm_lag_gd_planner/avoidance_system.hpp
[9.256s] -- Installing: /home/dualarm/hiwin_ws/install/dual_arm_lag_gd_planner/include/dual_arm_lag_gd_planner/data_io.hpp
[9.256s] -- Installing: /home/dualarm/hiwin_ws/install/dual_arm_lag_gd_planner/share/dual_arm_lag_gd_planner/config
[9.256s] -- Installing: /home/dualarm/hiwin_ws/install/dual_arm_lag_gd_planner/share/dual_arm_lag_gd_planner/config/dual_arm_lag_gd_planning.yaml
[9.256s] -- Installing: /home/dualarm/hiwin_ws/install/dual_arm_lag_gd_planner/share/dual_arm_lag_gd_planner/environment/library_path.sh
[9.256s] -- Installing: /home/dualarm/hiwin_ws/install/dual_arm_lag_gd_planner/share/dual_arm_lag_gd_planner/environment/library_path.dsv
[9.256s] -- Installing: /home/dualarm/hiwin_ws/install/dual_arm_lag_gd_planner/share/ament_index/resource_index/package_run_dependencies/dual_arm_lag_gd_planner
[9.256s] -- Installing: /home/dualarm/hiwin_ws/install/dual_arm_lag_gd_planner/share/ament_index/resource_index/parent_prefix_path/dual_arm_lag_gd_planner
[9.256s] -- Installing: /home/dualarm/hiwin_ws/install/dual_arm_lag_gd_planner/share/dual_arm_lag_gd_planner/environment/ament_prefix_path.sh
[9.256s] -- Installing: /home/dualarm/hiwin_ws/install/dual_arm_lag_gd_planner/share/dual_arm_lag_gd_planner/environment/ament_prefix_path.dsv
[9.257s] -- Installing: /home/dualarm/hiwin_ws/install/dual_arm_lag_gd_planner/share/dual_arm_lag_gd_planner/environment/path.sh
[9.257s] -- Installing: /home/dualarm/hiwin_ws/install/dual_arm_lag_gd_planner/share/dual_arm_lag_gd_planner/environment/path.dsv
[9.257s] -- Installing: /home/dualarm/hiwin_ws/install/dual_arm_lag_gd_planner/share/dual_arm_lag_gd_planner/local_setup.bash
[9.257s] -- Installing: /home/dualarm/hiwin_ws/install/dual_arm_lag_gd_planner/share/dual_arm_lag_gd_planner/local_setup.sh
[9.257s] -- Installing: /home/dualarm/hiwin_ws/install/dual_arm_lag_gd_planner/share/dual_arm_lag_gd_planner/local_setup.zsh
[9.257s] -- Installing: /home/dualarm/hiwin_ws/install/dual_arm_lag_gd_planner/share/dual_arm_lag_gd_planner/local_setup.dsv
[9.257s] -- Installing: /home/dualarm/hiwin_ws/install/dual_arm_lag_gd_planner/share/dual_arm_lag_gd_planner/package.dsv
[9.257s] -- Installing: /home/dualarm/hiwin_ws/install/dual_arm_lag_gd_planner/share/ament_index/resource_index/packages/dual_arm_lag_gd_planner
[9.257s] -- Installing: /home/dualarm/hiwin_ws/install/dual_arm_lag_gd_planner/share/ament_index/resource_index/moveit_core__pluginlib__plugin/dual_arm_lag_gd_planner
[9.257s] -- Installing: /home/dualarm/hiwin_ws/install/dual_arm_lag_gd_planner/share/dual_arm_lag_gd_planner/cmake/ament_cmake_export_libraries-extras.cmake
[9.257s] -- Installing: /home/dualarm/hiwin_ws/install/dual_arm_lag_gd_planner/share/dual_arm_lag_gd_planner/cmake/ament_cmake_export_dependencies-extras.cmake
[9.257s] -- Installing: /home/dualarm/hiwin_ws/install/dual_arm_lag_gd_planner/share/dual_arm_lag_gd_planner/cmake/dual_arm_lag_gd_plannerConfig.cmake
[9.257s] -- Installing: /home/dualarm/hiwin_ws/install/dual_arm_lag_gd_planner/share/dual_arm_lag_gd_planner/cmake/dual_arm_lag_gd_plannerConfig-version.cmake
[9.258s] -- Installing: /home/dualarm/hiwin_ws/install/dual_arm_lag_gd_planner/share/dual_arm_lag_gd_planner/package.xml
[9.259s] Invoked command in '/home/dualarm/hiwin_ws/build/dual_arm_lag_gd_planner' returned '0': CMAKE_PREFIX_PATH=${CMAKE_PREFIX_PATH}:/home/dualarm/ws_moveit2/install/moveit_configs_utils:/home/dualarm/ws_moveit2/install/launch_param_builder:/opt/ros/humble /usr/bin/cmake --install /home/dualarm/hiwin_ws/build/dual_arm_lag_gd_planner
