[0.010s] Invoking command in '/home/dualarm/hiwin_ws/build/hiwin_dual_arm_description': CMAKE_PREFIX_PATH=${CMAKE_PREFIX_PATH}:/home/dualarm/ws_moveit2/install/moveit_configs_utils:/home/dualarm/ws_moveit2/install/launch_param_builder:/opt/ros/humble /usr/bin/cmake --build /home/dualarm/hiwin_ws/build/hiwin_dual_arm_description -- -j16 -l16
[0.045s] Invoked command in '/home/dualarm/hiwin_ws/build/hiwin_dual_arm_description' returned '0': CMAKE_PREFIX_PATH=${CMAKE_PREFIX_PATH}:/home/dualarm/ws_moveit2/install/moveit_configs_utils:/home/dualarm/ws_moveit2/install/launch_param_builder:/opt/ros/humble /usr/bin/cmake --build /home/dualarm/hiwin_ws/build/hiwin_dual_arm_description -- -j16 -l16
[0.046s] Invoking command in '/home/dualarm/hiwin_ws/build/hiwin_dual_arm_description': CMAKE_PREFIX_PATH=${CMAKE_PREFIX_PATH}:/home/dualarm/ws_moveit2/install/moveit_configs_utils:/home/dualarm/ws_moveit2/install/launch_param_builder:/opt/ros/humble /usr/bin/cmake --install /home/dualarm/hiwin_ws/build/hiwin_dual_arm_description
[0.054s] -- Install configuration: "Release"
[0.054s] -- Up-to-date: /home/dualarm/hiwin_ws/install/hiwin_dual_arm_description/share/hiwin_dual_arm_description/urdf
[0.054s] -- Up-to-date: /home/dualarm/hiwin_ws/install/hiwin_dual_arm_description/share/hiwin_dual_arm_description/urdf/big_arm_platform.urdf.xacro
[0.054s] -- Up-to-date: /home/dualarm/hiwin_ws/install/hiwin_dual_arm_description/share/hiwin_dual_arm_description/urdf/dual_hiwin_arms.urdf.xacro
[0.054s] -- Up-to-date: /home/dualarm/hiwin_ws/install/hiwin_dual_arm_description/share/hiwin_dual_arm_description/urdf/small_arm_platform.urdf.xacro
[0.054s] -- Up-to-date: /home/dualarm/hiwin_ws/install/hiwin_dual_arm_description/share/hiwin_dual_arm_description/urdf/ra_macro.xacro
[0.054s] -- Up-to-date: /home/dualarm/hiwin_ws/install/hiwin_dual_arm_description/share/hiwin_dual_arm_description/urdf/inc
[0.054s] -- Up-to-date: /home/dualarm/hiwin_ws/install/hiwin_dual_arm_description/share/hiwin_dual_arm_description/urdf/inc/common.xacro
[0.054s] -- Up-to-date: /home/dualarm/hiwin_ws/install/hiwin_dual_arm_description/share/hiwin_dual_arm_description/config
[0.054s] -- Up-to-date: /home/dualarm/hiwin_ws/install/hiwin_dual_arm_description/share/hiwin_dual_arm_description/config/ra605_710
[0.054s] -- Up-to-date: /home/dualarm/hiwin_ws/install/hiwin_dual_arm_description/share/hiwin_dual_arm_description/config/ra605_710/joint_limits.yaml
[0.054s] -- Up-to-date: /home/dualarm/hiwin_ws/install/hiwin_dual_arm_description/share/hiwin_dual_arm_description/config/ra605_710/visual_parameters.yaml
[0.054s] -- Up-to-date: /home/dualarm/hiwin_ws/install/hiwin_dual_arm_description/share/hiwin_dual_arm_description/config/ra605_710/default_kinematics.yaml
[0.055s] -- Up-to-date: /home/dualarm/hiwin_ws/install/hiwin_dual_arm_description/share/hiwin_dual_arm_description/config/ra605_710/physical_parameters.yaml
[0.055s] -- Up-to-date: /home/dualarm/hiwin_ws/install/hiwin_dual_arm_description/share/hiwin_dual_arm_description/config/ra610_1476
[0.055s] -- Up-to-date: /home/dualarm/hiwin_ws/install/hiwin_dual_arm_description/share/hiwin_dual_arm_description/config/ra610_1476/joint_limits.yaml
[0.055s] -- Up-to-date: /home/dualarm/hiwin_ws/install/hiwin_dual_arm_description/share/hiwin_dual_arm_description/config/ra610_1476/visual_parameters.yaml
[0.055s] -- Up-to-date: /home/dualarm/hiwin_ws/install/hiwin_dual_arm_description/share/hiwin_dual_arm_description/config/ra610_1476/default_kinematics.yaml
[0.055s] -- Up-to-date: /home/dualarm/hiwin_ws/install/hiwin_dual_arm_description/share/hiwin_dual_arm_description/config/ra610_1476/physical_parameters.yaml
[0.055s] -- Up-to-date: /home/dualarm/hiwin_ws/install/hiwin_dual_arm_description/share/hiwin_dual_arm_description/meshes
[0.055s] -- Up-to-date: /home/dualarm/hiwin_ws/install/hiwin_dual_arm_description/share/hiwin_dual_arm_description/meshes/platform
[0.055s] -- Up-to-date: /home/dualarm/hiwin_ws/install/hiwin_dual_arm_description/share/hiwin_dual_arm_description/meshes/platform/visual
[0.055s] -- Up-to-date: /home/dualarm/hiwin_ws/install/hiwin_dual_arm_description/share/hiwin_dual_arm_description/meshes/platform/visual/ra610_platform.STL
[0.055s] -- Up-to-date: /home/dualarm/hiwin_ws/install/hiwin_dual_arm_description/share/hiwin_dual_arm_description/meshes/platform/visual/ra605_platform.STL
[0.055s] -- Up-to-date: /home/dualarm/hiwin_ws/install/hiwin_dual_arm_description/share/hiwin_dual_arm_description/meshes/platform/collision
[0.055s] -- Up-to-date: /home/dualarm/hiwin_ws/install/hiwin_dual_arm_description/share/hiwin_dual_arm_description/meshes/platform/collision/ra610_platform.STL
[0.055s] -- Up-to-date: /home/dualarm/hiwin_ws/install/hiwin_dual_arm_description/share/hiwin_dual_arm_description/meshes/platform/collision/ra605_platform.STL
[0.055s] -- Up-to-date: /home/dualarm/hiwin_ws/install/hiwin_dual_arm_description/share/hiwin_dual_arm_description/meshes/ra605_710
[0.055s] -- Up-to-date: /home/dualarm/hiwin_ws/install/hiwin_dual_arm_description/share/hiwin_dual_arm_description/meshes/ra605_710/visual
[0.055s] -- Up-to-date: /home/dualarm/hiwin_ws/install/hiwin_dual_arm_description/share/hiwin_dual_arm_description/meshes/ra605_710/visual/link_5.stl
[0.055s] -- Up-to-date: /home/dualarm/hiwin_ws/install/hiwin_dual_arm_description/share/hiwin_dual_arm_description/meshes/ra605_710/visual/link_1.stl
[0.056s] -- Up-to-date: /home/dualarm/hiwin_ws/install/hiwin_dual_arm_description/share/hiwin_dual_arm_description/meshes/ra605_710/visual/link_2.stl
[0.056s] -- Up-to-date: /home/dualarm/hiwin_ws/install/hiwin_dual_arm_description/share/hiwin_dual_arm_description/meshes/ra605_710/visual/link_3.stl
[0.056s] -- Up-to-date: /home/dualarm/hiwin_ws/install/hiwin_dual_arm_description/share/hiwin_dual_arm_description/meshes/ra605_710/visual/link_6.stl
[0.056s] -- Up-to-date: /home/dualarm/hiwin_ws/install/hiwin_dual_arm_description/share/hiwin_dual_arm_description/meshes/ra605_710/visual/base.stl
[0.056s] -- Up-to-date: /home/dualarm/hiwin_ws/install/hiwin_dual_arm_description/share/hiwin_dual_arm_description/meshes/ra605_710/visual/link_4.stl
[0.056s] -- Up-to-date: /home/dualarm/hiwin_ws/install/hiwin_dual_arm_description/share/hiwin_dual_arm_description/meshes/ra605_710/collision
[0.056s] -- Up-to-date: /home/dualarm/hiwin_ws/install/hiwin_dual_arm_description/share/hiwin_dual_arm_description/meshes/ra605_710/collision/link_5.stl
[0.056s] -- Up-to-date: /home/dualarm/hiwin_ws/install/hiwin_dual_arm_description/share/hiwin_dual_arm_description/meshes/ra605_710/collision/link_1.stl
[0.056s] -- Up-to-date: /home/dualarm/hiwin_ws/install/hiwin_dual_arm_description/share/hiwin_dual_arm_description/meshes/ra605_710/collision/link_2.stl
[0.056s] -- Up-to-date: /home/dualarm/hiwin_ws/install/hiwin_dual_arm_description/share/hiwin_dual_arm_description/meshes/ra605_710/collision/link_3.stl
[0.056s] -- Up-to-date: /home/dualarm/hiwin_ws/install/hiwin_dual_arm_description/share/hiwin_dual_arm_description/meshes/ra605_710/collision/link_6.stl
[0.056s] -- Up-to-date: /home/dualarm/hiwin_ws/install/hiwin_dual_arm_description/share/hiwin_dual_arm_description/meshes/ra605_710/collision/base.stl
[0.056s] -- Up-to-date: /home/dualarm/hiwin_ws/install/hiwin_dual_arm_description/share/hiwin_dual_arm_description/meshes/ra605_710/collision/link_4.stl
[0.056s] -- Up-to-date: /home/dualarm/hiwin_ws/install/hiwin_dual_arm_description/share/hiwin_dual_arm_description/meshes/ra610_1476
[0.057s] -- Up-to-date: /home/dualarm/hiwin_ws/install/hiwin_dual_arm_description/share/hiwin_dual_arm_description/meshes/ra610_1476/visual
[0.057s] -- Up-to-date: /home/dualarm/hiwin_ws/install/hiwin_dual_arm_description/share/hiwin_dual_arm_description/meshes/ra610_1476/visual/link_5.stl
[0.057s] -- Up-to-date: /home/dualarm/hiwin_ws/install/hiwin_dual_arm_description/share/hiwin_dual_arm_description/meshes/ra610_1476/visual/link_1.stl
[0.057s] -- Up-to-date: /home/dualarm/hiwin_ws/install/hiwin_dual_arm_description/share/hiwin_dual_arm_description/meshes/ra610_1476/visual/link_2.stl
[0.057s] -- Up-to-date: /home/dualarm/hiwin_ws/install/hiwin_dual_arm_description/share/hiwin_dual_arm_description/meshes/ra610_1476/visual/link_3.stl
[0.057s] -- Up-to-date: /home/dualarm/hiwin_ws/install/hiwin_dual_arm_description/share/hiwin_dual_arm_description/meshes/ra610_1476/visual/link_6.stl
[0.057s] -- Up-to-date: /home/dualarm/hiwin_ws/install/hiwin_dual_arm_description/share/hiwin_dual_arm_description/meshes/ra610_1476/visual/base.stl
[0.057s] -- Up-to-date: /home/dualarm/hiwin_ws/install/hiwin_dual_arm_description/share/hiwin_dual_arm_description/meshes/ra610_1476/visual/link_4.stl
[0.058s] -- Up-to-date: /home/dualarm/hiwin_ws/install/hiwin_dual_arm_description/share/hiwin_dual_arm_description/meshes/ra610_1476/collision
[0.058s] -- Up-to-date: /home/dualarm/hiwin_ws/install/hiwin_dual_arm_description/share/hiwin_dual_arm_description/meshes/ra610_1476/collision/link_5.stl
[0.058s] -- Up-to-date: /home/dualarm/hiwin_ws/install/hiwin_dual_arm_description/share/hiwin_dual_arm_description/meshes/ra610_1476/collision/link_1.stl
[0.058s] -- Up-to-date: /home/dualarm/hiwin_ws/install/hiwin_dual_arm_description/share/hiwin_dual_arm_description/meshes/ra610_1476/collision/link_2.stl
[0.058s] -- Up-to-date: /home/dualarm/hiwin_ws/install/hiwin_dual_arm_description/share/hiwin_dual_arm_description/meshes/ra610_1476/collision/link_3.stl
[0.058s] -- Up-to-date: /home/dualarm/hiwin_ws/install/hiwin_dual_arm_description/share/hiwin_dual_arm_description/meshes/ra610_1476/collision/link_6.stl
[0.058s] -- Up-to-date: /home/dualarm/hiwin_ws/install/hiwin_dual_arm_description/share/hiwin_dual_arm_description/meshes/ra610_1476/collision/base.stl
[0.058s] -- Up-to-date: /home/dualarm/hiwin_ws/install/hiwin_dual_arm_description/share/hiwin_dual_arm_description/meshes/ra610_1476/collision/link_4.stl
[0.058s] -- Up-to-date: /home/dualarm/hiwin_ws/install/hiwin_dual_arm_description/share/ament_index/resource_index/package_run_dependencies/hiwin_dual_arm_description
[0.058s] -- Up-to-date: /home/dualarm/hiwin_ws/install/hiwin_dual_arm_description/share/ament_index/resource_index/parent_prefix_path/hiwin_dual_arm_description
[0.058s] -- Up-to-date: /home/dualarm/hiwin_ws/install/hiwin_dual_arm_description/share/hiwin_dual_arm_description/environment/ament_prefix_path.sh
[0.058s] -- Up-to-date: /home/dualarm/hiwin_ws/install/hiwin_dual_arm_description/share/hiwin_dual_arm_description/environment/ament_prefix_path.dsv
[0.058s] -- Up-to-date: /home/dualarm/hiwin_ws/install/hiwin_dual_arm_description/share/hiwin_dual_arm_description/environment/path.sh
[0.058s] -- Up-to-date: /home/dualarm/hiwin_ws/install/hiwin_dual_arm_description/share/hiwin_dual_arm_description/environment/path.dsv
[0.058s] -- Up-to-date: /home/dualarm/hiwin_ws/install/hiwin_dual_arm_description/share/hiwin_dual_arm_description/local_setup.bash
[0.058s] -- Up-to-date: /home/dualarm/hiwin_ws/install/hiwin_dual_arm_description/share/hiwin_dual_arm_description/local_setup.sh
[0.058s] -- Up-to-date: /home/dualarm/hiwin_ws/install/hiwin_dual_arm_description/share/hiwin_dual_arm_description/local_setup.zsh
[0.058s] -- Up-to-date: /home/dualarm/hiwin_ws/install/hiwin_dual_arm_description/share/hiwin_dual_arm_description/local_setup.dsv
[0.059s] -- Installing: /home/dualarm/hiwin_ws/install/hiwin_dual_arm_description/share/hiwin_dual_arm_description/package.dsv
[0.059s] -- Up-to-date: /home/dualarm/hiwin_ws/install/hiwin_dual_arm_description/share/ament_index/resource_index/packages/hiwin_dual_arm_description
[0.059s] -- Up-to-date: /home/dualarm/hiwin_ws/install/hiwin_dual_arm_description/share/hiwin_dual_arm_description/cmake/hiwin_dual_arm_descriptionConfig.cmake
[0.059s] -- Up-to-date: /home/dualarm/hiwin_ws/install/hiwin_dual_arm_description/share/hiwin_dual_arm_description/cmake/hiwin_dual_arm_descriptionConfig-version.cmake
[0.059s] -- Up-to-date: /home/dualarm/hiwin_ws/install/hiwin_dual_arm_description/share/hiwin_dual_arm_description/package.xml
[0.059s] Invoked command in '/home/dualarm/hiwin_ws/build/hiwin_dual_arm_description' returned '0': CMAKE_PREFIX_PATH=${CMAKE_PREFIX_PATH}:/home/dualarm/ws_moveit2/install/moveit_configs_utils:/home/dualarm/ws_moveit2/install/launch_param_builder:/opt/ros/humble /usr/bin/cmake --install /home/dualarm/hiwin_ws/build/hiwin_dual_arm_description
