[0.011s] Invoking command in '/home/dualarm/hiwin_ws/build/hiwin_description': CMAKE_PREFIX_PATH=${CMAKE_PREFIX_PATH}:/home/dualarm/ws_moveit2/install/moveit_configs_utils:/home/dualarm/ws_moveit2/install/launch_param_builder:/opt/ros/humble /usr/bin/cmake --build /home/dualarm/hiwin_ws/build/hiwin_description -- -j16 -l16
[0.045s] Invoked command in '/home/dualarm/hiwin_ws/build/hiwin_description' returned '0': CMAKE_PREFIX_PATH=${CMAKE_PREFIX_PATH}:/home/dualarm/ws_moveit2/install/moveit_configs_utils:/home/dualarm/ws_moveit2/install/launch_param_builder:/opt/ros/humble /usr/bin/cmake --build /home/dualarm/hiwin_ws/build/hiwin_description -- -j16 -l16
[0.054s] Invoking command in '/home/dualarm/hiwin_ws/build/hiwin_description': CMAKE_PREFIX_PATH=${CMAKE_PREFIX_PATH}:/home/dualarm/ws_moveit2/install/moveit_configs_utils:/home/dualarm/ws_moveit2/install/launch_param_builder:/opt/ros/humble /usr/bin/cmake --install /home/dualarm/hiwin_ws/build/hiwin_description
[0.061s] -- Install configuration: "Release"
[0.062s] -- Up-to-date: /home/dualarm/hiwin_ws/install/hiwin_description/share/hiwin_description/config
[0.062s] -- Up-to-date: /home/dualarm/hiwin_ws/install/hiwin_description/share/hiwin_description/config/ra610_1869
[0.062s] -- Up-to-date: /home/dualarm/hiwin_ws/install/hiwin_description/share/hiwin_description/config/ra610_1869/joint_limits.yaml
[0.062s] -- Up-to-date: /home/dualarm/hiwin_ws/install/hiwin_description/share/hiwin_description/config/ra610_1869/visual_parameters.yaml
[0.062s] -- Up-to-date: /home/dualarm/hiwin_ws/install/hiwin_description/share/hiwin_description/config/ra610_1869/default_kinematics.yaml
[0.062s] -- Up-to-date: /home/dualarm/hiwin_ws/install/hiwin_description/share/hiwin_description/config/ra610_1869/physical_parameters.yaml
[0.062s] -- Up-to-date: /home/dualarm/hiwin_ws/install/hiwin_description/share/hiwin_description/config/rs405_500_400
[0.062s] -- Up-to-date: /home/dualarm/hiwin_ws/install/hiwin_description/share/hiwin_description/config/rs405_500_400/joint_limits.yaml
[0.062s] -- Up-to-date: /home/dualarm/hiwin_ws/install/hiwin_description/share/hiwin_description/config/rs405_500_400/visual_parameters.yaml
[0.062s] -- Up-to-date: /home/dualarm/hiwin_ws/install/hiwin_description/share/hiwin_description/config/rs405_500_400/default_kinematics.yaml
[0.063s] -- Up-to-date: /home/dualarm/hiwin_ws/install/hiwin_description/share/hiwin_description/config/rs405_500_400/physical_parameters.yaml
[0.063s] -- Up-to-date: /home/dualarm/hiwin_ws/install/hiwin_description/share/hiwin_description/config/ra610_1355
[0.063s] -- Up-to-date: /home/dualarm/hiwin_ws/install/hiwin_description/share/hiwin_description/config/ra610_1355/joint_limits.yaml
[0.063s] -- Up-to-date: /home/dualarm/hiwin_ws/install/hiwin_description/share/hiwin_description/config/ra610_1355/visual_parameters.yaml
[0.063s] -- Up-to-date: /home/dualarm/hiwin_ws/install/hiwin_description/share/hiwin_description/config/ra610_1355/default_kinematics.yaml
[0.063s] -- Up-to-date: /home/dualarm/hiwin_ws/install/hiwin_description/share/hiwin_description/config/ra610_1355/physical_parameters.yaml
[0.063s] -- Up-to-date: /home/dualarm/hiwin_ws/install/hiwin_description/share/hiwin_description/config/ra605_710
[0.063s] -- Up-to-date: /home/dualarm/hiwin_ws/install/hiwin_description/share/hiwin_description/config/ra605_710/joint_limits.yaml
[0.063s] -- Up-to-date: /home/dualarm/hiwin_ws/install/hiwin_description/share/hiwin_description/config/ra605_710/visual_parameters.yaml
[0.064s] -- Up-to-date: /home/dualarm/hiwin_ws/install/hiwin_description/share/hiwin_description/config/ra605_710/default_kinematics.yaml
[0.064s] -- Up-to-date: /home/dualarm/hiwin_ws/install/hiwin_description/share/hiwin_description/config/ra605_710/physical_parameters.yaml
[0.064s] -- Up-to-date: /home/dualarm/hiwin_ws/install/hiwin_description/share/hiwin_description/config/rs405_400_200
[0.064s] -- Up-to-date: /home/dualarm/hiwin_ws/install/hiwin_description/share/hiwin_description/config/rs405_400_200/joint_limits.yaml
[0.064s] -- Up-to-date: /home/dualarm/hiwin_ws/install/hiwin_description/share/hiwin_description/config/rs405_400_200/visual_parameters.yaml
[0.064s] -- Up-to-date: /home/dualarm/hiwin_ws/install/hiwin_description/share/hiwin_description/config/rs405_400_200/default_kinematics.yaml
[0.064s] -- Up-to-date: /home/dualarm/hiwin_ws/install/hiwin_description/share/hiwin_description/config/rs405_400_200/physical_parameters.yaml
[0.064s] -- Up-to-date: /home/dualarm/hiwin_ws/install/hiwin_description/share/hiwin_description/config/ra610_1476
[0.064s] -- Up-to-date: /home/dualarm/hiwin_ws/install/hiwin_description/share/hiwin_description/config/ra610_1476/joint_limits.yaml
[0.064s] -- Up-to-date: /home/dualarm/hiwin_ws/install/hiwin_description/share/hiwin_description/config/ra610_1476/visual_parameters.yaml
[0.064s] -- Up-to-date: /home/dualarm/hiwin_ws/install/hiwin_description/share/hiwin_description/config/ra610_1476/default_kinematics.yaml
[0.064s] -- Up-to-date: /home/dualarm/hiwin_ws/install/hiwin_description/share/hiwin_description/config/ra610_1476/physical_parameters.yaml
[0.065s] -- Up-to-date: /home/dualarm/hiwin_ws/install/hiwin_description/share/hiwin_description/launch
[0.065s] -- Up-to-date: /home/dualarm/hiwin_ws/install/hiwin_description/share/hiwin_description/launch/view_rs.launch.py
[0.065s] -- Up-to-date: /home/dualarm/hiwin_ws/install/hiwin_description/share/hiwin_description/launch/view_ra.launch.py
[0.065s] -- Up-to-date: /home/dualarm/hiwin_ws/install/hiwin_description/share/hiwin_description/meshes
[0.065s] -- Up-to-date: /home/dualarm/hiwin_ws/install/hiwin_description/share/hiwin_description/meshes/ra610_1869
[0.065s] -- Up-to-date: /home/dualarm/hiwin_ws/install/hiwin_description/share/hiwin_description/meshes/ra610_1869/visual
[0.065s] -- Up-to-date: /home/dualarm/hiwin_ws/install/hiwin_description/share/hiwin_description/meshes/ra610_1869/visual/link_5.stl
[0.065s] -- Up-to-date: /home/dualarm/hiwin_ws/install/hiwin_description/share/hiwin_description/meshes/ra610_1869/visual/link_1.stl
[0.065s] -- Up-to-date: /home/dualarm/hiwin_ws/install/hiwin_description/share/hiwin_description/meshes/ra610_1869/visual/link_2.stl
[0.066s] -- Up-to-date: /home/dualarm/hiwin_ws/install/hiwin_description/share/hiwin_description/meshes/ra610_1869/visual/link_3.stl
[0.066s] -- Up-to-date: /home/dualarm/hiwin_ws/install/hiwin_description/share/hiwin_description/meshes/ra610_1869/visual/link_6.stl
[0.066s] -- Up-to-date: /home/dualarm/hiwin_ws/install/hiwin_description/share/hiwin_description/meshes/ra610_1869/visual/base.stl
[0.066s] -- Up-to-date: /home/dualarm/hiwin_ws/install/hiwin_description/share/hiwin_description/meshes/ra610_1869/visual/link_4.stl
[0.066s] -- Up-to-date: /home/dualarm/hiwin_ws/install/hiwin_description/share/hiwin_description/meshes/ra610_1869/collision
[0.066s] -- Up-to-date: /home/dualarm/hiwin_ws/install/hiwin_description/share/hiwin_description/meshes/ra610_1869/collision/link_5.stl
[0.066s] -- Up-to-date: /home/dualarm/hiwin_ws/install/hiwin_description/share/hiwin_description/meshes/ra610_1869/collision/link_1.stl
[0.066s] -- Up-to-date: /home/dualarm/hiwin_ws/install/hiwin_description/share/hiwin_description/meshes/ra610_1869/collision/link_2.stl
[0.066s] -- Up-to-date: /home/dualarm/hiwin_ws/install/hiwin_description/share/hiwin_description/meshes/ra610_1869/collision/link_3.stl
[0.066s] -- Up-to-date: /home/dualarm/hiwin_ws/install/hiwin_description/share/hiwin_description/meshes/ra610_1869/collision/link_6.stl
[0.066s] -- Up-to-date: /home/dualarm/hiwin_ws/install/hiwin_description/share/hiwin_description/meshes/ra610_1869/collision/base.stl
[0.066s] -- Up-to-date: /home/dualarm/hiwin_ws/install/hiwin_description/share/hiwin_description/meshes/ra610_1869/collision/link_4.stl
[0.066s] -- Up-to-date: /home/dualarm/hiwin_ws/install/hiwin_description/share/hiwin_description/meshes/rs405_500_400
[0.066s] -- Up-to-date: /home/dualarm/hiwin_ws/install/hiwin_description/share/hiwin_description/meshes/rs405_500_400/visual
[0.066s] -- Up-to-date: /home/dualarm/hiwin_ws/install/hiwin_description/share/hiwin_description/meshes/rs405_500_400/visual/link_1.stl
[0.067s] -- Up-to-date: /home/dualarm/hiwin_ws/install/hiwin_description/share/hiwin_description/meshes/rs405_500_400/visual/link_2.stl
[0.067s] -- Up-to-date: /home/dualarm/hiwin_ws/install/hiwin_description/share/hiwin_description/meshes/rs405_500_400/visual/link_3.stl
[0.067s] -- Up-to-date: /home/dualarm/hiwin_ws/install/hiwin_description/share/hiwin_description/meshes/rs405_500_400/visual/base.stl
[0.067s] -- Up-to-date: /home/dualarm/hiwin_ws/install/hiwin_description/share/hiwin_description/meshes/rs405_500_400/collision
[0.067s] -- Up-to-date: /home/dualarm/hiwin_ws/install/hiwin_description/share/hiwin_description/meshes/rs405_500_400/collision/link_1.stl
[0.067s] -- Up-to-date: /home/dualarm/hiwin_ws/install/hiwin_description/share/hiwin_description/meshes/rs405_500_400/collision/link_2.stl
[0.067s] -- Up-to-date: /home/dualarm/hiwin_ws/install/hiwin_description/share/hiwin_description/meshes/rs405_500_400/collision/link_3.stl
[0.067s] -- Up-to-date: /home/dualarm/hiwin_ws/install/hiwin_description/share/hiwin_description/meshes/rs405_500_400/collision/base.stl
[0.067s] -- Up-to-date: /home/dualarm/hiwin_ws/install/hiwin_description/share/hiwin_description/meshes/ra610_1355
[0.067s] -- Up-to-date: /home/dualarm/hiwin_ws/install/hiwin_description/share/hiwin_description/meshes/ra610_1355/visual
[0.067s] -- Up-to-date: /home/dualarm/hiwin_ws/install/hiwin_description/share/hiwin_description/meshes/ra610_1355/visual/link_5.stl
[0.067s] -- Up-to-date: /home/dualarm/hiwin_ws/install/hiwin_description/share/hiwin_description/meshes/ra610_1355/visual/link_1.stl
[0.067s] -- Up-to-date: /home/dualarm/hiwin_ws/install/hiwin_description/share/hiwin_description/meshes/ra610_1355/visual/link_2.stl
[0.067s] -- Up-to-date: /home/dualarm/hiwin_ws/install/hiwin_description/share/hiwin_description/meshes/ra610_1355/visual/link_3.stl
[0.067s] -- Up-to-date: /home/dualarm/hiwin_ws/install/hiwin_description/share/hiwin_description/meshes/ra610_1355/visual/link_6.stl
[0.067s] -- Up-to-date: /home/dualarm/hiwin_ws/install/hiwin_description/share/hiwin_description/meshes/ra610_1355/visual/base.stl
[0.067s] -- Up-to-date: /home/dualarm/hiwin_ws/install/hiwin_description/share/hiwin_description/meshes/ra610_1355/visual/link_4.stl
[0.067s] -- Up-to-date: /home/dualarm/hiwin_ws/install/hiwin_description/share/hiwin_description/meshes/ra610_1355/collision
[0.068s] -- Up-to-date: /home/dualarm/hiwin_ws/install/hiwin_description/share/hiwin_description/meshes/ra610_1355/collision/link_5.stl
[0.068s] -- Up-to-date: /home/dualarm/hiwin_ws/install/hiwin_description/share/hiwin_description/meshes/ra610_1355/collision/link_1.stl
[0.068s] -- Up-to-date: /home/dualarm/hiwin_ws/install/hiwin_description/share/hiwin_description/meshes/ra610_1355/collision/link_2.stl
[0.068s] -- Up-to-date: /home/dualarm/hiwin_ws/install/hiwin_description/share/hiwin_description/meshes/ra610_1355/collision/link_3.stl
[0.068s] -- Up-to-date: /home/dualarm/hiwin_ws/install/hiwin_description/share/hiwin_description/meshes/ra610_1355/collision/link_6.stl
[0.068s] -- Up-to-date: /home/dualarm/hiwin_ws/install/hiwin_description/share/hiwin_description/meshes/ra610_1355/collision/base.stl
[0.068s] -- Up-to-date: /home/dualarm/hiwin_ws/install/hiwin_description/share/hiwin_description/meshes/ra610_1355/collision/link_1_new.stl
[0.068s] -- Up-to-date: /home/dualarm/hiwin_ws/install/hiwin_description/share/hiwin_description/meshes/ra610_1355/collision/base_new.stl
[0.068s] -- Up-to-date: /home/dualarm/hiwin_ws/install/hiwin_description/share/hiwin_description/meshes/ra610_1355/collision/link_4.stl
[0.068s] -- Up-to-date: /home/dualarm/hiwin_ws/install/hiwin_description/share/hiwin_description/meshes/platform
[0.068s] -- Up-to-date: /home/dualarm/hiwin_ws/install/hiwin_description/share/hiwin_description/meshes/platform/visual
[0.068s] -- Up-to-date: /home/dualarm/hiwin_ws/install/hiwin_description/share/hiwin_description/meshes/platform/visual/ra610_platform.STL
[0.068s] -- Up-to-date: /home/dualarm/hiwin_ws/install/hiwin_description/share/hiwin_description/meshes/platform/visual/ra605_platform.STL
[0.068s] -- Up-to-date: /home/dualarm/hiwin_ws/install/hiwin_description/share/hiwin_description/meshes/platform/collision
[0.068s] -- Up-to-date: /home/dualarm/hiwin_ws/install/hiwin_description/share/hiwin_description/meshes/platform/collision/ra610_platform.STL
[0.068s] -- Up-to-date: /home/dualarm/hiwin_ws/install/hiwin_description/share/hiwin_description/meshes/platform/collision/ra605_platform.STL
[0.068s] -- Up-to-date: /home/dualarm/hiwin_ws/install/hiwin_description/share/hiwin_description/meshes/ra605_710
[0.068s] -- Up-to-date: /home/dualarm/hiwin_ws/install/hiwin_description/share/hiwin_description/meshes/ra605_710/visual
[0.068s] -- Up-to-date: /home/dualarm/hiwin_ws/install/hiwin_description/share/hiwin_description/meshes/ra605_710/visual/link_5.stl
[0.068s] -- Up-to-date: /home/dualarm/hiwin_ws/install/hiwin_description/share/hiwin_description/meshes/ra605_710/visual/link_1.stl
[0.069s] -- Up-to-date: /home/dualarm/hiwin_ws/install/hiwin_description/share/hiwin_description/meshes/ra605_710/visual/link_2.stl
[0.069s] -- Up-to-date: /home/dualarm/hiwin_ws/install/hiwin_description/share/hiwin_description/meshes/ra605_710/visual/link_3.stl
[0.069s] -- Up-to-date: /home/dualarm/hiwin_ws/install/hiwin_description/share/hiwin_description/meshes/ra605_710/visual/link_6.stl
[0.069s] -- Up-to-date: /home/dualarm/hiwin_ws/install/hiwin_description/share/hiwin_description/meshes/ra605_710/visual/base.stl
[0.069s] -- Up-to-date: /home/dualarm/hiwin_ws/install/hiwin_description/share/hiwin_description/meshes/ra605_710/visual/link_4.stl
[0.069s] -- Up-to-date: /home/dualarm/hiwin_ws/install/hiwin_description/share/hiwin_description/meshes/ra605_710/collision
[0.069s] -- Up-to-date: /home/dualarm/hiwin_ws/install/hiwin_description/share/hiwin_description/meshes/ra605_710/collision/link_5.stl
[0.069s] -- Up-to-date: /home/dualarm/hiwin_ws/install/hiwin_description/share/hiwin_description/meshes/ra605_710/collision/link_1.stl
[0.069s] -- Up-to-date: /home/dualarm/hiwin_ws/install/hiwin_description/share/hiwin_description/meshes/ra605_710/collision/link_2.stl
[0.069s] -- Up-to-date: /home/dualarm/hiwin_ws/install/hiwin_description/share/hiwin_description/meshes/ra605_710/collision/link_3.stl
[0.069s] -- Up-to-date: /home/dualarm/hiwin_ws/install/hiwin_description/share/hiwin_description/meshes/ra605_710/collision/link_6.stl
[0.069s] -- Up-to-date: /home/dualarm/hiwin_ws/install/hiwin_description/share/hiwin_description/meshes/ra605_710/collision/base.stl
[0.069s] -- Up-to-date: /home/dualarm/hiwin_ws/install/hiwin_description/share/hiwin_description/meshes/ra605_710/collision/link_4.stl
[0.069s] -- Up-to-date: /home/dualarm/hiwin_ws/install/hiwin_description/share/hiwin_description/meshes/rs405_400_200
[0.069s] -- Up-to-date: /home/dualarm/hiwin_ws/install/hiwin_description/share/hiwin_description/meshes/rs405_400_200/visual
[0.069s] -- Up-to-date: /home/dualarm/hiwin_ws/install/hiwin_description/share/hiwin_description/meshes/rs405_400_200/visual/link_1.stl
[0.069s] -- Up-to-date: /home/dualarm/hiwin_ws/install/hiwin_description/share/hiwin_description/meshes/rs405_400_200/visual/link_2.stl
[0.069s] -- Up-to-date: /home/dualarm/hiwin_ws/install/hiwin_description/share/hiwin_description/meshes/rs405_400_200/visual/link_3.stl
[0.069s] -- Up-to-date: /home/dualarm/hiwin_ws/install/hiwin_description/share/hiwin_description/meshes/rs405_400_200/visual/base.stl
[0.069s] -- Up-to-date: /home/dualarm/hiwin_ws/install/hiwin_description/share/hiwin_description/meshes/rs405_400_200/collision
[0.069s] -- Up-to-date: /home/dualarm/hiwin_ws/install/hiwin_description/share/hiwin_description/meshes/rs405_400_200/collision/link_1.stl
[0.070s] -- Up-to-date: /home/dualarm/hiwin_ws/install/hiwin_description/share/hiwin_description/meshes/rs405_400_200/collision/link_2.stl
[0.070s] -- Up-to-date: /home/dualarm/hiwin_ws/install/hiwin_description/share/hiwin_description/meshes/rs405_400_200/collision/link_3.stl
[0.070s] -- Up-to-date: /home/dualarm/hiwin_ws/install/hiwin_description/share/hiwin_description/meshes/rs405_400_200/collision/base.stl
[0.070s] -- Up-to-date: /home/dualarm/hiwin_ws/install/hiwin_description/share/hiwin_description/meshes/ra610_1476
[0.070s] -- Up-to-date: /home/dualarm/hiwin_ws/install/hiwin_description/share/hiwin_description/meshes/ra610_1476/visual
[0.070s] -- Up-to-date: /home/dualarm/hiwin_ws/install/hiwin_description/share/hiwin_description/meshes/ra610_1476/visual/link_5.stl
[0.070s] -- Up-to-date: /home/dualarm/hiwin_ws/install/hiwin_description/share/hiwin_description/meshes/ra610_1476/visual/link_1.stl
[0.070s] -- Up-to-date: /home/dualarm/hiwin_ws/install/hiwin_description/share/hiwin_description/meshes/ra610_1476/visual/link_2.stl
[0.070s] -- Up-to-date: /home/dualarm/hiwin_ws/install/hiwin_description/share/hiwin_description/meshes/ra610_1476/visual/link_3.stl
[0.070s] -- Up-to-date: /home/dualarm/hiwin_ws/install/hiwin_description/share/hiwin_description/meshes/ra610_1476/visual/link_6.stl
[0.070s] -- Up-to-date: /home/dualarm/hiwin_ws/install/hiwin_description/share/hiwin_description/meshes/ra610_1476/visual/base.stl
[0.070s] -- Up-to-date: /home/dualarm/hiwin_ws/install/hiwin_description/share/hiwin_description/meshes/ra610_1476/visual/link_4.stl
[0.070s] -- Up-to-date: /home/dualarm/hiwin_ws/install/hiwin_description/share/hiwin_description/meshes/ra610_1476/collision
[0.070s] -- Up-to-date: /home/dualarm/hiwin_ws/install/hiwin_description/share/hiwin_description/meshes/ra610_1476/collision/link_5.stl
[0.070s] -- Up-to-date: /home/dualarm/hiwin_ws/install/hiwin_description/share/hiwin_description/meshes/ra610_1476/collision/link_1.stl
[0.070s] -- Up-to-date: /home/dualarm/hiwin_ws/install/hiwin_description/share/hiwin_description/meshes/ra610_1476/collision/link_2.stl
[0.070s] -- Up-to-date: /home/dualarm/hiwin_ws/install/hiwin_description/share/hiwin_description/meshes/ra610_1476/collision/link_3.stl
[0.071s] -- Up-to-date: /home/dualarm/hiwin_ws/install/hiwin_description/share/hiwin_description/meshes/ra610_1476/collision/link_6.stl
[0.071s] -- Up-to-date: /home/dualarm/hiwin_ws/install/hiwin_description/share/hiwin_description/meshes/ra610_1476/collision/base.stl
[0.071s] -- Up-to-date: /home/dualarm/hiwin_ws/install/hiwin_description/share/hiwin_description/meshes/ra610_1476/collision/link_4.stl
[0.071s] -- Up-to-date: /home/dualarm/hiwin_ws/install/hiwin_description/share/hiwin_description/rviz
[0.071s] -- Up-to-date: /home/dualarm/hiwin_ws/install/hiwin_description/share/hiwin_description/rviz/view_robot.rviz
[0.071s] -- Up-to-date: /home/dualarm/hiwin_ws/install/hiwin_description/share/hiwin_description/urdf
[0.071s] -- Up-to-date: /home/dualarm/hiwin_ws/install/hiwin_description/share/hiwin_description/urdf/dual_hiwin_arms.urdf copy.xacro
[0.071s] -- Up-to-date: /home/dualarm/hiwin_ws/install/hiwin_description/share/hiwin_description/urdf/big_arm_platform.urdf.xacro
[0.071s] -- Up-to-date: /home/dualarm/hiwin_ws/install/hiwin_description/share/hiwin_description/urdf/ra.urdf.xacro
[0.071s] -- Up-to-date: /home/dualarm/hiwin_ws/install/hiwin_description/share/hiwin_description/urdf/dual_hiwin_arms.urdf.xacro
[0.071s] -- Up-to-date: /home/dualarm/hiwin_ws/install/hiwin_description/share/hiwin_description/urdf/rs_macro.xacro
[0.071s] -- Up-to-date: /home/dualarm/hiwin_ws/install/hiwin_description/share/hiwin_description/urdf/small_arm_platform.urdf.xacro
[0.071s] -- Up-to-date: /home/dualarm/hiwin_ws/install/hiwin_description/share/hiwin_description/urdf/ra_macro.xacro
[0.071s] -- Up-to-date: /home/dualarm/hiwin_ws/install/hiwin_description/share/hiwin_description/urdf/rs.urdf.xacro
[0.071s] -- Up-to-date: /home/dualarm/hiwin_ws/install/hiwin_description/share/hiwin_description/urdf/inc
[0.071s] -- Up-to-date: /home/dualarm/hiwin_ws/install/hiwin_description/share/hiwin_description/urdf/inc/common.xacro
[0.071s] -- Up-to-date: /home/dualarm/hiwin_ws/install/hiwin_description/share/hiwin_description/urdf/dual_hiwin_arms_old.urdf.xacro
[0.071s] -- Up-to-date: /home/dualarm/hiwin_ws/install/hiwin_description/share/ament_index/resource_index/package_run_dependencies/hiwin_description
[0.071s] -- Up-to-date: /home/dualarm/hiwin_ws/install/hiwin_description/share/ament_index/resource_index/parent_prefix_path/hiwin_description
[0.072s] -- Up-to-date: /home/dualarm/hiwin_ws/install/hiwin_description/share/hiwin_description/environment/ament_prefix_path.sh
[0.072s] -- Up-to-date: /home/dualarm/hiwin_ws/install/hiwin_description/share/hiwin_description/environment/ament_prefix_path.dsv
[0.072s] -- Up-to-date: /home/dualarm/hiwin_ws/install/hiwin_description/share/hiwin_description/environment/path.sh
[0.072s] -- Up-to-date: /home/dualarm/hiwin_ws/install/hiwin_description/share/hiwin_description/environment/path.dsv
[0.072s] -- Up-to-date: /home/dualarm/hiwin_ws/install/hiwin_description/share/hiwin_description/local_setup.bash
[0.072s] -- Up-to-date: /home/dualarm/hiwin_ws/install/hiwin_description/share/hiwin_description/local_setup.sh
[0.072s] -- Up-to-date: /home/dualarm/hiwin_ws/install/hiwin_description/share/hiwin_description/local_setup.zsh
[0.072s] -- Up-to-date: /home/dualarm/hiwin_ws/install/hiwin_description/share/hiwin_description/local_setup.dsv
[0.072s] -- Up-to-date: /home/dualarm/hiwin_ws/install/hiwin_description/share/hiwin_description/package.dsv
[0.072s] -- Up-to-date: /home/dualarm/hiwin_ws/install/hiwin_description/share/ament_index/resource_index/packages/hiwin_description
[0.072s] -- Up-to-date: /home/dualarm/hiwin_ws/install/hiwin_description/share/hiwin_description/cmake/hiwin_descriptionConfig.cmake
[0.072s] -- Up-to-date: /home/dualarm/hiwin_ws/install/hiwin_description/share/hiwin_description/cmake/hiwin_descriptionConfig-version.cmake
[0.072s] -- Up-to-date: /home/dualarm/hiwin_ws/install/hiwin_description/share/hiwin_description/package.xml
[0.072s] Invoked command in '/home/dualarm/hiwin_ws/build/hiwin_description' returned '0': CMAKE_PREFIX_PATH=${CMAKE_PREFIX_PATH}:/home/dualarm/ws_moveit2/install/moveit_configs_utils:/home/dualarm/ws_moveit2/install/launch_param_builder:/opt/ros/humble /usr/bin/cmake --install /home/dualarm/hiwin_ws/build/hiwin_description
