[0.153s] DEBUG:colcon:Command line arguments: ['/usr/bin/colcon', 'build', '--packages-select', 'dual_arm_execute_panel']
[0.153s] DEBUG:colcon:Parsed command line arguments: Namespace(log_base=None, log_level=None, verb_name='build', build_base='build', install_base='install', merge_install=False, symlink_install=False, test_result_base=None, continue_on_error=False, executor='parallel', parallel_workers=6, event_handlers=None, ignore_user_meta=False, metas=['./colcon.meta'], base_paths=['.'], packages_ignore=None, packages_ignore_regex=None, paths=None, packages_up_to=None, packages_up_to_regex=None, packages_above=None, packages_above_and_dependencies=None, packages_above_depth=None, packages_select_by_dep=None, packages_skip_by_dep=None, packages_skip_up_to=None, packages_select_build_failed=False, packages_skip_build_finished=False, packages_select_test_failures=False, packages_skip_test_passed=False, packages_select=['dual_arm_execute_panel'], packages_skip=None, packages_select_regex=None, packages_skip_regex=None, packages_start=None, packages_end=None, allow_overriding=[], cmake_args=None, cmake_target=None, cmake_target_skip_unavailable=False, cmake_clean_cache=False, cmake_clean_first=False, cmake_force_configure=False, ament_cmake_args=None, catkin_cmake_args=None, catkin_skip_building_tests=False, mixin_files=None, mixin=None, verb_parser=<colcon_mixin.mixin.mixin_argument.MixinArgumentDecorator object at 0x79a242800310>, verb_extension=<colcon_core.verb.build.BuildVerb object at 0x79a242991240>, main=<bound method BuildVerb.main of <colcon_core.verb.build.BuildVerb object at 0x79a242991240>>, mixin_verb=('build',))
[0.359s] Level 1:colcon.colcon_core.package_discovery:discover_packages(colcon_meta) check parameters
[0.359s] Level 1:colcon.colcon_core.package_discovery:discover_packages(recursive) check parameters
[0.359s] Level 1:colcon.colcon_core.package_discovery:discover_packages(ignore) check parameters
[0.359s] Level 1:colcon.colcon_core.package_discovery:discover_packages(path) check parameters
[0.359s] Level 1:colcon.colcon_core.package_discovery:discover_packages(colcon_meta) discover
[0.359s] Level 1:colcon.colcon_core.package_discovery:discover_packages(recursive) discover
[0.359s] INFO:colcon.colcon_core.package_discovery:Crawling recursively for packages in '/home/john/hiwin_ws/src/hiwin/dual_arm_execute_panel'
[0.360s] Level 1:colcon.colcon_core.package_identification:_identify(.) by extensions ['ignore', 'ignore_ament_install']
[0.360s] Level 1:colcon.colcon_core.package_identification:_identify(.) by extension 'ignore'
[0.360s] Level 1:colcon.colcon_core.package_identification:_identify(.) by extension 'ignore_ament_install'
[0.360s] Level 1:colcon.colcon_core.package_identification:_identify(.) by extensions ['colcon_pkg']
[0.360s] Level 1:colcon.colcon_core.package_identification:_identify(.) by extension 'colcon_pkg'
[0.360s] Level 1:colcon.colcon_core.package_identification:_identify(.) by extensions ['colcon_meta']
[0.360s] Level 1:colcon.colcon_core.package_identification:_identify(.) by extension 'colcon_meta'
[0.360s] Level 1:colcon.colcon_core.package_identification:_identify(.) by extensions ['ros']
[0.360s] Level 1:colcon.colcon_core.package_identification:_identify(.) by extension 'ros'
[0.373s] DEBUG:colcon.colcon_core.package_identification:Package '.' with type 'ros.ament_cmake' and name 'dual_arm_execute_panel'
[0.373s] Level 1:colcon.colcon_core.package_discovery:discover_packages(recursive) using defaults
[0.374s] Level 1:colcon.colcon_core.package_discovery:discover_packages(ignore) discover
[0.374s] Level 1:colcon.colcon_core.package_discovery:discover_packages(ignore) using defaults
[0.374s] Level 1:colcon.colcon_core.package_discovery:discover_packages(path) discover
[0.374s] Level 1:colcon.colcon_core.package_discovery:discover_packages(path) using defaults
[0.488s] Level 1:colcon.colcon_core.package_discovery:discover_packages(prefix_path) check parameters
[0.489s] Level 1:colcon.colcon_core.package_discovery:discover_packages(prefix_path) discover
[0.494s] DEBUG:colcon.colcon_installed_package_information.package_discovery:Found 21 installed packages in /home/john/hiwin_ws/install
[0.497s] DEBUG:colcon.colcon_installed_package_information.package_discovery:Found 60 installed packages in /home/john/ws_moveit2/install
[0.498s] DEBUG:colcon.colcon_installed_package_information.package_discovery:Found 333 installed packages in /opt/ros/humble
[0.500s] Level 1:colcon.colcon_core.package_discovery:discover_packages(prefix_path) using defaults
[0.552s] Level 5:colcon.colcon_core.verb:set package 'dual_arm_execute_panel' build argument 'cmake_args' from command line to 'None'
[0.552s] Level 5:colcon.colcon_core.verb:set package 'dual_arm_execute_panel' build argument 'cmake_target' from command line to 'None'
[0.552s] Level 5:colcon.colcon_core.verb:set package 'dual_arm_execute_panel' build argument 'cmake_target_skip_unavailable' from command line to 'False'
[0.552s] Level 5:colcon.colcon_core.verb:set package 'dual_arm_execute_panel' build argument 'cmake_clean_cache' from command line to 'False'
[0.552s] Level 5:colcon.colcon_core.verb:set package 'dual_arm_execute_panel' build argument 'cmake_clean_first' from command line to 'False'
[0.552s] Level 5:colcon.colcon_core.verb:set package 'dual_arm_execute_panel' build argument 'cmake_force_configure' from command line to 'False'
[0.552s] Level 5:colcon.colcon_core.verb:set package 'dual_arm_execute_panel' build argument 'ament_cmake_args' from command line to 'None'
[0.552s] Level 5:colcon.colcon_core.verb:set package 'dual_arm_execute_panel' build argument 'catkin_cmake_args' from command line to 'None'
[0.552s] Level 5:colcon.colcon_core.verb:set package 'dual_arm_execute_panel' build argument 'catkin_skip_building_tests' from command line to 'False'
[0.552s] DEBUG:colcon.colcon_core.verb:Building package 'dual_arm_execute_panel' with the following arguments: {'ament_cmake_args': None, 'build_base': '/home/john/hiwin_ws/src/hiwin/dual_arm_execute_panel/build/dual_arm_execute_panel', 'catkin_cmake_args': None, 'catkin_skip_building_tests': False, 'cmake_args': None, 'cmake_clean_cache': False, 'cmake_clean_first': False, 'cmake_force_configure': False, 'cmake_target': None, 'cmake_target_skip_unavailable': False, 'install_base': '/home/john/hiwin_ws/src/hiwin/dual_arm_execute_panel/install/dual_arm_execute_panel', 'merge_install': False, 'path': '/home/john/hiwin_ws/src/hiwin/dual_arm_execute_panel', 'symlink_install': False, 'test_result_base': None}
[0.553s] INFO:colcon.colcon_core.executor:Executing jobs using 'parallel' executor
[0.555s] DEBUG:colcon.colcon_parallel_executor.executor.parallel:run_until_complete
[0.555s] INFO:colcon.colcon_ros.task.ament_cmake.build:Building ROS package in '/home/john/hiwin_ws/src/hiwin/dual_arm_execute_panel' with build type 'ament_cmake'
[0.555s] INFO:colcon.colcon_cmake.task.cmake.build:Building CMake package in '/home/john/hiwin_ws/src/hiwin/dual_arm_execute_panel'
[0.559s] INFO:colcon.colcon_core.plugin_system:Skipping extension 'colcon_core.shell.bat': Not used on non-Windows systems
[0.559s] INFO:colcon.colcon_core.shell:Skip shell extension 'powershell' for command environment: Not usable outside of PowerShell
[0.559s] DEBUG:colcon.colcon_core.shell:Skip shell extension 'dsv' for command environment
[0.595s] DEBUG:colcon.colcon_core.event_handler.log_command:Invoking command in '/home/john/hiwin_ws/src/hiwin/dual_arm_execute_panel/build/dual_arm_execute_panel': CMAKE_PREFIX_PATH=${CMAKE_PREFIX_PATH}:/home/john/ws_moveit2/install/moveit_configs_utils:/home/john/ws_moveit2/install/launch_param_builder:/opt/ros/humble /usr/bin/cmake /home/john/hiwin_ws/src/hiwin/dual_arm_execute_panel -DCMAKE_INSTALL_PREFIX=/home/john/hiwin_ws/src/hiwin/dual_arm_execute_panel/install/dual_arm_execute_panel
[6.410s] DEBUG:colcon.colcon_core.event_handler.log_command:Invoked command in '/home/john/hiwin_ws/src/hiwin/dual_arm_execute_panel/build/dual_arm_execute_panel' returned '0': CMAKE_PREFIX_PATH=${CMAKE_PREFIX_PATH}:/home/john/ws_moveit2/install/moveit_configs_utils:/home/john/ws_moveit2/install/launch_param_builder:/opt/ros/humble /usr/bin/cmake /home/john/hiwin_ws/src/hiwin/dual_arm_execute_panel -DCMAKE_INSTALL_PREFIX=/home/john/hiwin_ws/src/hiwin/dual_arm_execute_panel/install/dual_arm_execute_panel
[6.410s] DEBUG:colcon.colcon_core.event_handler.log_command:Invoking command in '/home/john/hiwin_ws/src/hiwin/dual_arm_execute_panel/build/dual_arm_execute_panel': CMAKE_PREFIX_PATH=${CMAKE_PREFIX_PATH}:/home/john/ws_moveit2/install/moveit_configs_utils:/home/john/ws_moveit2/install/launch_param_builder:/opt/ros/humble /usr/bin/cmake --build /home/john/hiwin_ws/src/hiwin/dual_arm_execute_panel/build/dual_arm_execute_panel -- -j6 -l6
[17.711s] DEBUG:colcon.colcon_parallel_executor.executor.parallel:run_until_complete was interrupted
[17.711s] DEBUG:colcon.colcon_parallel_executor.executor.parallel:run_until_complete again
[17.756s] Level 1:colcon.colcon_core.environment:create_environment_scripts_only(dual_arm_execute_panel)
[17.757s] DEBUG:colcon.colcon_core.event_handler.log_command:Invoked command in '/home/john/hiwin_ws/src/hiwin/dual_arm_execute_panel/build/dual_arm_execute_panel' returned '-2': CMAKE_PREFIX_PATH=${CMAKE_PREFIX_PATH}:/home/john/ws_moveit2/install/moveit_configs_utils:/home/john/ws_moveit2/install/launch_param_builder:/opt/ros/humble /usr/bin/cmake --build /home/john/hiwin_ws/src/hiwin/dual_arm_execute_panel/build/dual_arm_execute_panel -- -j6 -l6
[17.763s] Level 1:colcon.colcon_core.environment:checking '/home/john/hiwin_ws/src/hiwin/dual_arm_execute_panel/install/dual_arm_execute_panel' for CMake module files
[17.763s] Level 1:colcon.colcon_core.environment:checking '/home/john/hiwin_ws/src/hiwin/dual_arm_execute_panel/install/dual_arm_execute_panel' for CMake config files
[17.764s] Level 1:colcon.colcon_core.environment:checking '/home/john/hiwin_ws/src/hiwin/dual_arm_execute_panel/install/dual_arm_execute_panel/bin'
[17.764s] Level 1:colcon.colcon_core.environment:checking '/home/john/hiwin_ws/src/hiwin/dual_arm_execute_panel/install/dual_arm_execute_panel/lib/pkgconfig/dual_arm_execute_panel.pc'
[17.764s] Level 1:colcon.colcon_core.environment:checking '/home/john/hiwin_ws/src/hiwin/dual_arm_execute_panel/install/dual_arm_execute_panel/lib/python3.10/site-packages'
[17.765s] Level 1:colcon.colcon_core.environment:checking '/home/john/hiwin_ws/src/hiwin/dual_arm_execute_panel/install/dual_arm_execute_panel/bin'
[17.765s] INFO:colcon.colcon_core.shell:Creating package script '/home/john/hiwin_ws/src/hiwin/dual_arm_execute_panel/install/dual_arm_execute_panel/share/dual_arm_execute_panel/package.ps1'
[17.767s] INFO:colcon.colcon_core.shell:Creating package descriptor '/home/john/hiwin_ws/src/hiwin/dual_arm_execute_panel/install/dual_arm_execute_panel/share/dual_arm_execute_panel/package.dsv'
[17.767s] INFO:colcon.colcon_core.shell:Creating package script '/home/john/hiwin_ws/src/hiwin/dual_arm_execute_panel/install/dual_arm_execute_panel/share/dual_arm_execute_panel/package.sh'
[17.769s] INFO:colcon.colcon_core.shell:Creating package script '/home/john/hiwin_ws/src/hiwin/dual_arm_execute_panel/install/dual_arm_execute_panel/share/dual_arm_execute_panel/package.bash'
[17.769s] INFO:colcon.colcon_core.shell:Creating package script '/home/john/hiwin_ws/src/hiwin/dual_arm_execute_panel/install/dual_arm_execute_panel/share/dual_arm_execute_panel/package.zsh'
[17.773s] Level 1:colcon.colcon_core.environment:create_file_with_runtime_dependencies(/home/john/hiwin_ws/src/hiwin/dual_arm_execute_panel/install/dual_arm_execute_panel/share/colcon-core/packages/dual_arm_execute_panel)
[17.774s] DEBUG:colcon.colcon_parallel_executor.executor.parallel:run_until_complete finished
[17.774s] DEBUG:colcon.colcon_parallel_executor.executor.parallel:closing loop
[17.775s] DEBUG:colcon.colcon_parallel_executor.executor.parallel:loop closed
[17.775s] DEBUG:colcon.colcon_core.event_reactor:joining thread
[17.786s] INFO:colcon.colcon_core.plugin_system:Skipping extension 'colcon_notification.desktop_notification.terminal_notifier': Not used on non-Darwin systems
[17.786s] INFO:colcon.colcon_core.plugin_system:Skipping extension 'colcon_notification.desktop_notification.win32': Not used on non-Windows systems
[17.786s] INFO:colcon.colcon_notification.desktop_notification:Sending desktop notification using 'notify2'
[17.827s] DEBUG:colcon.colcon_core.event_reactor:joined thread
[17.827s] INFO:colcon.colcon_core.shell:Creating prefix script '/home/john/hiwin_ws/src/hiwin/dual_arm_execute_panel/install/local_setup.ps1'
[17.833s] INFO:colcon.colcon_core.shell:Creating prefix util module '/home/john/hiwin_ws/src/hiwin/dual_arm_execute_panel/install/_local_setup_util_ps1.py'
[17.838s] INFO:colcon.colcon_core.shell:Creating prefix chain script '/home/john/hiwin_ws/src/hiwin/dual_arm_execute_panel/install/setup.ps1'
[17.848s] INFO:colcon.colcon_core.shell:Creating prefix script '/home/john/hiwin_ws/src/hiwin/dual_arm_execute_panel/install/local_setup.sh'
[17.849s] INFO:colcon.colcon_core.shell:Creating prefix util module '/home/john/hiwin_ws/src/hiwin/dual_arm_execute_panel/install/_local_setup_util_sh.py'
[17.850s] INFO:colcon.colcon_core.shell:Creating prefix chain script '/home/john/hiwin_ws/src/hiwin/dual_arm_execute_panel/install/setup.sh'
[17.859s] INFO:colcon.colcon_core.shell:Creating prefix script '/home/john/hiwin_ws/src/hiwin/dual_arm_execute_panel/install/local_setup.bash'
[17.859s] INFO:colcon.colcon_core.shell:Creating prefix chain script '/home/john/hiwin_ws/src/hiwin/dual_arm_execute_panel/install/setup.bash'
[17.866s] INFO:colcon.colcon_core.shell:Creating prefix script '/home/john/hiwin_ws/src/hiwin/dual_arm_execute_panel/install/local_setup.zsh'
[17.866s] INFO:colcon.colcon_core.shell:Creating prefix chain script '/home/john/hiwin_ws/src/hiwin/dual_arm_execute_panel/install/setup.zsh'
