[0.010s] Invoking command in '/home/dualarm/hiwin_ws/build/dual_arm_execute_panel': CMAKE_PREFIX_PATH=${CMAKE_PREFIX_PATH}:/home/dualarm/ws_moveit2/install/moveit_configs_utils:/home/dualarm/ws_moveit2/install/launch_param_builder:/opt/ros/humble /usr/bin/cmake --build /home/dualarm/hiwin_ws/build/dual_arm_execute_panel -- -j16 -l16
[0.060s] [ 25%] [34m[1mAutomatic MOC for target dual_arm_execute_panel[0m
[0.078s] [ 25%] Built target dual_arm_execute_panel_autogen
[0.089s] [35m[1mConsolidate compiler generated dependencies of target dual_arm_execute_panel[0m
[0.108s] [100%] Built target dual_arm_execute_panel
[0.121s] Invoked command in '/home/dualarm/hiwin_ws/build/dual_arm_execute_panel' returned '0': CMAKE_PREFIX_PATH=${CMAKE_PREFIX_PATH}:/home/dualarm/ws_moveit2/install/moveit_configs_utils:/home/dualarm/ws_moveit2/install/launch_param_builder:/opt/ros/humble /usr/bin/cmake --build /home/dualarm/hiwin_ws/build/dual_arm_execute_panel -- -j16 -l16
[0.122s] Invoking command in '/home/dualarm/hiwin_ws/build/dual_arm_execute_panel': CMAKE_PREFIX_PATH=${CMAKE_PREFIX_PATH}:/home/dualarm/ws_moveit2/install/moveit_configs_utils:/home/dualarm/ws_moveit2/install/launch_param_builder:/opt/ros/humble /usr/bin/cmake --install /home/dualarm/hiwin_ws/build/dual_arm_execute_panel
[0.129s] -- Install configuration: "Release"
[0.129s] -- Up-to-date: /home/dualarm/hiwin_ws/install/dual_arm_execute_panel/share/dual_arm_execute_panel/plugin_description.xml
[0.129s] -- Up-to-date: /home/dualarm/hiwin_ws/install/dual_arm_execute_panel/lib/libdual_arm_execute_panel.so
[0.129s] -- Up-to-date: /home/dualarm/hiwin_ws/install/dual_arm_execute_panel/include
[0.129s] -- Up-to-date: /home/dualarm/hiwin_ws/install/dual_arm_execute_panel/include/dual_arm_execute_panel
[0.129s] -- Up-to-date: /home/dualarm/hiwin_ws/install/dual_arm_execute_panel/include/dual_arm_execute_panel/execute_panel.hpp
[0.130s] -- Up-to-date: /home/dualarm/hiwin_ws/install/dual_arm_execute_panel/share/dual_arm_execute_panel/plugin_description.xml
[0.130s] -- Up-to-date: /home/dualarm/hiwin_ws/install/dual_arm_execute_panel/share/dual_arm_execute_panel/environment/library_path.sh
[0.130s] -- Up-to-date: /home/dualarm/hiwin_ws/install/dual_arm_execute_panel/share/dual_arm_execute_panel/environment/library_path.dsv
[0.130s] -- Up-to-date: /home/dualarm/hiwin_ws/install/dual_arm_execute_panel/share/ament_index/resource_index/package_run_dependencies/dual_arm_execute_panel
[0.130s] -- Up-to-date: /home/dualarm/hiwin_ws/install/dual_arm_execute_panel/share/ament_index/resource_index/parent_prefix_path/dual_arm_execute_panel
[0.130s] -- Up-to-date: /home/dualarm/hiwin_ws/install/dual_arm_execute_panel/share/dual_arm_execute_panel/environment/ament_prefix_path.sh
[0.130s] -- Up-to-date: /home/dualarm/hiwin_ws/install/dual_arm_execute_panel/share/dual_arm_execute_panel/environment/ament_prefix_path.dsv
[0.130s] -- Up-to-date: /home/dualarm/hiwin_ws/install/dual_arm_execute_panel/share/dual_arm_execute_panel/environment/path.sh
[0.130s] -- Up-to-date: /home/dualarm/hiwin_ws/install/dual_arm_execute_panel/share/dual_arm_execute_panel/environment/path.dsv
[0.130s] -- Up-to-date: /home/dualarm/hiwin_ws/install/dual_arm_execute_panel/share/dual_arm_execute_panel/local_setup.bash
[0.130s] -- Up-to-date: /home/dualarm/hiwin_ws/install/dual_arm_execute_panel/share/dual_arm_execute_panel/local_setup.sh
[0.130s] -- Up-to-date: /home/dualarm/hiwin_ws/install/dual_arm_execute_panel/share/dual_arm_execute_panel/local_setup.zsh
[0.130s] -- Up-to-date: /home/dualarm/hiwin_ws/install/dual_arm_execute_panel/share/dual_arm_execute_panel/local_setup.dsv
[0.130s] -- Installing: /home/dualarm/hiwin_ws/install/dual_arm_execute_panel/share/dual_arm_execute_panel/package.dsv
[0.130s] -- Up-to-date: /home/dualarm/hiwin_ws/install/dual_arm_execute_panel/share/ament_index/resource_index/packages/dual_arm_execute_panel
[0.130s] -- Up-to-date: /home/dualarm/hiwin_ws/install/dual_arm_execute_panel/share/ament_index/resource_index/rviz_common__pluginlib__plugin/dual_arm_execute_panel
[0.130s] -- Up-to-date: /home/dualarm/hiwin_ws/install/dual_arm_execute_panel/share/dual_arm_execute_panel/cmake/ament_cmake_export_include_directories-extras.cmake
[0.130s] -- Up-to-date: /home/dualarm/hiwin_ws/install/dual_arm_execute_panel/share/dual_arm_execute_panel/cmake/ament_cmake_export_libraries-extras.cmake
[0.130s] -- Up-to-date: /home/dualarm/hiwin_ws/install/dual_arm_execute_panel/share/dual_arm_execute_panel/cmake/dual_arm_execute_panelConfig.cmake
[0.130s] -- Up-to-date: /home/dualarm/hiwin_ws/install/dual_arm_execute_panel/share/dual_arm_execute_panel/cmake/dual_arm_execute_panelConfig-version.cmake
[0.130s] -- Up-to-date: /home/dualarm/hiwin_ws/install/dual_arm_execute_panel/share/dual_arm_execute_panel/package.xml
[0.132s] Invoked command in '/home/dualarm/hiwin_ws/build/dual_arm_execute_panel' returned '0': CMAKE_PREFIX_PATH=${CMAKE_PREFIX_PATH}:/home/dualarm/ws_moveit2/install/moveit_configs_utils:/home/dualarm/ws_moveit2/install/launch_param_builder:/opt/ros/humble /usr/bin/cmake --install /home/dualarm/hiwin_ws/build/dual_arm_execute_panel
