-- The C compiler identification is GNU 11.4.0
-- The CXX compiler identification is GNU 11.4.0
-- Detecting C compiler ABI info
-- Detecting C compiler ABI info - done
-- Check for working C compiler: /usr/bin/cc - skipped
-- Detecting C compile features
-- Detecting C compile features - done
-- Detecting CXX compiler ABI info
-- Detecting CXX compiler ABI info - done
-- Check for working CXX compiler: /usr/bin/c++ - skipped
-- Detecting CXX compile features
-- Detecting CXX compile features - done
-- Configuring done
-- Generating done
-- Build files have been written to: /home/dualarm/hiwin_ws/build/hiwin_robot_client_library
[ 50%] [32mBuilding CXX object CMakeFiles/hrsdk.dir/src/hiwin_driver.cpp.o[0m
[ 75%] [32mBuilding CXX object CMakeFiles/hrsdk.dir/src/commander.cpp.o[0m
[ 75%] [32mBuilding CXX object CMakeFiles/hrsdk.dir/src/socket/tcp_client.cpp.o[0m
[100%] [32m[1mLinking CXX shared library libhrsdk.so[0m
[100%] Built target hrsdk
-- Install configuration: "Release"
-- Installing: /home/dualarm/hiwin_ws/install/hiwin_robot_client_library/lib/libhrsdk.so
-- Installing: /home/dualarm/hiwin_ws/install/hiwin_robot_client_library/include
-- Installing: /home/dualarm/hiwin_ws/install/hiwin_robot_client_library/include/hiwin_robot_client_library
-- Installing: /home/dualarm/hiwin_ws/install/hiwin_robot_client_library/include/hiwin_robot_client_library/file_client.hpp
-- Installing: /home/dualarm/hiwin_ws/install/hiwin_robot_client_library/include/hiwin_robot_client_library/commander.hpp
-- Installing: /home/dualarm/hiwin_ws/install/hiwin_robot_client_library/include/hiwin_robot_client_library/socket
-- Installing: /home/dualarm/hiwin_ws/install/hiwin_robot_client_library/include/hiwin_robot_client_library/socket/tcp_client.hpp
-- Installing: /home/dualarm/hiwin_ws/install/hiwin_robot_client_library/include/hiwin_robot_client_library/hiwin_driver.hpp
-- Installing: /home/dualarm/hiwin_ws/install/hiwin_robot_client_library/include/hiwin_robot_client_library/event_cb.hpp
-- Installing: /home/dualarm/hiwin_ws/install/hiwin_robot_client_library/lib/cmake/hiwin_robot_client_library/hrsdkTargets.cmake
-- Installing: /home/dualarm/hiwin_ws/install/hiwin_robot_client_library/lib/cmake/hiwin_robot_client_library/hrsdkTargets-release.cmake
-- Installing: /home/dualarm/hiwin_ws/install/hiwin_robot_client_library/lib/cmake/hiwin_robot_client_library/hiwin_robot_client_libraryConfig.cmake
-- Installing: /home/dualarm/hiwin_ws/install/hiwin_robot_client_library/lib/cmake/hiwin_robot_client_library/hiwin_robot_client_libraryConfigVersion.cmake
