-- The C compiler identification is GNU 11.4.0
-- The CXX compiler identification is GNU 11.4.0
-- Detecting C compiler ABI info
-- Detecting C compiler ABI info - done
-- Check for working C compiler: /usr/bin/cc - skipped
-- Detecting C compile features
-- Detecting C compile features - done
-- Detecting CXX compiler ABI info
-- Detecting CXX compiler ABI info - done
-- Check for working CXX compiler: /usr/bin/c++ - skipped
-- Detecting CXX compile features
-- Detecting CXX compile features - done
-- Found ament_cmake: 1.3.14 (/opt/ros/humble/share/ament_cmake/cmake)
-- Found Python3: /usr/bin/python3 (found version "3.10.12") found components: Interpreter 
-- Found rclcpp: 16.0.19 (/opt/ros/humble/share/rclcpp/cmake)
-- Found rosidl_generator_c: 3.1.8 (/opt/ros/humble/share/rosidl_generator_c/cmake)
-- Found rosidl_adapter: 3.1.8 (/opt/ros/humble/share/rosidl_adapter/cmake)
-- Found rosidl_generator_cpp: 3.1.8 (/opt/ros/humble/share/rosidl_generator_cpp/cmake)
-- Using all available rosidl_typesupport_c: rosidl_typesupport_fastrtps_c;rosidl_typesupport_introspection_c
-- Using all available rosidl_typesupport_cpp: rosidl_typesupport_fastrtps_cpp;rosidl_typesupport_introspection_cpp
-- Found rmw_implementation_cmake: 6.1.2 (/opt/ros/humble/share/rmw_implementation_cmake/cmake)
-- Found rmw_cyclonedds_cpp: 1.3.4 (/opt/ros/humble/share/rmw_cyclonedds_cpp/cmake)
-- Using RMW implementation 'rmw_cyclonedds_cpp' as default
-- Looking for pthread.h
-- Looking for pthread.h - found
-- Performing Test CMAKE_HAVE_LIBC_PTHREAD
-- Performing Test CMAKE_HAVE_LIBC_PTHREAD - Success
-- Found Threads: TRUE  
-- Found rviz_common: 11.2.26 (/opt/ros/humble/share/rviz_common/cmake)
-- Setting assimp_DIR to: '/opt/ros/humble/share/rviz_assimp_vendor/cmake/../../../opt/rviz_assimp_vendor/lib/cmake/assimp-4.1'
-- Setting OGRE_DIR to: '/opt/ros/humble/share/rviz_ogre_vendor/cmake/../../../opt/rviz_ogre_vendor/lib/OGRE/cmake'
-- Found OGRE
--   static     : OFF
--   components : HLMS;MeshLodGenerator;Overlay;Paging;Property;RTShaderSystem;Terrain;Volume
--   plugins    : Plugin_BSPSceneManager;Plugin_OctreeSceneManager;Plugin_PCZSceneManager;Plugin_ParticleFX;RenderSystem_GL;RenderSystem_GL3Plus;Codec_STBI
--   media      : /opt/ros/humble/opt/rviz_ogre_vendor/share/OGRE/Media
-- OGRE_LIBRARIES: OgreHLMS;OgreMeshLodGenerator;OgreOverlay;OgrePaging;OgreProperty;OgreRTShaderSystem;OgreTerrain;OgreVolume;OgreMain
-- OGRE_LIBRARY_DIRS: /opt/ros/humble/opt/rviz_ogre_vendor/lib
-- OGRE_PLUGINS: Plugin_BSPSceneManager;Plugin_OctreeSceneManager;Plugin_PCZSceneManager;Plugin_ParticleFX;RenderSystem_GL;RenderSystem_GL3Plus;Codec_STBI
-- OGRE_PLUGIN_DIR: /opt/ros/humble/opt/rviz_ogre_vendor/lib/OGRE
-- rviz_ogre_vendor::OgreOverlay for IMPORTED_LOCATION_RELEASE: /opt/ros/humble/opt/rviz_ogre_vendor/lib/libOgreOverlay.so
-- rviz_ogre_vendor::OgreOverlay for IMPORTED_LOCATION_DEBUG: /opt/ros/humble/opt/rviz_ogre_vendor/lib/libOgreOverlay.so
-- rviz_ogre_vendor::OgreMain for IMPORTED_LOCATION_RELEASE: /opt/ros/humble/opt/rviz_ogre_vendor/lib/libOgreMain.so
-- rviz_ogre_vendor::OgreMain for IMPORTED_LOCATION_DEBUG: /opt/ros/humble/opt/rviz_ogre_vendor/lib/libOgreMain.so
-- Could not find freeimage library
-- Found ZLIB: /usr/lib/x86_64-linux-gnu/libz.so (found version "1.2.11") 
-- Found OpenGL: /usr/lib/x86_64-linux-gnu/libOpenGL.so   
-- Found X11: /usr/include   
-- Looking for XOpenDisplay in /usr/lib/x86_64-linux-gnu/libX11.so;/usr/lib/x86_64-linux-gnu/libXext.so
-- Looking for XOpenDisplay in /usr/lib/x86_64-linux-gnu/libX11.so;/usr/lib/x86_64-linux-gnu/libXext.so - found
-- Looking for gethostbyname
-- Looking for gethostbyname - found
-- Looking for connect
-- Looking for connect - found
-- Looking for remove
-- Looking for remove - found
-- Looking for shmat
-- Looking for shmat - found
-- Looking for IceConnectionNumber in ICE
-- Looking for IceConnectionNumber in ICE - found
-- library: /usr/lib/x86_64-linux-gnu/libcurl.so
-- Found Eigen3: TRUE (found version "3.4.0") 
-- Ensuring Eigen3 include directory is part of orocos-kdl CMake target
-- Found std_srvs: 4.9.1 (/opt/ros/humble/share/std_srvs/cmake)
-- Found moveit_msgs: 2.2.1 (/opt/ros/humble/share/moveit_msgs/cmake)
-- Configuring done
-- Generating done
-- Build files have been written to: /home/dualarm/hiwin_ws/build/dual_arm_execute_panel
[ 25%] [34m[1mAutomatic MOC for target dual_arm_execute_panel[0m
[ 25%] Built target dual_arm_execute_panel_autogen
[ 50%] [32mBuilding CXX object CMakeFiles/dual_arm_execute_panel.dir/dual_arm_execute_panel_autogen/mocs_compilation.cpp.o[0m
[ 75%] [32mBuilding CXX object CMakeFiles/dual_arm_execute_panel.dir/src/execute_panel.cpp.o[0m
[100%] [32m[1mLinking CXX shared library libdual_arm_execute_panel.so[0m
[100%] Built target dual_arm_execute_panel
-- Install configuration: "Release"
-- Installing: /home/dualarm/hiwin_ws/install/dual_arm_execute_panel/share/dual_arm_execute_panel/plugin_description.xml
-- Installing: /home/dualarm/hiwin_ws/install/dual_arm_execute_panel/lib/libdual_arm_execute_panel.so
-- Set runtime path of "/home/dualarm/hiwin_ws/install/dual_arm_execute_panel/lib/libdual_arm_execute_panel.so" to ""
-- Installing: /home/dualarm/hiwin_ws/install/dual_arm_execute_panel/include
-- Installing: /home/dualarm/hiwin_ws/install/dual_arm_execute_panel/include/dual_arm_execute_panel
-- Installing: /home/dualarm/hiwin_ws/install/dual_arm_execute_panel/include/dual_arm_execute_panel/execute_panel.hpp
-- Up-to-date: /home/dualarm/hiwin_ws/install/dual_arm_execute_panel/share/dual_arm_execute_panel/plugin_description.xml
-- Installing: /home/dualarm/hiwin_ws/install/dual_arm_execute_panel/share/dual_arm_execute_panel/environment/library_path.sh
-- Installing: /home/dualarm/hiwin_ws/install/dual_arm_execute_panel/share/dual_arm_execute_panel/environment/library_path.dsv
-- Installing: /home/dualarm/hiwin_ws/install/dual_arm_execute_panel/share/ament_index/resource_index/package_run_dependencies/dual_arm_execute_panel
-- Installing: /home/dualarm/hiwin_ws/install/dual_arm_execute_panel/share/ament_index/resource_index/parent_prefix_path/dual_arm_execute_panel
-- Installing: /home/dualarm/hiwin_ws/install/dual_arm_execute_panel/share/dual_arm_execute_panel/environment/ament_prefix_path.sh
-- Installing: /home/dualarm/hiwin_ws/install/dual_arm_execute_panel/share/dual_arm_execute_panel/environment/ament_prefix_path.dsv
-- Installing: /home/dualarm/hiwin_ws/install/dual_arm_execute_panel/share/dual_arm_execute_panel/environment/path.sh
-- Installing: /home/dualarm/hiwin_ws/install/dual_arm_execute_panel/share/dual_arm_execute_panel/environment/path.dsv
-- Installing: /home/dualarm/hiwin_ws/install/dual_arm_execute_panel/share/dual_arm_execute_panel/local_setup.bash
-- Installing: /home/dualarm/hiwin_ws/install/dual_arm_execute_panel/share/dual_arm_execute_panel/local_setup.sh
-- Installing: /home/dualarm/hiwin_ws/install/dual_arm_execute_panel/share/dual_arm_execute_panel/local_setup.zsh
-- Installing: /home/dualarm/hiwin_ws/install/dual_arm_execute_panel/share/dual_arm_execute_panel/local_setup.dsv
-- Installing: /home/dualarm/hiwin_ws/install/dual_arm_execute_panel/share/dual_arm_execute_panel/package.dsv
-- Installing: /home/dualarm/hiwin_ws/install/dual_arm_execute_panel/share/ament_index/resource_index/packages/dual_arm_execute_panel
-- Installing: /home/dualarm/hiwin_ws/install/dual_arm_execute_panel/share/ament_index/resource_index/rviz_common__pluginlib__plugin/dual_arm_execute_panel
-- Installing: /home/dualarm/hiwin_ws/install/dual_arm_execute_panel/share/dual_arm_execute_panel/cmake/ament_cmake_export_include_directories-extras.cmake
-- Installing: /home/dualarm/hiwin_ws/install/dual_arm_execute_panel/share/dual_arm_execute_panel/cmake/ament_cmake_export_libraries-extras.cmake
-- Installing: /home/dualarm/hiwin_ws/install/dual_arm_execute_panel/share/dual_arm_execute_panel/cmake/dual_arm_execute_panelConfig.cmake
-- Installing: /home/dualarm/hiwin_ws/install/dual_arm_execute_panel/share/dual_arm_execute_panel/cmake/dual_arm_execute_panelConfig-version.cmake
-- Installing: /home/dualarm/hiwin_ws/install/dual_arm_execute_panel/share/dual_arm_execute_panel/package.xml
