[0.010s] Invoking command in '/home/dualarm/hiwin_ws/build/dual_arm_execute_panel': CMAKE_PREFIX_PATH=${CMAKE_PREFIX_PATH}:/home/dualarm/ws_moveit2/install/moveit_configs_utils:/home/dualarm/ws_moveit2/install/launch_param_builder:/opt/ros/humble /usr/bin/cmake /home/dualarm/hiwin_ws/src/hiwin/dual_arm_execute_panel -DCMAKE_BUILD_TYPE=Release -DCMAKE_INSTALL_PREFIX=/home/dualarm/hiwin_ws/install/dual_arm_execute_panel
[0.055s] -- The C compiler identification is GNU 11.4.0
[0.097s] -- The CXX compiler identification is GNU 11.4.0
[0.103s] -- Detecting C compiler ABI info
[0.164s] -- Detecting C compiler ABI info - done
[0.169s] -- Check for working C compiler: /usr/bin/cc - skipped
[0.169s] -- Detecting C compile features
[0.170s] -- Detecting C compile features - done
[0.172s] -- Detecting CXX compiler ABI info
[0.241s] -- Detecting CXX compiler ABI info - done
[0.246s] -- Check for working CXX compiler: /usr/bin/c++ - skipped
[0.246s] -- Detecting CXX compile features
[0.247s] -- Detecting CXX compile features - done
[0.252s] -- Found ament_cmake: 1.3.14 (/opt/ros/humble/share/ament_cmake/cmake)
[0.380s] -- Found Python3: /usr/bin/python3 (found version "3.10.12") found components: Interpreter 
[0.496s] -- Found rclcpp: 16.0.19 (/opt/ros/humble/share/rclcpp/cmake)
[0.563s] -- Found rosidl_generator_c: 3.1.8 (/opt/ros/humble/share/rosidl_generator_c/cmake)
[0.573s] -- Found rosidl_adapter: 3.1.8 (/opt/ros/humble/share/rosidl_adapter/cmake)
[0.587s] -- Found rosidl_generator_cpp: 3.1.8 (/opt/ros/humble/share/rosidl_generator_cpp/cmake)
[0.605s] -- Using all available rosidl_typesupport_c: rosidl_typesupport_fastrtps_c;rosidl_typesupport_introspection_c
[0.629s] -- Using all available rosidl_typesupport_cpp: rosidl_typesupport_fastrtps_cpp;rosidl_typesupport_introspection_cpp
[0.698s] -- Found rmw_implementation_cmake: 6.1.2 (/opt/ros/humble/share/rmw_implementation_cmake/cmake)
[0.706s] -- Found rmw_cyclonedds_cpp: 1.3.4 (/opt/ros/humble/share/rmw_cyclonedds_cpp/cmake)
[0.745s] -- Using RMW implementation 'rmw_cyclonedds_cpp' as default
[0.761s] -- Looking for pthread.h
[0.823s] -- Looking for pthread.h - found
[0.823s] -- Performing Test CMAKE_HAVE_LIBC_PTHREAD
[0.886s] -- Performing Test CMAKE_HAVE_LIBC_PTHREAD - Success
[0.887s] -- Found Threads: TRUE  
[0.943s] -- Found rviz_common: 11.2.26 (/opt/ros/humble/share/rviz_common/cmake)
[0.965s] -- Setting assimp_DIR to: '/opt/ros/humble/share/rviz_assimp_vendor/cmake/../../../opt/rviz_assimp_vendor/lib/cmake/assimp-4.1'
[0.980s] -- Setting OGRE_DIR to: '/opt/ros/humble/share/rviz_ogre_vendor/cmake/../../../opt/rviz_ogre_vendor/lib/OGRE/cmake'
[0.981s] -- Found OGRE
[0.981s] --   static     : OFF
[0.981s] --   components : HLMS;MeshLodGenerator;Overlay;Paging;Property;RTShaderSystem;Terrain;Volume
[0.981s] --   plugins    : Plugin_BSPSceneManager;Plugin_OctreeSceneManager;Plugin_PCZSceneManager;Plugin_ParticleFX;RenderSystem_GL;RenderSystem_GL3Plus;Codec_STBI
[0.981s] --   media      : /opt/ros/humble/opt/rviz_ogre_vendor/share/OGRE/Media
[0.981s] -- OGRE_LIBRARIES: OgreHLMS;OgreMeshLodGenerator;OgreOverlay;OgrePaging;OgreProperty;OgreRTShaderSystem;OgreTerrain;OgreVolume;OgreMain
[0.981s] -- OGRE_LIBRARY_DIRS: /opt/ros/humble/opt/rviz_ogre_vendor/lib
[0.981s] -- OGRE_PLUGINS: Plugin_BSPSceneManager;Plugin_OctreeSceneManager;Plugin_PCZSceneManager;Plugin_ParticleFX;RenderSystem_GL;RenderSystem_GL3Plus;Codec_STBI
[0.981s] -- OGRE_PLUGIN_DIR: /opt/ros/humble/opt/rviz_ogre_vendor/lib/OGRE
[0.981s] -- rviz_ogre_vendor::OgreOverlay for IMPORTED_LOCATION_RELEASE: /opt/ros/humble/opt/rviz_ogre_vendor/lib/libOgreOverlay.so
[0.981s] -- rviz_ogre_vendor::OgreOverlay for IMPORTED_LOCATION_DEBUG: /opt/ros/humble/opt/rviz_ogre_vendor/lib/libOgreOverlay.so
[0.981s] -- rviz_ogre_vendor::OgreMain for IMPORTED_LOCATION_RELEASE: /opt/ros/humble/opt/rviz_ogre_vendor/lib/libOgreMain.so
[0.981s] -- rviz_ogre_vendor::OgreMain for IMPORTED_LOCATION_DEBUG: /opt/ros/humble/opt/rviz_ogre_vendor/lib/libOgreMain.so
[0.984s] -- Could not find freeimage library
[1.008s] -- Found ZLIB: /usr/lib/x86_64-linux-gnu/libz.so (found version "1.2.11") 
[1.015s] -- Found OpenGL: /usr/lib/x86_64-linux-gnu/libOpenGL.so   
[1.129s] -- Found X11: /usr/include   
[1.130s] -- Looking for XOpenDisplay in /usr/lib/x86_64-linux-gnu/libX11.so;/usr/lib/x86_64-linux-gnu/libXext.so
[1.194s] -- Looking for XOpenDisplay in /usr/lib/x86_64-linux-gnu/libX11.so;/usr/lib/x86_64-linux-gnu/libXext.so - found
[1.195s] -- Looking for gethostbyname
[1.255s] -- Looking for gethostbyname - found
[1.256s] -- Looking for connect
[1.316s] -- Looking for connect - found
[1.316s] -- Looking for remove
[1.377s] -- Looking for remove - found
[1.377s] -- Looking for shmat
[1.437s] -- Looking for shmat - found
[1.437s] -- Looking for IceConnectionNumber in ICE
[1.498s] -- Looking for IceConnectionNumber in ICE - found
[1.595s] -- library: /usr/lib/x86_64-linux-gnu/libcurl.so
[1.694s] -- Found Eigen3: TRUE (found version "3.4.0") 
[1.694s] -- Ensuring Eigen3 include directory is part of orocos-kdl CMake target
[1.835s] -- Found std_srvs: 4.9.1 (/opt/ros/humble/share/std_srvs/cmake)
[1.846s] -- Found moveit_msgs: 2.2.1 (/opt/ros/humble/share/moveit_msgs/cmake)
[1.997s] -- Configuring done
[2.019s] -- Generating done
[2.024s] -- Build files have been written to: /home/dualarm/hiwin_ws/build/dual_arm_execute_panel
[2.032s] Invoked command in '/home/dualarm/hiwin_ws/build/dual_arm_execute_panel' returned '0': CMAKE_PREFIX_PATH=${CMAKE_PREFIX_PATH}:/home/dualarm/ws_moveit2/install/moveit_configs_utils:/home/dualarm/ws_moveit2/install/launch_param_builder:/opt/ros/humble /usr/bin/cmake /home/dualarm/hiwin_ws/src/hiwin/dual_arm_execute_panel -DCMAKE_BUILD_TYPE=Release -DCMAKE_INSTALL_PREFIX=/home/dualarm/hiwin_ws/install/dual_arm_execute_panel
[2.034s] Invoking command in '/home/dualarm/hiwin_ws/build/dual_arm_execute_panel': CMAKE_PREFIX_PATH=${CMAKE_PREFIX_PATH}:/home/dualarm/ws_moveit2/install/moveit_configs_utils:/home/dualarm/ws_moveit2/install/launch_param_builder:/opt/ros/humble /usr/bin/cmake --build /home/dualarm/hiwin_ws/build/dual_arm_execute_panel -- -j16 -l16
[2.084s] [ 25%] [34m[1mAutomatic MOC for target dual_arm_execute_panel[0m
[2.326s] [ 25%] Built target dual_arm_execute_panel_autogen
[2.347s] [ 50%] [32mBuilding CXX object CMakeFiles/dual_arm_execute_panel.dir/dual_arm_execute_panel_autogen/mocs_compilation.cpp.o[0m
[2.348s] [ 75%] [32mBuilding CXX object CMakeFiles/dual_arm_execute_panel.dir/src/execute_panel.cpp.o[0m
[11.960s] [100%] [32m[1mLinking CXX shared library libdual_arm_execute_panel.so[0m
[12.900s] [100%] Built target dual_arm_execute_panel
[12.910s] Invoked command in '/home/dualarm/hiwin_ws/build/dual_arm_execute_panel' returned '0': CMAKE_PREFIX_PATH=${CMAKE_PREFIX_PATH}:/home/dualarm/ws_moveit2/install/moveit_configs_utils:/home/dualarm/ws_moveit2/install/launch_param_builder:/opt/ros/humble /usr/bin/cmake --build /home/dualarm/hiwin_ws/build/dual_arm_execute_panel -- -j16 -l16
[12.911s] Invoking command in '/home/dualarm/hiwin_ws/build/dual_arm_execute_panel': CMAKE_PREFIX_PATH=${CMAKE_PREFIX_PATH}:/home/dualarm/ws_moveit2/install/moveit_configs_utils:/home/dualarm/ws_moveit2/install/launch_param_builder:/opt/ros/humble /usr/bin/cmake --install /home/dualarm/hiwin_ws/build/dual_arm_execute_panel
[12.918s] -- Install configuration: "Release"
[12.918s] -- Installing: /home/dualarm/hiwin_ws/install/dual_arm_execute_panel/share/dual_arm_execute_panel/plugin_description.xml
[12.919s] -- Installing: /home/dualarm/hiwin_ws/install/dual_arm_execute_panel/lib/libdual_arm_execute_panel.so
[12.919s] -- Set runtime path of "/home/dualarm/hiwin_ws/install/dual_arm_execute_panel/lib/libdual_arm_execute_panel.so" to ""
[12.919s] -- Installing: /home/dualarm/hiwin_ws/install/dual_arm_execute_panel/include
[12.919s] -- Installing: /home/dualarm/hiwin_ws/install/dual_arm_execute_panel/include/dual_arm_execute_panel
[12.919s] -- Installing: /home/dualarm/hiwin_ws/install/dual_arm_execute_panel/include/dual_arm_execute_panel/execute_panel.hpp
[12.919s] -- Up-to-date: /home/dualarm/hiwin_ws/install/dual_arm_execute_panel/share/dual_arm_execute_panel/plugin_description.xml
[12.920s] -- Installing: /home/dualarm/hiwin_ws/install/dual_arm_execute_panel/share/dual_arm_execute_panel/environment/library_path.sh
[12.920s] -- Installing: /home/dualarm/hiwin_ws/install/dual_arm_execute_panel/share/dual_arm_execute_panel/environment/library_path.dsv
[12.920s] -- Installing: /home/dualarm/hiwin_ws/install/dual_arm_execute_panel/share/ament_index/resource_index/package_run_dependencies/dual_arm_execute_panel
[12.920s] -- Installing: /home/dualarm/hiwin_ws/install/dual_arm_execute_panel/share/ament_index/resource_index/parent_prefix_path/dual_arm_execute_panel
[12.920s] -- Installing: /home/dualarm/hiwin_ws/install/dual_arm_execute_panel/share/dual_arm_execute_panel/environment/ament_prefix_path.sh
[12.920s] -- Installing: /home/dualarm/hiwin_ws/install/dual_arm_execute_panel/share/dual_arm_execute_panel/environment/ament_prefix_path.dsv
[12.920s] -- Installing: /home/dualarm/hiwin_ws/install/dual_arm_execute_panel/share/dual_arm_execute_panel/environment/path.sh
[12.920s] -- Installing: /home/dualarm/hiwin_ws/install/dual_arm_execute_panel/share/dual_arm_execute_panel/environment/path.dsv
[12.920s] -- Installing: /home/dualarm/hiwin_ws/install/dual_arm_execute_panel/share/dual_arm_execute_panel/local_setup.bash
[12.920s] -- Installing: /home/dualarm/hiwin_ws/install/dual_arm_execute_panel/share/dual_arm_execute_panel/local_setup.sh
[12.920s] -- Installing: /home/dualarm/hiwin_ws/install/dual_arm_execute_panel/share/dual_arm_execute_panel/local_setup.zsh
[12.920s] -- Installing: /home/dualarm/hiwin_ws/install/dual_arm_execute_panel/share/dual_arm_execute_panel/local_setup.dsv
[12.920s] -- Installing: /home/dualarm/hiwin_ws/install/dual_arm_execute_panel/share/dual_arm_execute_panel/package.dsv
[12.921s] -- Installing: /home/dualarm/hiwin_ws/install/dual_arm_execute_panel/share/ament_index/resource_index/packages/dual_arm_execute_panel
[12.921s] -- Installing: /home/dualarm/hiwin_ws/install/dual_arm_execute_panel/share/ament_index/resource_index/rviz_common__pluginlib__plugin/dual_arm_execute_panel
[12.921s] -- Installing: /home/dualarm/hiwin_ws/install/dual_arm_execute_panel/share/dual_arm_execute_panel/cmake/ament_cmake_export_include_directories-extras.cmake
[12.921s] -- Installing: /home/dualarm/hiwin_ws/install/dual_arm_execute_panel/share/dual_arm_execute_panel/cmake/ament_cmake_export_libraries-extras.cmake
[12.921s] -- Installing: /home/dualarm/hiwin_ws/install/dual_arm_execute_panel/share/dual_arm_execute_panel/cmake/dual_arm_execute_panelConfig.cmake
[12.921s] -- Installing: /home/dualarm/hiwin_ws/install/dual_arm_execute_panel/share/dual_arm_execute_panel/cmake/dual_arm_execute_panelConfig-version.cmake
[12.921s] -- Installing: /home/dualarm/hiwin_ws/install/dual_arm_execute_panel/share/dual_arm_execute_panel/package.xml
[12.923s] Invoked command in '/home/dualarm/hiwin_ws/build/dual_arm_execute_panel' returned '0': CMAKE_PREFIX_PATH=${CMAKE_PREFIX_PATH}:/home/dualarm/ws_moveit2/install/moveit_configs_utils:/home/dualarm/ws_moveit2/install/launch_param_builder:/opt/ros/humble /usr/bin/cmake --install /home/dualarm/hiwin_ws/build/dual_arm_execute_panel
