-- The C compiler identification is GNU 11.4.0
-- The CXX compiler identification is GNU 11.4.0
-- Detecting C compiler ABI info
-- Detecting C compiler ABI info - done
-- Check for working C compiler: /usr/bin/cc - skipped
-- Detecting C compile features
-- Detecting C compile features - done
-- Detecting CXX compiler ABI info
-- Detecting CXX compiler ABI info - done
-- Check for working CXX compiler: /usr/bin/c++ - skipped
-- Detecting CXX compile features
-- Detecting CXX compile features - done
-- Found ament_cmake: 1.3.14 (/opt/ros/humble/share/ament_cmake/cmake)
-- Found Python3: /usr/bin/python3 (found version "3.10.12") found components: Interpreter 
[31mCMake Error at CMakeLists.txt:18 (find_package):
  By not providing "Findhiwin_robot_client_library.cmake" in
  CMAKE_MODULE_PATH this project has asked CMake to find a package
  configuration file provided by "hiwin_robot_client_library", but CMake did
  not find one.

  Could not find a package configuration file provided by
  "hiwin_robot_client_library" with any of the following names:

    hiwin_robot_client_libraryConfig.cmake
    hiwin_robot_client_library-config.cmake

  Add the installation prefix of "hiwin_robot_client_library" to
  CMAKE_PREFIX_PATH or set "hiwin_robot_client_library_DIR" to a directory
  containing one of the above files.  If "hiwin_robot_client_library"
  provides a separate development package or SDK, be sure it has been
  installed.

[0m
-- Configuring incomplete, errors occurred!
See also "/home/dualarm/hiwin_ws/build/hiwin_driver/CMakeFiles/CMakeOutput.log".
