[0.009s] Invoking command in '/home/dualarm/hiwin_ws/build/dual_arm_alm_newton_planner': CMAKE_PREFIX_PATH=${CMAKE_PREFIX_PATH}:/home/dualarm/ws_moveit2/install/moveit_configs_utils:/home/dualarm/ws_moveit2/install/launch_param_builder:/opt/ros/humble /usr/bin/cmake /home/dualarm/hiwin_ws/src/For_hiwin_dual_arm/dual_arm_alm_newton_planner -DCMAKE_BUILD_TYPE=Release -DCMAKE_INSTALL_PREFIX=/home/dualarm/hiwin_ws/install/dual_arm_alm_newton_planner
[0.053s] -- The C compiler identification is GNU 11.4.0
[0.095s] -- The CXX compiler identification is GNU 11.4.0
[0.099s] -- Detecting C compiler ABI info
[0.156s] -- Detecting C compiler ABI info - done
[0.161s] -- Check for working C compiler: /usr/bin/cc - skipped
[0.162s] -- Detecting C compile features
[0.162s] -- Detecting C compile features - done
[0.164s] -- Detecting CXX compiler ABI info
[0.230s] -- Detecting CXX compiler ABI info - done
[0.240s] -- Check for working CXX compiler: /usr/bin/c++ - skipped
[0.240s] -- Detecting CXX compile features
[0.241s] -- Detecting CXX compile features - done
[0.249s] -- Found ament_cmake: 1.3.14 (/opt/ros/humble/share/ament_cmake/cmake)
[0.380s] -- Found Python3: /usr/bin/python3 (found version "3.10.12") found components: Interpreter 
[0.490s] -- Found rclcpp: 16.0.19 (/opt/ros/humble/share/rclcpp/cmake)
[0.555s] -- Found rosidl_generator_c: 3.1.8 (/opt/ros/humble/share/rosidl_generator_c/cmake)
[0.565s] -- Found rosidl_adapter: 3.1.8 (/opt/ros/humble/share/rosidl_adapter/cmake)
[0.578s] -- Found rosidl_generator_cpp: 3.1.8 (/opt/ros/humble/share/rosidl_generator_cpp/cmake)
[0.595s] -- Using all available rosidl_typesupport_c: rosidl_typesupport_fastrtps_c;rosidl_typesupport_introspection_c
[0.619s] -- Using all available rosidl_typesupport_cpp: rosidl_typesupport_fastrtps_cpp;rosidl_typesupport_introspection_cpp
[0.685s] -- Found rmw_implementation_cmake: 6.1.2 (/opt/ros/humble/share/rmw_implementation_cmake/cmake)
[0.692s] -- Found rmw_cyclonedds_cpp: 1.3.4 (/opt/ros/humble/share/rmw_cyclonedds_cpp/cmake)
[0.730s] -- Using RMW implementation 'rmw_cyclonedds_cpp' as default
[0.745s] -- Looking for pthread.h
[0.805s] -- Looking for pthread.h - found
[0.805s] -- Performing Test CMAKE_HAVE_LIBC_PTHREAD
[0.865s] -- Performing Test CMAKE_HAVE_LIBC_PTHREAD - Success
[0.866s] -- Found Threads: TRUE  
[0.945s] -- Found pluginlib: 5.1.4 (/opt/ros/humble/share/pluginlib/cmake)
[0.977s] -- Found moveit_core: 2.5.9 (/home/dualarm/ws_moveit2/install/moveit_core/share/moveit_core/cmake)
[1.039s] -- Found Boost: /usr/lib/x86_64-linux-gnu/cmake/Boost-1.74.0/BoostConfig.cmake (found version "1.74.0") found components: chrono date_time filesystem iostreams program_options regex serialization system thread 
[1.108s] -- Found parameter_traits: 0.7.1 (/opt/ros/humble/share/parameter_traits/cmake)
[1.134s] -- Found rclcpp_lifecycle: 16.0.19 (/opt/ros/humble/share/rclcpp_lifecycle/cmake)
[1.163s] -- Found Boost: /usr/lib/x86_64-linux-gnu/cmake/Boost-1.74.0/BoostConfig.cmake (found version "1.74.0") found components: filesystem 
[1.273s] -- library: /usr/lib/x86_64-linux-gnu/libcurl.so
[1.348s] -- Found Eigen3: TRUE (found version "3.4.0") 
[1.348s] -- Ensuring Eigen3 include directory is part of orocos-kdl CMake target
[1.684s] -- Configuring done
[1.701s] -- Generating done
[1.707s] -- Build files have been written to: /home/dualarm/hiwin_ws/build/dual_arm_alm_newton_planner
[1.716s] Invoked command in '/home/dualarm/hiwin_ws/build/dual_arm_alm_newton_planner' returned '0': CMAKE_PREFIX_PATH=${CMAKE_PREFIX_PATH}:/home/dualarm/ws_moveit2/install/moveit_configs_utils:/home/dualarm/ws_moveit2/install/launch_param_builder:/opt/ros/humble /usr/bin/cmake /home/dualarm/hiwin_ws/src/For_hiwin_dual_arm/dual_arm_alm_newton_planner -DCMAKE_BUILD_TYPE=Release -DCMAKE_INSTALL_PREFIX=/home/dualarm/hiwin_ws/install/dual_arm_alm_newton_planner
[1.718s] Invoking command in '/home/dualarm/hiwin_ws/build/dual_arm_alm_newton_planner': CMAKE_PREFIX_PATH=${CMAKE_PREFIX_PATH}:/home/dualarm/ws_moveit2/install/moveit_configs_utils:/home/dualarm/ws_moveit2/install/launch_param_builder:/opt/ros/humble /usr/bin/cmake --build /home/dualarm/hiwin_ws/build/dual_arm_alm_newton_planner -- -j16 -l16
[1.771s] [ 60%] [32mBuilding CXX object CMakeFiles/dual_arm_alm_newton_planner.dir/src/avoidance_system.cpp.o[0m
[1.772s] [ 60%] [32mBuilding CXX object CMakeFiles/dual_arm_alm_newton_planner.dir/src/planner_manager.cpp.o[0m
[1.772s] [ 60%] [32mBuilding CXX object CMakeFiles/dual_arm_alm_newton_planner.dir/src/data_io.cpp.o[0m
[1.775s] [ 80%] [32mBuilding CXX object CMakeFiles/dual_arm_alm_newton_planner.dir/src/newton_solver.cpp.o[0m
[9.025s] [100%] [32m[1mLinking CXX shared library libdual_arm_alm_newton_planner.so[0m
[9.158s] [100%] Built target dual_arm_alm_newton_planner
[9.168s] Invoked command in '/home/dualarm/hiwin_ws/build/dual_arm_alm_newton_planner' returned '0': CMAKE_PREFIX_PATH=${CMAKE_PREFIX_PATH}:/home/dualarm/ws_moveit2/install/moveit_configs_utils:/home/dualarm/ws_moveit2/install/launch_param_builder:/opt/ros/humble /usr/bin/cmake --build /home/dualarm/hiwin_ws/build/dual_arm_alm_newton_planner -- -j16 -l16
[9.169s] Invoking command in '/home/dualarm/hiwin_ws/build/dual_arm_alm_newton_planner': CMAKE_PREFIX_PATH=${CMAKE_PREFIX_PATH}:/home/dualarm/ws_moveit2/install/moveit_configs_utils:/home/dualarm/ws_moveit2/install/launch_param_builder:/opt/ros/humble /usr/bin/cmake --install /home/dualarm/hiwin_ws/build/dual_arm_alm_newton_planner
[9.177s] -- Install configuration: "Release"
[9.177s] -- Installing: /home/dualarm/hiwin_ws/install/dual_arm_alm_newton_planner/share/dual_arm_alm_newton_planner/dual_arm_alm_newton_planner.xml
[9.177s] -- Installing: /home/dualarm/hiwin_ws/install/dual_arm_alm_newton_planner/lib/libdual_arm_alm_newton_planner.so
[9.177s] -- Set runtime path of "/home/dualarm/hiwin_ws/install/dual_arm_alm_newton_planner/lib/libdual_arm_alm_newton_planner.so" to ""
[9.177s] -- Installing: /home/dualarm/hiwin_ws/install/dual_arm_alm_newton_planner/include
[9.177s] -- Installing: /home/dualarm/hiwin_ws/install/dual_arm_alm_newton_planner/include/dual_arm_alm_newton_planner
[9.177s] -- Installing: /home/dualarm/hiwin_ws/install/dual_arm_alm_newton_planner/include/dual_arm_alm_newton_planner/planner_manager.hpp
[9.177s] -- Installing: /home/dualarm/hiwin_ws/install/dual_arm_alm_newton_planner/include/dual_arm_alm_newton_planner/avoidance_system.hpp
[9.178s] -- Installing: /home/dualarm/hiwin_ws/install/dual_arm_alm_newton_planner/include/dual_arm_alm_newton_planner/newton_solver.hpp
[9.178s] -- Installing: /home/dualarm/hiwin_ws/install/dual_arm_alm_newton_planner/include/dual_arm_alm_newton_planner/data_io.hpp
[9.178s] -- Installing: /home/dualarm/hiwin_ws/install/dual_arm_alm_newton_planner/share/dual_arm_alm_newton_planner/config
[9.178s] -- Installing: /home/dualarm/hiwin_ws/install/dual_arm_alm_newton_planner/share/dual_arm_alm_newton_planner/config/dual_arm_alm_newton_planning.yaml
[9.178s] -- Installing: /home/dualarm/hiwin_ws/install/dual_arm_alm_newton_planner/share/dual_arm_alm_newton_planner/environment/library_path.sh
[9.178s] -- Installing: /home/dualarm/hiwin_ws/install/dual_arm_alm_newton_planner/share/dual_arm_alm_newton_planner/environment/library_path.dsv
[9.178s] -- Installing: /home/dualarm/hiwin_ws/install/dual_arm_alm_newton_planner/share/ament_index/resource_index/package_run_dependencies/dual_arm_alm_newton_planner
[9.178s] -- Installing: /home/dualarm/hiwin_ws/install/dual_arm_alm_newton_planner/share/ament_index/resource_index/parent_prefix_path/dual_arm_alm_newton_planner
[9.178s] -- Installing: /home/dualarm/hiwin_ws/install/dual_arm_alm_newton_planner/share/dual_arm_alm_newton_planner/environment/ament_prefix_path.sh
[9.178s] -- Installing: /home/dualarm/hiwin_ws/install/dual_arm_alm_newton_planner/share/dual_arm_alm_newton_planner/environment/ament_prefix_path.dsv
[9.179s] -- Installing: /home/dualarm/hiwin_ws/install/dual_arm_alm_newton_planner/share/dual_arm_alm_newton_planner/environment/path.sh
[9.179s] -- Installing: /home/dualarm/hiwin_ws/install/dual_arm_alm_newton_planner/share/dual_arm_alm_newton_planner/environment/path.dsv
[9.179s] -- Installing: /home/dualarm/hiwin_ws/install/dual_arm_alm_newton_planner/share/dual_arm_alm_newton_planner/local_setup.bash
[9.179s] -- Installing: /home/dualarm/hiwin_ws/install/dual_arm_alm_newton_planner/share/dual_arm_alm_newton_planner/local_setup.sh
[9.179s] -- Installing: /home/dualarm/hiwin_ws/install/dual_arm_alm_newton_planner/share/dual_arm_alm_newton_planner/local_setup.zsh
[9.179s] -- Installing: /home/dualarm/hiwin_ws/install/dual_arm_alm_newton_planner/share/dual_arm_alm_newton_planner/local_setup.dsv
[9.179s] -- Installing: /home/dualarm/hiwin_ws/install/dual_arm_alm_newton_planner/share/dual_arm_alm_newton_planner/package.dsv
[9.179s] -- Installing: /home/dualarm/hiwin_ws/install/dual_arm_alm_newton_planner/share/ament_index/resource_index/packages/dual_arm_alm_newton_planner
[9.179s] -- Installing: /home/dualarm/hiwin_ws/install/dual_arm_alm_newton_planner/share/ament_index/resource_index/moveit_core__pluginlib__plugin/dual_arm_alm_newton_planner
[9.179s] -- Installing: /home/dualarm/hiwin_ws/install/dual_arm_alm_newton_planner/share/dual_arm_alm_newton_planner/cmake/ament_cmake_export_libraries-extras.cmake
[9.179s] -- Installing: /home/dualarm/hiwin_ws/install/dual_arm_alm_newton_planner/share/dual_arm_alm_newton_planner/cmake/ament_cmake_export_dependencies-extras.cmake
[9.179s] -- Installing: /home/dualarm/hiwin_ws/install/dual_arm_alm_newton_planner/share/dual_arm_alm_newton_planner/cmake/dual_arm_alm_newton_plannerConfig.cmake
[9.180s] -- Installing: /home/dualarm/hiwin_ws/install/dual_arm_alm_newton_planner/share/dual_arm_alm_newton_planner/cmake/dual_arm_alm_newton_plannerConfig-version.cmake
[9.180s] -- Installing: /home/dualarm/hiwin_ws/install/dual_arm_alm_newton_planner/share/dual_arm_alm_newton_planner/package.xml
[9.181s] Invoked command in '/home/dualarm/hiwin_ws/build/dual_arm_alm_newton_planner' returned '0': CMAKE_PREFIX_PATH=${CMAKE_PREFIX_PATH}:/home/dualarm/ws_moveit2/install/moveit_configs_utils:/home/dualarm/ws_moveit2/install/launch_param_builder:/opt/ros/humble /usr/bin/cmake --install /home/dualarm/hiwin_ws/build/dual_arm_alm_newton_planner
