[0.009s] Invoking command in '/home/dualarm/hiwin_ws/build/dual_arm_lag_newton_planner': CMAKE_PREFIX_PATH=${CMAKE_PREFIX_PATH}:/home/dualarm/ws_moveit2/install/moveit_configs_utils:/home/dualarm/ws_moveit2/install/launch_param_builder:/opt/ros/humble /usr/bin/cmake /home/dualarm/hiwin_ws/src/For_hiwin_dual_arm/dual_arm_lag_newton_planner -DCMAKE_BUILD_TYPE=Release -DCMAKE_INSTALL_PREFIX=/home/dualarm/hiwin_ws/install/dual_arm_lag_newton_planner
[0.054s] -- The C compiler identification is GNU 11.4.0
[0.096s] -- The CXX compiler identification is GNU 11.4.0
[0.101s] -- Detecting C compiler ABI info
[0.159s] -- Detecting C compiler ABI info - done
[0.165s] -- Check for working C compiler: /usr/bin/cc - skipped
[0.165s] -- Detecting C compile features
[0.165s] -- Detecting C compile features - done
[0.167s] -- Detecting CXX compiler ABI info
[0.233s] -- Detecting CXX compiler ABI info - done
[0.239s] -- Check for working CXX compiler: /usr/bin/c++ - skipped
[0.239s] -- Detecting CXX compile features
[0.239s] -- Detecting CXX compile features - done
[0.245s] -- Found ament_cmake: 1.3.14 (/opt/ros/humble/share/ament_cmake/cmake)
[0.369s] -- Found Python3: /usr/bin/python3 (found version "3.10.12") found components: Interpreter 
[0.484s] -- Found rclcpp: 16.0.19 (/opt/ros/humble/share/rclcpp/cmake)
[0.553s] -- Found rosidl_generator_c: 3.1.8 (/opt/ros/humble/share/rosidl_generator_c/cmake)
[0.564s] -- Found rosidl_adapter: 3.1.8 (/opt/ros/humble/share/rosidl_adapter/cmake)
[0.577s] -- Found rosidl_generator_cpp: 3.1.8 (/opt/ros/humble/share/rosidl_generator_cpp/cmake)
[0.595s] -- Using all available rosidl_typesupport_c: rosidl_typesupport_fastrtps_c;rosidl_typesupport_introspection_c
[0.619s] -- Using all available rosidl_typesupport_cpp: rosidl_typesupport_fastrtps_cpp;rosidl_typesupport_introspection_cpp
[0.690s] -- Found rmw_implementation_cmake: 6.1.2 (/opt/ros/humble/share/rmw_implementation_cmake/cmake)
[0.698s] -- Found rmw_cyclonedds_cpp: 1.3.4 (/opt/ros/humble/share/rmw_cyclonedds_cpp/cmake)
[0.737s] -- Using RMW implementation 'rmw_cyclonedds_cpp' as default
[0.754s] -- Looking for pthread.h
[0.816s] -- Looking for pthread.h - found
[0.816s] -- Performing Test CMAKE_HAVE_LIBC_PTHREAD
[0.876s] -- Performing Test CMAKE_HAVE_LIBC_PTHREAD - Success
[0.877s] -- Found Threads: TRUE  
[0.934s] -- Found pluginlib: 5.1.4 (/opt/ros/humble/share/pluginlib/cmake)
[0.968s] -- Found moveit_core: 2.5.9 (/home/dualarm/ws_moveit2/install/moveit_core/share/moveit_core/cmake)
[1.033s] -- Found Boost: /usr/lib/x86_64-linux-gnu/cmake/Boost-1.74.0/BoostConfig.cmake (found version "1.74.0") found components: chrono date_time filesystem iostreams program_options regex serialization system thread 
[1.103s] -- Found parameter_traits: 0.7.1 (/opt/ros/humble/share/parameter_traits/cmake)
[1.131s] -- Found rclcpp_lifecycle: 16.0.19 (/opt/ros/humble/share/rclcpp_lifecycle/cmake)
[1.160s] -- Found Boost: /usr/lib/x86_64-linux-gnu/cmake/Boost-1.74.0/BoostConfig.cmake (found version "1.74.0") found components: filesystem 
[1.266s] -- library: /usr/lib/x86_64-linux-gnu/libcurl.so
[1.340s] -- Found Eigen3: TRUE (found version "3.4.0") 
[1.340s] -- Ensuring Eigen3 include directory is part of orocos-kdl CMake target
[1.677s] -- Configuring done
[1.694s] -- Generating done
[1.699s] -- Build files have been written to: /home/dualarm/hiwin_ws/build/dual_arm_lag_newton_planner
[1.709s] Invoked command in '/home/dualarm/hiwin_ws/build/dual_arm_lag_newton_planner' returned '0': CMAKE_PREFIX_PATH=${CMAKE_PREFIX_PATH}:/home/dualarm/ws_moveit2/install/moveit_configs_utils:/home/dualarm/ws_moveit2/install/launch_param_builder:/opt/ros/humble /usr/bin/cmake /home/dualarm/hiwin_ws/src/For_hiwin_dual_arm/dual_arm_lag_newton_planner -DCMAKE_BUILD_TYPE=Release -DCMAKE_INSTALL_PREFIX=/home/dualarm/hiwin_ws/install/dual_arm_lag_newton_planner
[1.710s] Invoking command in '/home/dualarm/hiwin_ws/build/dual_arm_lag_newton_planner': CMAKE_PREFIX_PATH=${CMAKE_PREFIX_PATH}:/home/dualarm/ws_moveit2/install/moveit_configs_utils:/home/dualarm/ws_moveit2/install/launch_param_builder:/opt/ros/humble /usr/bin/cmake --build /home/dualarm/hiwin_ws/build/dual_arm_lag_newton_planner -- -j16 -l16
[1.763s] [ 40%] [32mBuilding CXX object CMakeFiles/dual_arm_lag_newton_planner.dir/src/avoidance_system.cpp.o[0m
[1.763s] [ 40%] [32mBuilding CXX object CMakeFiles/dual_arm_lag_newton_planner.dir/src/data_io.cpp.o[0m
[1.763s] [ 60%] [32mBuilding CXX object CMakeFiles/dual_arm_lag_newton_planner.dir/src/newton_solver.cpp.o[0m
[1.763s] [ 80%] [32mBuilding CXX object CMakeFiles/dual_arm_lag_newton_planner.dir/src/planner_manager.cpp.o[0m
[10.009s] [100%] [32m[1mLinking CXX shared library libdual_arm_lag_newton_planner.so[0m
[10.138s] [100%] Built target dual_arm_lag_newton_planner
[10.147s] Invoked command in '/home/dualarm/hiwin_ws/build/dual_arm_lag_newton_planner' returned '0': CMAKE_PREFIX_PATH=${CMAKE_PREFIX_PATH}:/home/dualarm/ws_moveit2/install/moveit_configs_utils:/home/dualarm/ws_moveit2/install/launch_param_builder:/opt/ros/humble /usr/bin/cmake --build /home/dualarm/hiwin_ws/build/dual_arm_lag_newton_planner -- -j16 -l16
[10.148s] Invoking command in '/home/dualarm/hiwin_ws/build/dual_arm_lag_newton_planner': CMAKE_PREFIX_PATH=${CMAKE_PREFIX_PATH}:/home/dualarm/ws_moveit2/install/moveit_configs_utils:/home/dualarm/ws_moveit2/install/launch_param_builder:/opt/ros/humble /usr/bin/cmake --install /home/dualarm/hiwin_ws/build/dual_arm_lag_newton_planner
[10.155s] -- Install configuration: "Release"
[10.155s] -- Installing: /home/dualarm/hiwin_ws/install/dual_arm_lag_newton_planner/share/dual_arm_lag_newton_planner/dual_arm_lag_newton_planner.xml
[10.155s] -- Installing: /home/dualarm/hiwin_ws/install/dual_arm_lag_newton_planner/lib/libdual_arm_lag_newton_planner.so
[10.156s] -- Set runtime path of "/home/dualarm/hiwin_ws/install/dual_arm_lag_newton_planner/lib/libdual_arm_lag_newton_planner.so" to ""
[10.156s] -- Installing: /home/dualarm/hiwin_ws/install/dual_arm_lag_newton_planner/include
[10.156s] -- Installing: /home/dualarm/hiwin_ws/install/dual_arm_lag_newton_planner/include/dual_arm_lag_newton_planner
[10.156s] -- Installing: /home/dualarm/hiwin_ws/install/dual_arm_lag_newton_planner/include/dual_arm_lag_newton_planner/planner_manager.hpp
[10.156s] -- Installing: /home/dualarm/hiwin_ws/install/dual_arm_lag_newton_planner/include/dual_arm_lag_newton_planner/avoidance_system.hpp
[10.156s] -- Installing: /home/dualarm/hiwin_ws/install/dual_arm_lag_newton_planner/include/dual_arm_lag_newton_planner/newton_solver.hpp
[10.156s] -- Installing: /home/dualarm/hiwin_ws/install/dual_arm_lag_newton_planner/include/dual_arm_lag_newton_planner/data_io.hpp
[10.156s] -- Installing: /home/dualarm/hiwin_ws/install/dual_arm_lag_newton_planner/share/dual_arm_lag_newton_planner/config
[10.156s] -- Installing: /home/dualarm/hiwin_ws/install/dual_arm_lag_newton_planner/share/dual_arm_lag_newton_planner/config/dual_arm_lag_newton_planning.yaml
[10.156s] -- Installing: /home/dualarm/hiwin_ws/install/dual_arm_lag_newton_planner/share/dual_arm_lag_newton_planner/environment/library_path.sh
[10.156s] -- Installing: /home/dualarm/hiwin_ws/install/dual_arm_lag_newton_planner/share/dual_arm_lag_newton_planner/environment/library_path.dsv
[10.156s] -- Installing: /home/dualarm/hiwin_ws/install/dual_arm_lag_newton_planner/share/ament_index/resource_index/package_run_dependencies/dual_arm_lag_newton_planner
[10.157s] -- Installing: /home/dualarm/hiwin_ws/install/dual_arm_lag_newton_planner/share/ament_index/resource_index/parent_prefix_path/dual_arm_lag_newton_planner
[10.157s] -- Installing: /home/dualarm/hiwin_ws/install/dual_arm_lag_newton_planner/share/dual_arm_lag_newton_planner/environment/ament_prefix_path.sh
[10.157s] -- Installing: /home/dualarm/hiwin_ws/install/dual_arm_lag_newton_planner/share/dual_arm_lag_newton_planner/environment/ament_prefix_path.dsv
[10.157s] -- Installing: /home/dualarm/hiwin_ws/install/dual_arm_lag_newton_planner/share/dual_arm_lag_newton_planner/environment/path.sh
[10.157s] -- Installing: /home/dualarm/hiwin_ws/install/dual_arm_lag_newton_planner/share/dual_arm_lag_newton_planner/environment/path.dsv
[10.157s] -- Installing: /home/dualarm/hiwin_ws/install/dual_arm_lag_newton_planner/share/dual_arm_lag_newton_planner/local_setup.bash
[10.157s] -- Installing: /home/dualarm/hiwin_ws/install/dual_arm_lag_newton_planner/share/dual_arm_lag_newton_planner/local_setup.sh
[10.157s] -- Installing: /home/dualarm/hiwin_ws/install/dual_arm_lag_newton_planner/share/dual_arm_lag_newton_planner/local_setup.zsh
[10.157s] -- Installing: /home/dualarm/hiwin_ws/install/dual_arm_lag_newton_planner/share/dual_arm_lag_newton_planner/local_setup.dsv
[10.157s] -- Installing: /home/dualarm/hiwin_ws/install/dual_arm_lag_newton_planner/share/dual_arm_lag_newton_planner/package.dsv
[10.157s] -- Installing: /home/dualarm/hiwin_ws/install/dual_arm_lag_newton_planner/share/ament_index/resource_index/packages/dual_arm_lag_newton_planner
[10.157s] -- Installing: /home/dualarm/hiwin_ws/install/dual_arm_lag_newton_planner/share/ament_index/resource_index/moveit_core__pluginlib__plugin/dual_arm_lag_newton_planner
[10.158s] -- Installing: /home/dualarm/hiwin_ws/install/dual_arm_lag_newton_planner/share/dual_arm_lag_newton_planner/cmake/ament_cmake_export_libraries-extras.cmake
[10.158s] -- Installing: /home/dualarm/hiwin_ws/install/dual_arm_lag_newton_planner/share/dual_arm_lag_newton_planner/cmake/ament_cmake_export_dependencies-extras.cmake
[10.158s] -- Installing: /home/dualarm/hiwin_ws/install/dual_arm_lag_newton_planner/share/dual_arm_lag_newton_planner/cmake/dual_arm_lag_newton_plannerConfig.cmake
[10.158s] -- Installing: /home/dualarm/hiwin_ws/install/dual_arm_lag_newton_planner/share/dual_arm_lag_newton_planner/cmake/dual_arm_lag_newton_plannerConfig-version.cmake
[10.158s] -- Installing: /home/dualarm/hiwin_ws/install/dual_arm_lag_newton_planner/share/dual_arm_lag_newton_planner/package.xml
[10.159s] Invoked command in '/home/dualarm/hiwin_ws/build/dual_arm_lag_newton_planner' returned '0': CMAKE_PREFIX_PATH=${CMAKE_PREFIX_PATH}:/home/dualarm/ws_moveit2/install/moveit_configs_utils:/home/dualarm/ws_moveit2/install/launch_param_builder:/opt/ros/humble /usr/bin/cmake --install /home/dualarm/hiwin_ws/build/dual_arm_lag_newton_planner
