-- The C compiler identification is GNU 11.4.0
-- The CXX compiler identification is GNU 11.4.0
-- Detecting C compiler ABI info
-- Detecting C compiler ABI info - done
-- Check for working C compiler: /usr/bin/cc - skipped
-- Detecting C compile features
-- Detecting C compile features - done
-- Detecting CXX compiler ABI info
-- Detecting CXX compiler ABI info - done
-- Check for working CXX compiler: /usr/bin/c++ - skipped
-- Detecting CXX compile features
-- Detecting CXX compile features - done
-- Found ament_cmake: 1.3.14 (/opt/ros/humble/share/ament_cmake/cmake)
-- Found Python3: /usr/bin/python3 (found version "3.10.12") found components: Interpreter 
-- Found rclcpp: 16.0.19 (/opt/ros/humble/share/rclcpp/cmake)
-- Found rosidl_generator_c: 3.1.8 (/opt/ros/humble/share/rosidl_generator_c/cmake)
-- Found rosidl_adapter: 3.1.8 (/opt/ros/humble/share/rosidl_adapter/cmake)
-- Found rosidl_generator_cpp: 3.1.8 (/opt/ros/humble/share/rosidl_generator_cpp/cmake)
-- Using all available rosidl_typesupport_c: rosidl_typesupport_fastrtps_c;rosidl_typesupport_introspection_c
-- Using all available rosidl_typesupport_cpp: rosidl_typesupport_fastrtps_cpp;rosidl_typesupport_introspection_cpp
-- Found rmw_implementation_cmake: 6.1.2 (/opt/ros/humble/share/rmw_implementation_cmake/cmake)
-- Found rmw_cyclonedds_cpp: 1.3.4 (/opt/ros/humble/share/rmw_cyclonedds_cpp/cmake)
-- Using RMW implementation 'rmw_cyclonedds_cpp' as default
-- Looking for pthread.h
-- Looking for pthread.h - found
-- Performing Test CMAKE_HAVE_LIBC_PTHREAD
-- Performing Test CMAKE_HAVE_LIBC_PTHREAD - Success
-- Found Threads: TRUE  
-- Found sensor_msgs: 4.9.1 (/opt/ros/humble/share/sensor_msgs/cmake)
-- Found rclcpp_action: 16.0.19 (/opt/ros/humble/share/rclcpp_action/cmake)
-- Found control_msgs: 4.9.0 (/opt/ros/humble/share/control_msgs/cmake)
-- Configuring done
-- Generating done
-- Build files have been written to: /home/dualarm/hiwin_ws/build/dual_arm_domain_bridge
[ 50%] [32mBuilding CXX object CMakeFiles/trajectory_downlink_endpoint_relay.dir/src/trajectory_downlink_endpoint_relay.cpp.o[0m
[ 50%] [32mBuilding CXX object CMakeFiles/joint_state_uplink_bridge.dir/src/joint_state_uplink_bridge.cpp.o[0m
[ 75%] [32m[1mLinking CXX executable joint_state_uplink_bridge[0m
[ 75%] Built target joint_state_uplink_bridge
[100%] [32m[1mLinking CXX executable trajectory_downlink_endpoint_relay[0m
[100%] Built target trajectory_downlink_endpoint_relay
-- Install configuration: "Release"
-- Installing: /home/dualarm/hiwin_ws/install/dual_arm_domain_bridge/share/dual_arm_domain_bridge/launch
-- Installing: /home/dualarm/hiwin_ws/install/dual_arm_domain_bridge/share/dual_arm_domain_bridge/launch/bridge_relay.launch.py
-- Installing: /home/dualarm/hiwin_ws/install/dual_arm_domain_bridge/lib/dual_arm_domain_bridge/joint_state_uplink_bridge
-- Set runtime path of "/home/dualarm/hiwin_ws/install/dual_arm_domain_bridge/lib/dual_arm_domain_bridge/joint_state_uplink_bridge" to ""
-- Installing: /home/dualarm/hiwin_ws/install/dual_arm_domain_bridge/lib/dual_arm_domain_bridge/trajectory_downlink_endpoint_relay
-- Set runtime path of "/home/dualarm/hiwin_ws/install/dual_arm_domain_bridge/lib/dual_arm_domain_bridge/trajectory_downlink_endpoint_relay" to ""
-- Installing: /home/dualarm/hiwin_ws/install/dual_arm_domain_bridge/share/ament_index/resource_index/package_run_dependencies/dual_arm_domain_bridge
-- Installing: /home/dualarm/hiwin_ws/install/dual_arm_domain_bridge/share/ament_index/resource_index/parent_prefix_path/dual_arm_domain_bridge
-- Installing: /home/dualarm/hiwin_ws/install/dual_arm_domain_bridge/share/dual_arm_domain_bridge/environment/ament_prefix_path.sh
-- Installing: /home/dualarm/hiwin_ws/install/dual_arm_domain_bridge/share/dual_arm_domain_bridge/environment/ament_prefix_path.dsv
-- Installing: /home/dualarm/hiwin_ws/install/dual_arm_domain_bridge/share/dual_arm_domain_bridge/environment/path.sh
-- Installing: /home/dualarm/hiwin_ws/install/dual_arm_domain_bridge/share/dual_arm_domain_bridge/environment/path.dsv
-- Installing: /home/dualarm/hiwin_ws/install/dual_arm_domain_bridge/share/dual_arm_domain_bridge/local_setup.bash
-- Installing: /home/dualarm/hiwin_ws/install/dual_arm_domain_bridge/share/dual_arm_domain_bridge/local_setup.sh
-- Installing: /home/dualarm/hiwin_ws/install/dual_arm_domain_bridge/share/dual_arm_domain_bridge/local_setup.zsh
-- Installing: /home/dualarm/hiwin_ws/install/dual_arm_domain_bridge/share/dual_arm_domain_bridge/local_setup.dsv
-- Installing: /home/dualarm/hiwin_ws/install/dual_arm_domain_bridge/share/dual_arm_domain_bridge/package.dsv
-- Installing: /home/dualarm/hiwin_ws/install/dual_arm_domain_bridge/share/ament_index/resource_index/packages/dual_arm_domain_bridge
-- Installing: /home/dualarm/hiwin_ws/install/dual_arm_domain_bridge/share/dual_arm_domain_bridge/cmake/dual_arm_domain_bridgeConfig.cmake
-- Installing: /home/dualarm/hiwin_ws/install/dual_arm_domain_bridge/share/dual_arm_domain_bridge/cmake/dual_arm_domain_bridgeConfig-version.cmake
-- Installing: /home/dualarm/hiwin_ws/install/dual_arm_domain_bridge/share/dual_arm_domain_bridge/package.xml
