[0.012s] Invoking command in '/home/dualarm/hiwin_ws/build/dual_arm_domain_bridge': CMAKE_PREFIX_PATH=${CMAKE_PREFIX_PATH}:/home/dualarm/ws_moveit2/install/moveit_configs_utils:/home/dualarm/ws_moveit2/install/launch_param_builder:/opt/ros/humble /usr/bin/cmake /home/dualarm/hiwin_ws/src/For_hiwin_dual_arm/dual_arm_domain_bridge -DCMAKE_BUILD_TYPE=Release -DCMAKE_INSTALL_PREFIX=/home/dualarm/hiwin_ws/install/dual_arm_domain_bridge
[0.065s] -- The C compiler identification is GNU 11.4.0
[0.112s] -- The CXX compiler identification is GNU 11.4.0
[0.120s] -- Detecting C compiler ABI info
[0.184s] -- Detecting C compiler ABI info - done
[0.194s] -- Check for working C compiler: /usr/bin/cc - skipped
[0.194s] -- Detecting C compile features
[0.195s] -- Detecting C compile features - done
[0.198s] -- Detecting CXX compiler ABI info
[0.268s] -- Detecting CXX compiler ABI info - done
[0.279s] -- Check for working CXX compiler: /usr/bin/c++ - skipped
[0.279s] -- Detecting CXX compile features
[0.280s] -- Detecting CXX compile features - done
[0.288s] -- Found ament_cmake: 1.3.14 (/opt/ros/humble/share/ament_cmake/cmake)
[0.423s] -- Found Python3: /usr/bin/python3 (found version "3.10.12") found components: Interpreter 
[0.541s] -- Found rclcpp: 16.0.19 (/opt/ros/humble/share/rclcpp/cmake)
[0.610s] -- Found rosidl_generator_c: 3.1.8 (/opt/ros/humble/share/rosidl_generator_c/cmake)
[0.621s] -- Found rosidl_adapter: 3.1.8 (/opt/ros/humble/share/rosidl_adapter/cmake)
[0.634s] -- Found rosidl_generator_cpp: 3.1.8 (/opt/ros/humble/share/rosidl_generator_cpp/cmake)
[0.653s] -- Using all available rosidl_typesupport_c: rosidl_typesupport_fastrtps_c;rosidl_typesupport_introspection_c
[0.679s] -- Using all available rosidl_typesupport_cpp: rosidl_typesupport_fastrtps_cpp;rosidl_typesupport_introspection_cpp
[0.752s] -- Found rmw_implementation_cmake: 6.1.2 (/opt/ros/humble/share/rmw_implementation_cmake/cmake)
[0.761s] -- Found rmw_cyclonedds_cpp: 1.3.4 (/opt/ros/humble/share/rmw_cyclonedds_cpp/cmake)
[0.803s] -- Using RMW implementation 'rmw_cyclonedds_cpp' as default
[0.819s] -- Looking for pthread.h
[0.882s] -- Looking for pthread.h - found
[0.882s] -- Performing Test CMAKE_HAVE_LIBC_PTHREAD
[0.946s] -- Performing Test CMAKE_HAVE_LIBC_PTHREAD - Success
[0.947s] -- Found Threads: TRUE  
[1.006s] -- Found sensor_msgs: 4.9.1 (/opt/ros/humble/share/sensor_msgs/cmake)
[1.039s] -- Found rclcpp_action: 16.0.19 (/opt/ros/humble/share/rclcpp_action/cmake)
[1.080s] -- Found control_msgs: 4.9.0 (/opt/ros/humble/share/control_msgs/cmake)
[1.177s] -- Configuring done
[1.186s] -- Generating done
[1.190s] -- Build files have been written to: /home/dualarm/hiwin_ws/build/dual_arm_domain_bridge
[1.196s] Invoked command in '/home/dualarm/hiwin_ws/build/dual_arm_domain_bridge' returned '0': CMAKE_PREFIX_PATH=${CMAKE_PREFIX_PATH}:/home/dualarm/ws_moveit2/install/moveit_configs_utils:/home/dualarm/ws_moveit2/install/launch_param_builder:/opt/ros/humble /usr/bin/cmake /home/dualarm/hiwin_ws/src/For_hiwin_dual_arm/dual_arm_domain_bridge -DCMAKE_BUILD_TYPE=Release -DCMAKE_INSTALL_PREFIX=/home/dualarm/hiwin_ws/install/dual_arm_domain_bridge
[1.197s] Invoking command in '/home/dualarm/hiwin_ws/build/dual_arm_domain_bridge': CMAKE_PREFIX_PATH=${CMAKE_PREFIX_PATH}:/home/dualarm/ws_moveit2/install/moveit_configs_utils:/home/dualarm/ws_moveit2/install/launch_param_builder:/opt/ros/humble /usr/bin/cmake --build /home/dualarm/hiwin_ws/build/dual_arm_domain_bridge -- -j16 -l16
[1.246s] [ 50%] [32mBuilding CXX object CMakeFiles/trajectory_downlink_endpoint_relay.dir/src/trajectory_downlink_endpoint_relay.cpp.o[0m
[1.246s] [ 50%] [32mBuilding CXX object CMakeFiles/joint_state_uplink_bridge.dir/src/joint_state_uplink_bridge.cpp.o[0m
[9.465s] [ 75%] [32m[1mLinking CXX executable joint_state_uplink_bridge[0m
[9.587s] [ 75%] Built target joint_state_uplink_bridge
[15.653s] [100%] [32m[1mLinking CXX executable trajectory_downlink_endpoint_relay[0m
[15.826s] [100%] Built target trajectory_downlink_endpoint_relay
[15.837s] Invoked command in '/home/dualarm/hiwin_ws/build/dual_arm_domain_bridge' returned '0': CMAKE_PREFIX_PATH=${CMAKE_PREFIX_PATH}:/home/dualarm/ws_moveit2/install/moveit_configs_utils:/home/dualarm/ws_moveit2/install/launch_param_builder:/opt/ros/humble /usr/bin/cmake --build /home/dualarm/hiwin_ws/build/dual_arm_domain_bridge -- -j16 -l16
[15.837s] Invoking command in '/home/dualarm/hiwin_ws/build/dual_arm_domain_bridge': CMAKE_PREFIX_PATH=${CMAKE_PREFIX_PATH}:/home/dualarm/ws_moveit2/install/moveit_configs_utils:/home/dualarm/ws_moveit2/install/launch_param_builder:/opt/ros/humble /usr/bin/cmake --install /home/dualarm/hiwin_ws/build/dual_arm_domain_bridge
[15.846s] -- Install configuration: "Release"
[15.846s] -- Installing: /home/dualarm/hiwin_ws/install/dual_arm_domain_bridge/share/dual_arm_domain_bridge/launch
[15.846s] -- Installing: /home/dualarm/hiwin_ws/install/dual_arm_domain_bridge/share/dual_arm_domain_bridge/launch/bridge_relay.launch.py
[15.847s] -- Installing: /home/dualarm/hiwin_ws/install/dual_arm_domain_bridge/lib/dual_arm_domain_bridge/joint_state_uplink_bridge
[15.847s] -- Set runtime path of "/home/dualarm/hiwin_ws/install/dual_arm_domain_bridge/lib/dual_arm_domain_bridge/joint_state_uplink_bridge" to ""
[15.847s] -- Installing: /home/dualarm/hiwin_ws/install/dual_arm_domain_bridge/lib/dual_arm_domain_bridge/trajectory_downlink_endpoint_relay
[15.848s] -- Set runtime path of "/home/dualarm/hiwin_ws/install/dual_arm_domain_bridge/lib/dual_arm_domain_bridge/trajectory_downlink_endpoint_relay" to ""
[15.848s] -- Installing: /home/dualarm/hiwin_ws/install/dual_arm_domain_bridge/share/ament_index/resource_index/package_run_dependencies/dual_arm_domain_bridge
[15.848s] -- Installing: /home/dualarm/hiwin_ws/install/dual_arm_domain_bridge/share/ament_index/resource_index/parent_prefix_path/dual_arm_domain_bridge
[15.848s] -- Installing: /home/dualarm/hiwin_ws/install/dual_arm_domain_bridge/share/dual_arm_domain_bridge/environment/ament_prefix_path.sh
[15.848s] -- Installing: /home/dualarm/hiwin_ws/install/dual_arm_domain_bridge/share/dual_arm_domain_bridge/environment/ament_prefix_path.dsv
[15.849s] -- Installing: /home/dualarm/hiwin_ws/install/dual_arm_domain_bridge/share/dual_arm_domain_bridge/environment/path.sh
[15.849s] -- Installing: /home/dualarm/hiwin_ws/install/dual_arm_domain_bridge/share/dual_arm_domain_bridge/environment/path.dsv
[15.849s] -- Installing: /home/dualarm/hiwin_ws/install/dual_arm_domain_bridge/share/dual_arm_domain_bridge/local_setup.bash
[15.849s] -- Installing: /home/dualarm/hiwin_ws/install/dual_arm_domain_bridge/share/dual_arm_domain_bridge/local_setup.sh
[15.849s] -- Installing: /home/dualarm/hiwin_ws/install/dual_arm_domain_bridge/share/dual_arm_domain_bridge/local_setup.zsh
[15.849s] -- Installing: /home/dualarm/hiwin_ws/install/dual_arm_domain_bridge/share/dual_arm_domain_bridge/local_setup.dsv
[15.849s] -- Installing: /home/dualarm/hiwin_ws/install/dual_arm_domain_bridge/share/dual_arm_domain_bridge/package.dsv
[15.849s] -- Installing: /home/dualarm/hiwin_ws/install/dual_arm_domain_bridge/share/ament_index/resource_index/packages/dual_arm_domain_bridge
[15.849s] -- Installing: /home/dualarm/hiwin_ws/install/dual_arm_domain_bridge/share/dual_arm_domain_bridge/cmake/dual_arm_domain_bridgeConfig.cmake
[15.849s] -- Installing: /home/dualarm/hiwin_ws/install/dual_arm_domain_bridge/share/dual_arm_domain_bridge/cmake/dual_arm_domain_bridgeConfig-version.cmake
[15.849s] -- Installing: /home/dualarm/hiwin_ws/install/dual_arm_domain_bridge/share/dual_arm_domain_bridge/package.xml
[15.851s] Invoked command in '/home/dualarm/hiwin_ws/build/dual_arm_domain_bridge' returned '0': CMAKE_PREFIX_PATH=${CMAKE_PREFIX_PATH}:/home/dualarm/ws_moveit2/install/moveit_configs_utils:/home/dualarm/ws_moveit2/install/launch_param_builder:/opt/ros/humble /usr/bin/cmake --install /home/dualarm/hiwin_ws/build/dual_arm_domain_bridge
