[0.011s] Invoking command in '/home/dualarm/hiwin_ws/build/dual_arm_lag_newton_planner': CMAKE_PREFIX_PATH=${CMAKE_PREFIX_PATH}:/home/dualarm/ws_moveit2/install/moveit_configs_utils:/home/dualarm/ws_moveit2/install/launch_param_builder:/opt/ros/humble /usr/bin/cmake --build /home/dualarm/hiwin_ws/build/dual_arm_lag_newton_planner -- -j16 -l16
[0.038s] -- Found ament_cmake: 1.3.14 (/opt/ros/humble/share/ament_cmake/cmake)
[0.134s] -- Found rclcpp: 16.0.19 (/opt/ros/humble/share/rclcpp/cmake)
[0.155s] -- Found rosidl_generator_c: 3.1.9 (/opt/ros/humble/share/rosidl_generator_c/cmake)
[0.157s] -- Found rosidl_adapter: 3.1.9 (/opt/ros/humble/share/rosidl_adapter/cmake)
[0.161s] -- Found rosidl_generator_cpp: 3.1.9 (/opt/ros/humble/share/rosidl_generator_cpp/cmake)
[0.170s] -- Using all available rosidl_typesupport_c: rosidl_typesupport_fastrtps_c;rosidl_typesupport_introspection_c
[0.181s] -- Using all available rosidl_typesupport_cpp: rosidl_typesupport_fastrtps_cpp;rosidl_typesupport_introspection_cpp
[0.208s] -- Found rmw_implementation_cmake: 6.1.3 (/opt/ros/humble/share/rmw_implementation_cmake/cmake)
[0.211s] -- Found rmw_cyclonedds_cpp: 1.3.4 (/opt/ros/humble/share/rmw_cyclonedds_cpp/cmake)
[0.226s] -- Using RMW implementation 'rmw_cyclonedds_cpp' as default
[0.265s] -- Found pluginlib: 5.1.4 (/opt/ros/humble/share/pluginlib/cmake)
[0.279s] -- Found moveit_core: 2.5.9 (/home/dualarm/ws_moveit2/install/moveit_core/share/moveit_core/cmake)
[0.289s] -- Found Boost: /usr/lib/x86_64-linux-gnu/cmake/Boost-1.74.0/BoostConfig.cmake (found version "1.74.0") found components: chrono date_time filesystem iostreams program_options regex serialization system thread 
[0.312s] -- Found parameter_traits: 0.7.5 (/opt/ros/humble/share/parameter_traits/cmake)
[0.318s] -- Found rclcpp_lifecycle: 16.0.19 (/opt/ros/humble/share/rclcpp_lifecycle/cmake)
[0.373s] -- library: /usr/lib/x86_64-linux-gnu/libcurl.so
[0.417s] -- Ensuring Eigen3 include directory is part of orocos-kdl CMake target
[0.631s] -- Configuring done
[0.649s] -- Generating done
[0.654s] -- Build files have been written to: /home/dualarm/hiwin_ws/build/dual_arm_lag_newton_planner
[0.684s] [35m[1mConsolidate compiler generated dependencies of target dual_arm_lag_newton_planner[0m
[0.703s] [ 60%] [32mBuilding CXX object CMakeFiles/dual_arm_lag_newton_planner.dir/src/data_io.cpp.o[0m
[0.704s] [ 60%] [32mBuilding CXX object CMakeFiles/dual_arm_lag_newton_planner.dir/src/avoidance_system.cpp.o[0m
[0.704s] [ 60%] [32mBuilding CXX object CMakeFiles/dual_arm_lag_newton_planner.dir/src/newton_solver.cpp.o[0m
[0.705s] [ 80%] [32mBuilding CXX object CMakeFiles/dual_arm_lag_newton_planner.dir/src/planner_manager.cpp.o[0m
[8.871s] [100%] [32m[1mLinking CXX shared library libdual_arm_lag_newton_planner.so[0m
[8.996s] [100%] Built target dual_arm_lag_newton_planner
[9.006s] Invoked command in '/home/dualarm/hiwin_ws/build/dual_arm_lag_newton_planner' returned '0': CMAKE_PREFIX_PATH=${CMAKE_PREFIX_PATH}:/home/dualarm/ws_moveit2/install/moveit_configs_utils:/home/dualarm/ws_moveit2/install/launch_param_builder:/opt/ros/humble /usr/bin/cmake --build /home/dualarm/hiwin_ws/build/dual_arm_lag_newton_planner -- -j16 -l16
[9.007s] Invoking command in '/home/dualarm/hiwin_ws/build/dual_arm_lag_newton_planner': CMAKE_PREFIX_PATH=${CMAKE_PREFIX_PATH}:/home/dualarm/ws_moveit2/install/moveit_configs_utils:/home/dualarm/ws_moveit2/install/launch_param_builder:/opt/ros/humble /usr/bin/cmake --install /home/dualarm/hiwin_ws/build/dual_arm_lag_newton_planner
[9.014s] -- Install configuration: "Release"
[9.014s] -- Up-to-date: /home/dualarm/hiwin_ws/install/dual_arm_lag_newton_planner/share/dual_arm_lag_newton_planner/dual_arm_lag_newton_planner.xml
[9.015s] -- Installing: /home/dualarm/hiwin_ws/install/dual_arm_lag_newton_planner/lib/libdual_arm_lag_newton_planner.so
[9.015s] -- Set runtime path of "/home/dualarm/hiwin_ws/install/dual_arm_lag_newton_planner/lib/libdual_arm_lag_newton_planner.so" to ""
[9.016s] -- Up-to-date: /home/dualarm/hiwin_ws/install/dual_arm_lag_newton_planner/include
[9.016s] -- Up-to-date: /home/dualarm/hiwin_ws/install/dual_arm_lag_newton_planner/include/dual_arm_lag_newton_planner
[9.016s] -- Up-to-date: /home/dualarm/hiwin_ws/install/dual_arm_lag_newton_planner/include/dual_arm_lag_newton_planner/planner_manager.hpp
[9.016s] -- Up-to-date: /home/dualarm/hiwin_ws/install/dual_arm_lag_newton_planner/include/dual_arm_lag_newton_planner/avoidance_system.hpp
[9.016s] -- Up-to-date: /home/dualarm/hiwin_ws/install/dual_arm_lag_newton_planner/include/dual_arm_lag_newton_planner/newton_solver.hpp
[9.016s] -- Up-to-date: /home/dualarm/hiwin_ws/install/dual_arm_lag_newton_planner/include/dual_arm_lag_newton_planner/data_io.hpp
[9.016s] -- Up-to-date: /home/dualarm/hiwin_ws/install/dual_arm_lag_newton_planner/share/dual_arm_lag_newton_planner/config
[9.016s] -- Up-to-date: /home/dualarm/hiwin_ws/install/dual_arm_lag_newton_planner/share/dual_arm_lag_newton_planner/config/dual_arm_lag_newton_planning.yaml
[9.016s] -- Up-to-date: /home/dualarm/hiwin_ws/install/dual_arm_lag_newton_planner/share/dual_arm_lag_newton_planner/environment/library_path.sh
[9.016s] -- Installing: /home/dualarm/hiwin_ws/install/dual_arm_lag_newton_planner/share/dual_arm_lag_newton_planner/environment/library_path.dsv
[9.016s] -- Up-to-date: /home/dualarm/hiwin_ws/install/dual_arm_lag_newton_planner/share/ament_index/resource_index/package_run_dependencies/dual_arm_lag_newton_planner
[9.017s] -- Up-to-date: /home/dualarm/hiwin_ws/install/dual_arm_lag_newton_planner/share/ament_index/resource_index/parent_prefix_path/dual_arm_lag_newton_planner
[9.017s] -- Up-to-date: /home/dualarm/hiwin_ws/install/dual_arm_lag_newton_planner/share/dual_arm_lag_newton_planner/environment/ament_prefix_path.sh
[9.017s] -- Installing: /home/dualarm/hiwin_ws/install/dual_arm_lag_newton_planner/share/dual_arm_lag_newton_planner/environment/ament_prefix_path.dsv
[9.017s] -- Up-to-date: /home/dualarm/hiwin_ws/install/dual_arm_lag_newton_planner/share/dual_arm_lag_newton_planner/environment/path.sh
[9.017s] -- Installing: /home/dualarm/hiwin_ws/install/dual_arm_lag_newton_planner/share/dual_arm_lag_newton_planner/environment/path.dsv
[9.017s] -- Up-to-date: /home/dualarm/hiwin_ws/install/dual_arm_lag_newton_planner/share/dual_arm_lag_newton_planner/local_setup.bash
[9.017s] -- Up-to-date: /home/dualarm/hiwin_ws/install/dual_arm_lag_newton_planner/share/dual_arm_lag_newton_planner/local_setup.sh
[9.017s] -- Up-to-date: /home/dualarm/hiwin_ws/install/dual_arm_lag_newton_planner/share/dual_arm_lag_newton_planner/local_setup.zsh
[9.017s] -- Installing: /home/dualarm/hiwin_ws/install/dual_arm_lag_newton_planner/share/dual_arm_lag_newton_planner/local_setup.dsv
[9.017s] -- Installing: /home/dualarm/hiwin_ws/install/dual_arm_lag_newton_planner/share/dual_arm_lag_newton_planner/package.dsv
[9.017s] -- Up-to-date: /home/dualarm/hiwin_ws/install/dual_arm_lag_newton_planner/share/ament_index/resource_index/packages/dual_arm_lag_newton_planner
[9.017s] -- Up-to-date: /home/dualarm/hiwin_ws/install/dual_arm_lag_newton_planner/share/ament_index/resource_index/moveit_core__pluginlib__plugin/dual_arm_lag_newton_planner
[9.017s] -- Up-to-date: /home/dualarm/hiwin_ws/install/dual_arm_lag_newton_planner/share/dual_arm_lag_newton_planner/cmake/ament_cmake_export_libraries-extras.cmake
[9.018s] -- Up-to-date: /home/dualarm/hiwin_ws/install/dual_arm_lag_newton_planner/share/dual_arm_lag_newton_planner/cmake/ament_cmake_export_dependencies-extras.cmake
[9.018s] -- Up-to-date: /home/dualarm/hiwin_ws/install/dual_arm_lag_newton_planner/share/dual_arm_lag_newton_planner/cmake/dual_arm_lag_newton_plannerConfig.cmake
[9.018s] -- Up-to-date: /home/dualarm/hiwin_ws/install/dual_arm_lag_newton_planner/share/dual_arm_lag_newton_planner/cmake/dual_arm_lag_newton_plannerConfig-version.cmake
[9.018s] -- Up-to-date: /home/dualarm/hiwin_ws/install/dual_arm_lag_newton_planner/share/dual_arm_lag_newton_planner/package.xml
[9.019s] Invoked command in '/home/dualarm/hiwin_ws/build/dual_arm_lag_newton_planner' returned '0': CMAKE_PREFIX_PATH=${CMAKE_PREFIX_PATH}:/home/dualarm/ws_moveit2/install/moveit_configs_utils:/home/dualarm/ws_moveit2/install/launch_param_builder:/opt/ros/humble /usr/bin/cmake --install /home/dualarm/hiwin_ws/build/dual_arm_lag_newton_planner
